[0.109s] Invoking command in '/home/sentry_ws/src/build/gazebo_msgs': CMAKE_PREFIX_PATH=${CMAKE_PREFIX_PATH}:/home/sentry_ws/install/control_panel:/opt/ros/humble /usr/bin/cmake --build /home/sentry_ws/src/build/gazebo_msgs -- -j16 -l16
[0.711s] [  0%] [34m[1mGenerating C code for ROS interfaces[0m
[0.711s] [  0%] [34m[1mGenerating C++ code for ROS interfaces[0m
[0.711s] [  0%] Built target ament_cmake_python_copy_gazebo_msgs
[0.742s] running egg_info
[0.742s] creating gazebo_msgs.egg-info
[0.743s] writing gazebo_msgs.egg-info/PKG-INFO
[0.743s] writing dependency_links to gazebo_msgs.egg-info/dependency_links.txt
[0.743s] writing top-level names to gazebo_msgs.egg-info/top_level.txt
[0.743s] writing manifest file 'gazebo_msgs.egg-info/SOURCES.txt'
[0.746s] reading manifest file 'gazebo_msgs.egg-info/SOURCES.txt'
[0.746s] writing manifest file 'gazebo_msgs.egg-info/SOURCES.txt'
[0.799s] [  0%] Built target ament_cmake_python_build_gazebo_msgs_egg
[3.294s] gmake[2]: *** Deleting file 'rosidl_generator_cpp/gazebo_msgs/msg/contact_state.hpp'
[3.294s] Traceback (most recent call last):
[3.294s] gmake[2]: *** Deleting file 'rosidl_generator_c/gazebo_msgs/msg/contact_state.h'
[3.294s]   File "/opt/ros/humble/share/rosidl_generator_cpp/cmake/../../../lib/rosidl_generator_cpp/rosidl_generator_cpp", line 38, in <module>
[3.294s]     sys.exit(main())
[3.294s]   File "/opt/ros/humble/share/rosidl_generator_cpp/cmake/../../../lib/rosidl_generator_cpp/rosidl_generator_cpp", line 34, in main
[3.294s]     generate_cpp(args.generator_arguments_file)
[3.294s]   File "/opt/ros/humble/local/lib/python3.10/dist-packages/rosidl_generator_cpp/__init__.py", line 38, in generate_cpp
[3.294s]     return generate_files(
[3.294s]   File "/opt/ros/humble/local/lib/python3.10/dist-packages/rosidl_cmake/__init__.py", line 87, in generate_files
[3.294s]     expand_template(
[3.294s]   File "/opt/ros/humble/local/lib/python3.10/dist-packages/rosidl_cmake/__init__.py", line 149, in expand_template
[3.294s]     interpreter.string(template_content, template_path, locals=data)
[3.294s]   File "/usr/lib/python3/dist-packages/em.py", line 2391, in string
[3.312s] Exception ignored in: <function Interpreter.__del__ at 0x7f1c9759c1f0>
[3.312s] Traceback (most recent call last):
[3.312s]   File "/usr/lib/python3/dist-packages/em.py", line 2093, in __del__
[3.406s]     def __del__(self):
[3.407s] KeyboardInterrupt: 
[3.407s]     self.safe(scanner, True, locals)
[3.407s]   File "/usr/lib/python3/dist-packages/em.py", line 2401, in safe
[3.410s]     self.parse(scanner, locals)
[3.410s]   File "/usr/lib/python3/dist-packages/em.py", line 2421, in parse
[3.410s]     token.run(self, locals)
[3.410s]   File "/usr/lib/python3/dist-packages/em.py", line 1547, in run
[3.410s]     self.subrun(info[0][1], interpreter, locals)
[3.410s]   File "/usr/lib/python3/dist-packages/em.py", line 1631, in subrun
[3.411s]     token.run(interpreter, locals)
[3.411s]   File "/usr/lib/python3/dist-packages/em.py", line 1425, in run
[3.411s]     interpreter.execute(self.code, locals)
[3.411s]   File "/usr/lib/python3/dist-packages/em.py", line 2596, in execute
[3.411s]     _exec(statements, self.globals, locals)
[3.411s]   File "<string>", line 2, in <module>
[3.411s]   File "/opt/ros/humble/local/lib/python3.10/dist-packages/rosidl_cmake/__init__.py", line 198, in _expand_template
[3.412s]     interpreter.string(content, str(template_path), kwargs)
[3.412s]   File "/usr/lib/python3/dist-packages/em.py", line 2391, in string
[3.412s]     self.safe(scanner, True, locals)
[3.412s]   File "/usr/lib/python3/dist-packages/em.py", line 2401, in safe
[3.412s]     self.parse(scanner, locals)
[3.412s]   File "/usr/lib/python3/dist-packages/em.py", line 2421, in parse
[3.412s]     token.run(self, locals)
[3.412s]   File "/usr/lib/python3/dist-packages/em.py", line 1526, in run
[3.413s]     if interpreter.evaluate(secondary.rest, locals):
[3.413s]   File "/usr/lib/python3/dist-packages/em.py", line 2573, in evaluate
[3.413s]     result = eval(expression, self.globals, locals)
[3.413s]   File "<string>", line 1, in <module>
[3.413s] KeyboardInterrupt
[3.428s] Exception ignored in: <function Interpreter.__del__ at 0x7f7db8438430>
[3.428s] Traceback (most recent call last):
[3.428s]   File "/usr/lib/python3/dist-packages/em.py", line 2094, in __del__
[3.429s]   File "/usr/lib/python3/dist-packages/em.py", line 2157, in shutdown
[3.429s]   File "/usr/lib/python3/dist-packages/em.py", line 2647, in finalize
[3.429s]   File "/usr/lib/python3/dist-packages/em.py", line 2200, in push
[3.429s] AttributeError: '_io.TextIOWrapper' object has no attribute 'push'
[3.436s] gmake[2]: *** [CMakeFiles/gazebo_msgs__cpp.dir/build.make:366: rosidl_generator_cpp/gazebo_msgs/msg/contact_state.hpp] Interrupt
[3.437s] gmake[1]: *** [CMakeFiles/Makefile2:265: CMakeFiles/gazebo_msgs__cpp.dir/all] Interrupt
[5.993s] gmake[1]: *** [CMakeFiles/Makefile2:212: CMakeFiles/gazebo_msgs__rosidl_generator_c.dir/all] Interrupt
[5.993s] gmake: *** [Makefile:146: all] Interrupt
