[  2%] Built target lexy_file
[  3%] [32mBuilding CXX object gtest/CMakeFiles/gtest.dir/src/gtest-all.cc.o[0m
[  5%] Built target gtest_main
[35m[1mConsolidate compiler generated dependencies of target behaviortree_cpp[0m
[  5%] [32mBuilding CXX object CMakeFiles/behaviortree_cpp.dir/src/action_node.cpp.o[0m
[  6%] [32mBuilding CXX object CMakeFiles/behaviortree_cpp.dir/src/behavior_tree.cpp.o[0m
[  7%] [32mBuilding CXX object CMakeFiles/behaviortree_cpp.dir/src/blackboard.cpp.o[0m
[  7%] [32mBuilding CXX object CMakeFiles/behaviortree_cpp.dir/src/bt_factory.cpp.o[0m
[  8%] [32mBuilding CXX object CMakeFiles/behaviortree_cpp.dir/src/decorator_node.cpp.o[0m
[  9%] [32mBuilding CXX object CMakeFiles/behaviortree_cpp.dir/src/control_node.cpp.o[0m
[ 10%] [32mBuilding CXX object CMakeFiles/behaviortree_cpp.dir/src/condition_node.cpp.o[0m
[ 10%] [32mBuilding CXX object CMakeFiles/behaviortree_cpp.dir/src/tree_node.cpp.o[0m
[ 11%] [32mBuilding CXX object CMakeFiles/behaviortree_cpp.dir/src/script_parser.cpp.o[0m
[ 12%] [32mBuilding CXX object CMakeFiles/behaviortree_cpp.dir/src/json_export.cpp.o[0m
[ 13%] [32mBuilding CXX object CMakeFiles/behaviortree_cpp.dir/src/xml_parsing.cpp.o[0m
[ 14%] [32mBuilding CXX object CMakeFiles/behaviortree_cpp.dir/src/actions/sleep_node.cpp.o[0m
[ 15%] [32mBuilding CXX object CMakeFiles/behaviortree_cpp.dir/src/decorators/delay_node.cpp.o[0m
[ 16%] [32mBuilding CXX object CMakeFiles/behaviortree_cpp.dir/src/decorators/inverter_node.cpp.o[0m
[ 17%] [32mBuilding CXX object CMakeFiles/behaviortree_cpp.dir/src/decorators/repeat_node.cpp.o[0m
[ 17%] [32mBuilding CXX object CMakeFiles/behaviortree_cpp.dir/src/decorators/retry_node.cpp.o[0m
[ 18%] [32mBuilding CXX object CMakeFiles/behaviortree_cpp.dir/src/decorators/timeout_node.cpp.o[0m
[ 19%] [32mBuilding CXX object CMakeFiles/behaviortree_cpp.dir/src/decorators/subtree_node.cpp.o[0m
[ 20%] [32mBuilding CXX object CMakeFiles/behaviortree_cpp.dir/src/controls/if_then_else_node.cpp.o[0m
[ 20%] [32mBuilding CXX object CMakeFiles/behaviortree_cpp.dir/src/controls/fallback_node.cpp.o[0m
[ 21%] [32mBuilding CXX object CMakeFiles/behaviortree_cpp.dir/src/controls/parallel_node.cpp.o[0m
[ 22%] [32mBuilding CXX object CMakeFiles/behaviortree_cpp.dir/src/controls/parallel_all_node.cpp.o[0m
[ 23%] [32mBuilding CXX object CMakeFiles/behaviortree_cpp.dir/src/controls/reactive_sequence.cpp.o[0m
[ 24%] [32mBuilding CXX object CMakeFiles/behaviortree_cpp.dir/src/controls/reactive_fallback.cpp.o[0m
[ 24%] [32mBuilding CXX object CMakeFiles/behaviortree_cpp.dir/src/controls/sequence_node.cpp.o[0m
[ 25%] [32mBuilding CXX object CMakeFiles/behaviortree_cpp.dir/src/controls/sequence_with_memory_node.cpp.o[0m
[ 26%] [32mBuilding CXX object CMakeFiles/behaviortree_cpp.dir/src/controls/switch_node.cpp.o[0m
[ 27%] [32mBuilding CXX object CMakeFiles/behaviortree_cpp.dir/src/controls/while_do_else_node.cpp.o[0m
[ 28%] [32mBuilding CXX object CMakeFiles/behaviortree_cpp.dir/src/loggers/bt_cout_logger.cpp.o[0m
[ 28%] [32mBuilding CXX object CMakeFiles/behaviortree_cpp.dir/src/loggers/bt_file_logger_v2.cpp.o[0m
[ 29%] [32mBuilding CXX object CMakeFiles/behaviortree_cpp.dir/src/loggers/bt_minitrace_logger.cpp.o[0m
[ 30%] [32mBuilding CXX object CMakeFiles/behaviortree_cpp.dir/src/loggers/bt_observer.cpp.o[0m
[ 31%] [32mBuilding CXX object CMakeFiles/behaviortree_cpp.dir/3rdparty/tinyxml2/tinyxml2.cpp.o[0m
[ 31%] [32mBuilding CXX object CMakeFiles/behaviortree_cpp.dir/3rdparty/minitrace/minitrace.cpp.o[0m
[ 32%] [32mBuilding CXX object CMakeFiles/behaviortree_cpp.dir/src/loggers/groot2_publisher.cpp.o[0m
[ 33%] [32mBuilding CXX object CMakeFiles/behaviortree_cpp.dir/src/loggers/bt_sqlite_logger.cpp.o[0m
[ 34%] [32mBuilding CXX object CMakeFiles/behaviortree_cpp.dir/src/shared_library_UNIX.cpp.o[0m
[ 34%] [32m[1mLinking CXX static library libgtest.a[0m
[ 34%] Built target gtest
[ 35%] [32m[1mLinking CXX shared library libbehaviortree_cpp.so[0m
[ 37%] Built target behaviortree_cpp
[ 38%] [32mBuilding CXX object sample_nodes/CMakeFiles/bt_sample_nodes.dir/crossdoor_nodes.cpp.o[0m
[ 39%] [32mBuilding CXX object sample_nodes/CMakeFiles/bt_sample_nodes.dir/movebase_node.cpp.o[0m
[ 40%] [32mBuilding CXX object sample_nodes/CMakeFiles/bt_sample_nodes.dir/dummy_nodes.cpp.o[0m
[ 40%] [32m[1mLinking CXX static library lib/libbt_sample_nodes.a[0m
[ 40%] Built target bt_sample_nodes
[ 41%] [32mBuilding CXX object examples/CMakeFiles/t13_plugin_action.dir/t13_plugin_action.cpp.o[0m
[ 42%] [32m[1mLinking CXX shared library t13_plugin_action.so[0m
[ 42%] Built target t13_plugin_action
[ 42%] [32mBuilding CXX object examples/CMakeFiles/t08_additional_node_args.dir/t08_additional_node_args.cpp.o[0m
[ 43%] [32m[1mLinking CXX executable t08_additional_node_args[0m
[ 43%] Built target t08_additional_node_args
[ 44%] [32mBuilding CXX object examples/CMakeFiles/t09_scripting.dir/t09_scripting.cpp.o[0m
[ 45%] [32m[1mLinking CXX executable t09_scripting[0m
[ 45%] Built target t09_scripting
[ 45%] [32mBuilding CXX object examples/CMakeFiles/t10_observer.dir/t10_observer.cpp.o[0m
[ 46%] [32m[1mLinking CXX executable t10_observer[0m
[ 46%] Built target t10_observer
[ 47%] [32mBuilding CXX object examples/CMakeFiles/t11_replace_rules.dir/t11_replace_rules.cpp.o[0m
[ 48%] [32m[1mLinking CXX executable t11_replace_rules[0m
[ 48%] Built target t11_replace_rules
[ 49%] [32mBuilding CXX object examples/CMakeFiles/t12_groot_howto.dir/t12_groot_howto.cpp.o[0m
[ 50%] [32mBuilding CXX object examples/CMakeFiles/generate_log.dir/generate_log.cpp.o[0m
[ 50%] [32m[1mLinking CXX executable t12_groot_howto[0m
[ 51%] [32mBuilding CXX object examples/CMakeFiles/t07_load_multiple_xml.dir/t07_load_multiple_xml.cpp.o[0m
[ 51%] Built target t12_groot_howto
[ 52%] [32mBuilding CXX object examples/CMakeFiles/t06_subtree_port_remapping.dir/t06_subtree_port_remapping.cpp.o[0m
[ 53%] [32m[1mLinking CXX executable generate_log[0m
[ 53%] Built target generate_log
[ 54%] [32mBuilding CXX object examples/CMakeFiles/ex02_runtime_ports.dir/ex02_runtime_ports.cpp.o[0m
[ 55%] [32m[1mLinking CXX executable t07_load_multiple_xml[0m
[ 55%] Built target t07_load_multiple_xml
[ 57%] [32mBuilding CXX object examples/CMakeFiles/t05_crossdoor.dir/t05_crossdoor.cpp.o[0m
[ 57%] [32mBuilding CXX object examples/CMakeFiles/t04_reactive_sequence.dir/t04_reactive_sequence.cpp.o[0m
[ 58%] [32mBuilding CXX object examples/CMakeFiles/ex01_wrap_legacy.dir/ex01_wrap_legacy.cpp.o[0m
[ 59%] [32m[1mLinking CXX executable t06_subtree_port_remapping[0m
[ 59%] Built target t06_subtree_port_remapping
[ 60%] [32mBuilding CXX object examples/CMakeFiles/ex04_waypoints.dir/ex04_waypoints.cpp.o[0m
[ 60%] [32mBuilding CXX object examples/CMakeFiles/t03_generic_ports.dir/t03_generic_ports.cpp.o[0m
[ 60%] [32mBuilding CXX object examples/CMakeFiles/t01_first_tree_static.dir/t01_build_your_first_tree.cpp.o[0m
[ 61%] [32mBuilding CXX object examples/CMakeFiles/t02_basic_ports.dir/t02_basic_ports.cpp.o[0m
[ 61%] [32mBuilding CXX object tests/CMakeFiles/behaviortree_cpp_test.dir/src/action_test_node.cpp.o[0m
[ 61%] [32m[1mLinking CXX executable t05_crossdoor[0m
[ 61%] Built target t05_crossdoor
[ 62%] [32mBuilding CXX object tests/CMakeFiles/behaviortree_cpp_test.dir/src/condition_test_node.cpp.o[0m
[ 63%] [32mBuilding CXX object examples/CMakeFiles/ex05_subtree_model.dir/ex05_subtree_model.cpp.o[0m
[ 64%] [32m[1mLinking CXX executable ex02_runtime_ports[0m
[ 65%] [32m[1mLinking CXX executable ex01_wrap_legacy[0m
[ 65%] Built target ex02_runtime_ports
[ 66%] [32mBuilding CXX object tests/CMakeFiles/behaviortree_cpp_test.dir/gtest_any.cpp.o[0m
[ 66%] Built target ex01_wrap_legacy
[ 67%] [32mBuilding CXX object tests/CMakeFiles/behaviortree_cpp_test.dir/gtest_blackboard.cpp.o[0m
[ 68%] [32mBuilding CXX object examples/CMakeFiles/t01_first_tree_dynamic.dir/t01_build_your_first_tree.cpp.o[0m
[ 68%] [32mBuilding CXX object tools/CMakeFiles/bt4_plugin_manifest.dir/bt_plugin_manifest.cpp.o[0m
[ 69%] [32mBuilding CXX object tools/CMakeFiles/bt4_log_cat.dir/bt_log_cat.cpp.o[0m
[ 69%] [32mBuilding CXX object sample_nodes/CMakeFiles/movebase_node_dyn.dir/movebase_node.cpp.o[0m
[ 69%] [32mBuilding CXX object tests/CMakeFiles/behaviortree_cpp_test.dir/gtest_coroutines.cpp.o[0m
[ 70%] [32mBuilding CXX object tests/CMakeFiles/behaviortree_cpp_test.dir/gtest_decorator.cpp.o[0m
[ 71%] [32m[1mLinking CXX executable t04_reactive_sequence[0m
[ 72%] [32m[1mLinking CXX executable bt4_log_cat[0m
[ 73%] [32m[1mLinking CXX executable t01_first_tree_static[0m
[ 74%] [32mBuilding CXX object sample_nodes/CMakeFiles/dummy_nodes_dyn.dir/dummy_nodes.cpp.o[0m
[ 74%] Built target t04_reactive_sequence
[ 75%] [32m[1mLinking CXX executable ex05_subtree_model[0m
[ 75%] Built target t01_first_tree_static
[ 75%] Built target bt4_log_cat
[ 76%] [32mBuilding CXX object tests/CMakeFiles/behaviortree_cpp_test.dir/gtest_enums.cpp.o[0m
[ 76%] [32mBuilding CXX object examples/CMakeFiles/ex06_access_by_ptr.dir/ex06_access_by_ptr.cpp.o[0m
[ 77%] [32mBuilding CXX object sample_nodes/CMakeFiles/crossdoor_nodes_dyn.dir/crossdoor_nodes.cpp.o[0m
[ 77%] Built target ex05_subtree_model
[ 78%] [32mBuilding CXX object tests/CMakeFiles/behaviortree_cpp_test.dir/gtest_factory.cpp.o[0m
[ 79%] [32mBuilding CXX object examples/CMakeFiles/t13_plugin_executor.dir/t13_plugin_executor.cpp.o[0m
[ 80%] [32m[1mLinking CXX executable t02_basic_ports[0m
[ 81%] [32m[1mLinking CXX executable bt4_plugin_manifest[0m
[ 82%] [32m[1mLinking CXX executable t01_first_tree_dynamic[0m
[ 82%] [32m[1mLinking CXX executable t03_generic_ports[0m
[ 82%] Built target t02_basic_ports
[ 83%] [32m[1mLinking CXX executable ex04_waypoints[0m
[ 83%] Built target bt4_plugin_manifest
[ 83%] Built target t01_first_tree_dynamic
[ 83%] Built target t03_generic_ports
[ 83%] Built target ex04_waypoints
[ 84%] [32m[1mLinking CXX shared library bin/libmovebase_node_dyn.so[0m
[ 85%] [32m[1mLinking CXX shared library bin/libcrossdoor_nodes_dyn.so[0m
[ 85%] Built target movebase_node_dyn
[ 85%] Built target crossdoor_nodes_dyn
[ 86%] [32m[1mLinking CXX executable t13_plugin_executor[0m
[ 86%] [32m[1mLinking CXX shared library bin/libdummy_nodes_dyn.so[0m
[ 86%] Built target dummy_nodes_dyn
[ 86%] Built target t13_plugin_executor
[ 87%] [32m[1mLinking CXX executable ex06_access_by_ptr[0m
[ 87%] Built target ex06_access_by_ptr
[ 88%] [32mBuilding CXX object tests/CMakeFiles/behaviortree_cpp_test.dir/gtest_tree.cpp.o[0m
[ 89%] [32mBuilding CXX object tests/CMakeFiles/behaviortree_cpp_test.dir/gtest_switch.cpp.o[0m
[ 90%] [32mBuilding CXX object tests/CMakeFiles/behaviortree_cpp_test.dir/gtest_wakeup.cpp.o[0m
[ 91%] [32mBuilding CXX object tests/CMakeFiles/behaviortree_cpp_test.dir/gtest_subtree.cpp.o[0m
[ 91%] [32mBuilding CXX object tests/CMakeFiles/behaviortree_cpp_test.dir/script_parser_test.cpp.o[0m
[ 92%] [32mBuilding CXX object tests/CMakeFiles/behaviortree_cpp_test.dir/gtest_sequence.cpp.o[0m
[ 92%] [32mBuilding CXX object tests/CMakeFiles/behaviortree_cpp_test.dir/gtest_substitution.cpp.o[0m
[ 93%] [32mBuilding CXX object tests/CMakeFiles/behaviortree_cpp_test.dir/gtest_skipping.cpp.o[0m
[ 94%] [32mBuilding CXX object tests/CMakeFiles/behaviortree_cpp_test.dir/gtest_reactive.cpp.o[0m
[ 95%] [32mBuilding CXX object tests/CMakeFiles/behaviortree_cpp_test.dir/gtest_match.cpp.o[0m
[ 95%] [32mBuilding CXX object tests/CMakeFiles/behaviortree_cpp_test.dir/gtest_json.cpp.o[0m
[ 96%] [32mBuilding CXX object tests/CMakeFiles/behaviortree_cpp_test.dir/gtest_postconditions.cpp.o[0m
[ 97%] [32mBuilding CXX object tests/CMakeFiles/behaviortree_cpp_test.dir/gtest_ports.cpp.o[0m
[ 98%] [32mBuilding CXX object tests/CMakeFiles/behaviortree_cpp_test.dir/gtest_parallel.cpp.o[0m
[ 98%] [32mBuilding CXX object tests/CMakeFiles/behaviortree_cpp_test.dir/gtest_preconditions.cpp.o[0m
[ 99%] [32mBuilding CXX object tests/CMakeFiles/behaviortree_cpp_test.dir/gtest_fallback.cpp.o[0m
[100%] [32m[1mLinking CXX executable behaviortree_cpp_test[0m
[100%] Built target behaviortree_cpp_test
-- Install configuration: "Release"
-- Installing: /home/sentry_ws/src/install/behaviortree_cpp/bin/bt4_log_cat
-- Set runtime path of "/home/sentry_ws/src/install/behaviortree_cpp/bin/bt4_log_cat" to ""
-- Installing: /home/sentry_ws/src/install/behaviortree_cpp/bin/bt4_plugin_manifest
-- Set runtime path of "/home/sentry_ws/src/install/behaviortree_cpp/bin/bt4_plugin_manifest" to ""
-- Installing: /home/sentry_ws/src/install/behaviortree_cpp/lib/libbehaviortree_cpp.so
-- Set runtime path of "/home/sentry_ws/src/install/behaviortree_cpp/lib/libbehaviortree_cpp.so" to ""
-- Installing: /home/sentry_ws/src/install/behaviortree_cpp/include
-- Installing: /home/sentry_ws/src/install/behaviortree_cpp/include/behaviortree_cpp
-- Installing: /home/sentry_ws/src/install/behaviortree_cpp/include/behaviortree_cpp/json_export.h
-- Installing: /home/sentry_ws/src/install/behaviortree_cpp/include/behaviortree_cpp/utils
-- Installing: /home/sentry_ws/src/install/behaviortree_cpp/include/behaviortree_cpp/utils/convert_impl.hpp
-- Installing: /home/sentry_ws/src/install/behaviortree_cpp/include/behaviortree_cpp/utils/wakeup_signal.hpp
-- Installing: /home/sentry_ws/src/install/behaviortree_cpp/include/behaviortree_cpp/utils/signal.h
-- Installing: /home/sentry_ws/src/install/behaviortree_cpp/include/behaviortree_cpp/utils/safe_any.hpp
-- Installing: /home/sentry_ws/src/install/behaviortree_cpp/include/behaviortree_cpp/utils/simple_string.hpp
-- Installing: /home/sentry_ws/src/install/behaviortree_cpp/include/behaviortree_cpp/utils/timer_queue.h
-- Installing: /home/sentry_ws/src/install/behaviortree_cpp/include/behaviortree_cpp/utils/demangle_util.h
-- Installing: /home/sentry_ws/src/install/behaviortree_cpp/include/behaviortree_cpp/utils/strcat.hpp
-- Installing: /home/sentry_ws/src/install/behaviortree_cpp/include/behaviortree_cpp/utils/shared_library.h
-- Installing: /home/sentry_ws/src/install/behaviortree_cpp/include/behaviortree_cpp/utils/platform.hpp
-- Installing: /home/sentry_ws/src/install/behaviortree_cpp/include/behaviortree_cpp/utils/locked_reference.hpp
-- Installing: /home/sentry_ws/src/install/behaviortree_cpp/include/behaviortree_cpp/flatbuffers
-- Installing: /home/sentry_ws/src/install/behaviortree_cpp/include/behaviortree_cpp/flatbuffers/base.h
-- Installing: /home/sentry_ws/src/install/behaviortree_cpp/include/behaviortree_cpp/flatbuffers/flatbuffers.h
-- Installing: /home/sentry_ws/src/install/behaviortree_cpp/include/behaviortree_cpp/flatbuffers/bt_flatbuffer_helper.h
-- Installing: /home/sentry_ws/src/install/behaviortree_cpp/include/behaviortree_cpp/flatbuffers/stl_emulation.h
-- Installing: /home/sentry_ws/src/install/behaviortree_cpp/include/behaviortree_cpp/flatbuffers/BT_logger_generated.h
-- Installing: /home/sentry_ws/src/install/behaviortree_cpp/include/behaviortree_cpp/bt_parser.h
-- Installing: /home/sentry_ws/src/install/behaviortree_cpp/include/behaviortree_cpp/condition_node.h
-- Installing: /home/sentry_ws/src/install/behaviortree_cpp/include/behaviortree_cpp/basic_types.h
-- Installing: /home/sentry_ws/src/install/behaviortree_cpp/include/behaviortree_cpp/action_node.h
-- Installing: /home/sentry_ws/src/install/behaviortree_cpp/include/behaviortree_cpp/decorator_node.h
-- Installing: /home/sentry_ws/src/install/behaviortree_cpp/include/behaviortree_cpp/tree_node.h
-- Installing: /home/sentry_ws/src/install/behaviortree_cpp/include/behaviortree_cpp/controls
-- Installing: /home/sentry_ws/src/install/behaviortree_cpp/include/behaviortree_cpp/controls/reactive_sequence.h
-- Installing: /home/sentry_ws/src/install/behaviortree_cpp/include/behaviortree_cpp/controls/if_then_else_node.h
-- Installing: /home/sentry_ws/src/install/behaviortree_cpp/include/behaviortree_cpp/controls/parallel_all_node.h
-- Installing: /home/sentry_ws/src/install/behaviortree_cpp/include/behaviortree_cpp/controls/sequence_node.h
-- Installing: /home/sentry_ws/src/install/behaviortree_cpp/include/behaviortree_cpp/controls/switch_node.h
-- Installing: /home/sentry_ws/src/install/behaviortree_cpp/include/beh