[0.092s] Invoking command in '/home/sentry_ws/src/build/behaviortree_cpp': CMAKE_PREFIX_PATH=${CMAKE_PREFIX_PATH}:/home/sentry_ws/install/control_panel:/opt/ros/humble /usr/bin/cmake --build /home/sentry_ws/src/build/behaviortree_cpp -- -j16 -l16
[0.884s] [  2%] Built target lexy_file
[0.884s] [  3%] [32mBuilding CXX object gtest/CMakeFiles/gtest.dir/src/gtest-all.cc.o[0m
[0.884s] [  5%] Built target gtest_main
[0.884s] [35m[1mConsolidate compiler generated dependencies of target behaviortree_cpp[0m
[0.884s] [  5%] [32mBuilding CXX object CMakeFiles/behaviortree_cpp.dir/src/action_node.cpp.o[0m
[0.884s] [  6%] [32mBuilding CXX object CMakeFiles/behaviortree_cpp.dir/src/behavior_tree.cpp.o[0m
[0.884s] [  7%] [32mBuilding CXX object CMakeFiles/behaviortree_cpp.dir/src/blackboard.cpp.o[0m
[0.884s] [  7%] [32mBuilding CXX object CMakeFiles/behaviortree_cpp.dir/src/bt_factory.cpp.o[0m
[0.885s] [  8%] [32mBuilding CXX object CMakeFiles/behaviortree_cpp.dir/src/decorator_node.cpp.o[0m
[0.885s] [  9%] [32mBuilding CXX object CMakeFiles/behaviortree_cpp.dir/src/control_node.cpp.o[0m
[0.885s] [ 10%] [32mBuilding CXX object CMakeFiles/behaviortree_cpp.dir/src/condition_node.cpp.o[0m
[0.885s] [ 10%] [32mBuilding CXX object CMakeFiles/behaviortree_cpp.dir/src/tree_node.cpp.o[0m
[0.885s] [ 11%] [32mBuilding CXX object CMakeFiles/behaviortree_cpp.dir/src/script_parser.cpp.o[0m
[0.885s] [ 12%] [32mBuilding CXX object CMakeFiles/behaviortree_cpp.dir/src/json_export.cpp.o[0m
[0.885s] [ 13%] [32mBuilding CXX object CMakeFiles/behaviortree_cpp.dir/src/xml_parsing.cpp.o[0m
[0.885s] [ 14%] [32mBuilding CXX object CMakeFiles/behaviortree_cpp.dir/src/actions/sleep_node.cpp.o[0m
[0.885s] [ 15%] [32mBuilding CXX object CMakeFiles/behaviortree_cpp.dir/src/decorators/delay_node.cpp.o[0m
[0.885s] [ 16%] [32mBuilding CXX object CMakeFiles/behaviortree_cpp.dir/src/decorators/inverter_node.cpp.o[0m
[0.885s] [ 17%] [32mBuilding CXX object CMakeFiles/behaviortree_cpp.dir/src/decorators/repeat_node.cpp.o[0m
[3.511s] [ 17%] [32mBuilding CXX object CMakeFiles/behaviortree_cpp.dir/src/decorators/retry_node.cpp.o[0m
[4.542s] [ 18%] [32mBuilding CXX object CMakeFiles/behaviortree_cpp.dir/src/decorators/timeout_node.cpp.o[0m
[4.728s] [ 19%] [32mBuilding CXX object CMakeFiles/behaviortree_cpp.dir/src/decorators/subtree_node.cpp.o[0m
[5.048s] [ 20%] [32mBuilding CXX object CMakeFiles/behaviortree_cpp.dir/src/controls/if_then_else_node.cpp.o[0m
[5.370s] [ 20%] [32mBuilding CXX object CMakeFiles/behaviortree_cpp.dir/src/controls/fallback_node.cpp.o[0m
[5.959s] [ 21%] [32mBuilding CXX object CMakeFiles/behaviortree_cpp.dir/src/controls/parallel_node.cpp.o[0m
[6.545s] [ 22%] [32mBuilding CXX object CMakeFiles/behaviortree_cpp.dir/src/controls/parallel_all_node.cpp.o[0m
[7.143s] [ 23%] [32mBuilding CXX object CMakeFiles/behaviortree_cpp.dir/src/controls/reactive_sequence.cpp.o[0m
[7.530s] [ 24%] [32mBuilding CXX object CMakeFiles/behaviortree_cpp.dir/src/controls/reactive_fallback.cpp.o[0m
[7.840s] [ 24%] [32mBuilding CXX object CMakeFiles/behaviortree_cpp.dir/src/controls/sequence_node.cpp.o[0m
[8.098s] [ 25%] [32mBuilding CXX object CMakeFiles/behaviortree_cpp.dir/src/controls/sequence_with_memory_node.cpp.o[0m
[8.114s] [ 26%] [32mBuilding CXX object CMakeFiles/behaviortree_cpp.dir/src/controls/switch_node.cpp.o[0m
[8.596s] [ 27%] [32mBuilding CXX object CMakeFiles/behaviortree_cpp.dir/src/controls/while_do_else_node.cpp.o[0m
[8.943s] [ 28%] [32mBuilding CXX object CMakeFiles/behaviortree_cpp.dir/src/loggers/bt_cout_logger.cpp.o[0m
[8.956s] [ 28%] [32mBuilding CXX object CMakeFiles/behaviortree_cpp.dir/src/loggers/bt_file_logger_v2.cpp.o[0m
[9.269s] [ 29%] [32mBuilding CXX object CMakeFiles/behaviortree_cpp.dir/src/loggers/bt_minitrace_logger.cpp.o[0m
[9.824s] [ 30%] [32mBuilding CXX object CMakeFiles/behaviortree_cpp.dir/src/loggers/bt_observer.cpp.o[0m
[9.871s] [ 31%] [32mBuilding CXX object CMakeFiles/behaviortree_cpp.dir/3rdparty/tinyxml2/tinyxml2.cpp.o[0m
[11.385s] [ 31%] [32mBuilding CXX object CMakeFiles/behaviortree_cpp.dir/3rdparty/minitrace/minitrace.cpp.o[0m
[11.395s] [ 32%] [32mBuilding CXX object CMakeFiles/behaviortree_cpp.dir/src/loggers/groot2_publisher.cpp.o[0m
[11.721s] [ 33%] [32mBuilding CXX object CMakeFiles/behaviortree_cpp.dir/src/loggers/bt_sqlite_logger.cpp.o[0m
[11.915s] [ 34%] [32mBuilding CXX object CMakeFiles/behaviortree_cpp.dir/src/shared_library_UNIX.cpp.o[0m
[16.437s] [ 34%] [32m[1mLinking CXX static library libgtest.a[0m
[16.589s] [ 34%] Built target gtest
[29.172s] [ 35%] [32m[1mLinking CXX shared library libbehaviortree_cpp.so[0m
[29.895s] [ 37%] Built target behaviortree_cpp
[29.933s] [ 38%] [32mBuilding CXX object sample_nodes/CMakeFiles/bt_sample_nodes.dir/crossdoor_nodes.cpp.o[0m
[32.571s] [ 39%] [32mBuilding CXX object sample_nodes/CMakeFiles/bt_sample_nodes.dir/movebase_node.cpp.o[0m
[36.452s] [ 40%] [32mBuilding CXX object sample_nodes/CMakeFiles/bt_sample_nodes.dir/dummy_nodes.cpp.o[0m
[38.672s] [ 40%] [32m[1mLinking CXX static library lib/libbt_sample_nodes.a[0m
[38.903s] [ 40%] Built target bt_sample_nodes
[38.994s] [ 41%] [32mBuilding CXX object examples/CMakeFiles/t13_plugin_action.dir/t13_plugin_action.cpp.o[0m
[42.640s] [ 42%] [32m[1mLinking CXX shared library t13_plugin_action.so[0m
[42.814s] [ 42%] Built target t13_plugin_action
[42.887s] [ 42%] [32mBuilding CXX object examples/CMakeFiles/t08_additional_node_args.dir/t08_additional_node_args.cpp.o[0m
[45.856s] [ 43%] [32m[1mLinking CXX executable t08_additional_node_args[0m
[46.479s] [ 43%] Built target t08_additional_node_args
[46.582s] [ 44%] [32mBuilding CXX object examples/CMakeFiles/t09_scripting.dir/t09_scripting.cpp.o[0m
[48.915s] [ 45%] [32m[1mLinking CXX executable t09_scripting[0m
[49.545s] [ 45%] Built target t09_scripting
[49.677s] [ 45%] [32mBuilding CXX object examples/CMakeFiles/t10_observer.dir/t10_observer.cpp.o[0m
[51.736s] [ 46%] [32m[1mLinking CXX executable t10_observer[0m
[51.884s] [ 46%] Built target t10_observer
[52.024s] [ 47%] [32mBuilding CXX object examples/CMakeFiles/t11_replace_rules.dir/t11_replace_rules.cpp.o[0m
[53.922s] [ 48%] [32m[1mLinking CXX executable t11_replace_rules[0m
[54.393s] [ 48%] Built target t11_replace_rules
[54.554s] [ 49%] [32mBuilding CXX object examples/CMakeFiles/t12_groot_howto.dir/t12_groot_howto.cpp.o[0m
[56.720s] [ 50%] [32mBuilding CXX object examples/CMakeFiles/generate_log.dir/generate_log.cpp.o[0m
[58.747s] [ 50%] [32m[1mLinking CXX executable t12_groot_howto[0m
[59.140s] [ 51%] [32mBuilding CXX object examples/CMakeFiles/t07_load_multiple_xml.dir/t07_load_multiple_xml.cpp.o[0m
[59.239s] [ 51%] Built target t12_groot_howto
[59.451s] [ 52%] [32mBuilding CXX object examples/CMakeFiles/t06_subtree_port_remapping.dir/t06_subtree_port_remapping.cpp.o[0m
[59.487s] [ 53%] [32m[1mLinking CXX executable generate_log[0m
[59.661s] [ 53%] Built target generate_log
[60.748s] [ 54%] [32mBuilding CXX object examples/CMakeFiles/ex02_runtime_ports.dir/ex02_runtime_ports.cpp.o[0m
[60.990s] [ 55%] [32m[1mLinking CXX executable t07_load_multiple_xml[0m
[61.174s] [ 55%] Built target t07_load_multiple_xml
[61.208s] [ 57%] [32mBuilding CXX object examples/CMakeFiles/t05_crossdoor.dir/t05_crossdoor.cpp.o[0m
[61.208s] [ 57%] [32mBuilding CXX object examples/CMakeFiles/t04_reactive_sequence.dir/t04_reactive_sequence.cpp.o[0m
[61.210s] [ 58%] [32mBuilding CXX object examples/CMakeFiles/ex01_wrap_legacy.dir/ex01_wrap_legacy.cpp.o[0m
[62.243s] [ 59%] [32m[1mLinking CXX executable t06_subtree_port_remapping[0m
[62.430s] [ 59%] Built target t06_subtree_port_remapping
[62.443s] [ 60%] [32mBuilding CXX object examples/CMakeFiles/ex04_waypoints.dir/ex04_waypoints.cpp.o[0m
[62.443s] [ 60%] [32mBuilding CXX object examples/CMakeFiles/t03_generic_ports.dir/t03_generic_ports.cpp.o[0m
[62.463s] [ 60%] [32mBuilding CXX object examples/CMakeFiles/t01_first_tree_static.dir/t01_build_your_first_tree.cpp.o[0m
[62.466s] [ 61%] [32mBuilding CXX object examples/CMakeFiles/t02_basic_ports.dir/t02_basic_ports.cpp.o[0m
[62.518s] [ 61%] [32mBuilding CXX object tests/CMakeFiles/behaviortree_cpp_test.dir/src/action_test_node.cpp.o[0m
[62.757s] [ 61%] [32m[1mLinking CXX executable t05_crossdoor[0m
[62.909s] [ 61%] Built target t05_crossdoor
[62.921s] [ 62%] [32mBuilding CXX object tests/CMakeFiles/behaviortree_cpp_test.dir/src/condition_test_node.cpp.o[0m
[62.959s] [ 63%] [32mBuilding CXX object examples/CMakeFiles/ex05_subtree_model.dir/ex05_subtree_model.cpp.o[0m
[63.285s] [ 64%] [32m[1mLinking CXX executable ex02_runtime_ports[0m
[63.450s] [ 65%] [32m[1mLinking CXX executable ex01_wrap_legacy[0m
[63.558s] [ 65%] Built target ex02_runtime_ports
[63.573s] [ 66%] [32mBuilding CXX object tests/CMakeFiles/behaviortree_cpp_test.dir/gtest_any.cpp.o[0m
[63.633s] [ 66%] Built target ex01_wrap_legacy
[63.649s] [ 67%] [32mBuilding CXX object tests/CMakeFiles/behaviortree_cpp_test.dir/gtest_blackboard.cpp.o[0m
[63.727s] [ 68%] [32mBuilding CXX object examples/CMakeFiles/t01_first_tree_dynamic.dir/t01_build_your_first_tree.cpp.o[0m
[63.767s] [ 68%] [32mBuilding CXX object tools/CMakeFiles/bt4_plugin_manifest.dir/bt_plugin_manifest.cpp.o[0m
[63.774s] [ 69%] [32mBuilding CXX object tools/CMakeFiles/bt4_log_cat.dir/bt_log_cat.cpp.o[0m
[63.819s] [ 69%] [32mBuilding CXX object sample_nodes/CMakeFiles/movebase_node_dyn.dir/movebase_node.cpp.o[0m
[64.052s] [ 69%] [32mBuilding CXX object tests/CMakeFiles/behaviortree_cpp_test.dir/gtest_coroutines.cpp.o[0m
[64.575s] [ 70%] [32mBuilding CXX object tests/CMakeFiles/behaviortree_cpp_test.dir/gtest_decorator.cpp.o[0m
[65.094s] [ 71%] [32m[1mLinking CXX executable t04_reactive_sequence[0m
[65.373s] [ 72%] [32m[1mLinking CXX executable bt4_log_cat[0m
[65.380s] [ 73%] [32m[1mLinking CXX executable t01_first_tree_static[0m
[65.523s] [ 74%] [32mBuilding CXX object sample_nodes/CMakeFiles/dummy_nodes_dyn.dir/dummy_nodes.cpp.o[0m
[65.538s] [ 74%] Built target t04_reactive_sequence
[65.549s] [ 75%] [32m[1mLinking CXX executable ex05_subtree_model[0m
[65.798s] [ 75%] Built target t01_first_tree_static
[65.812s] [ 75%] Built target bt4_log_cat
[65.832s] [ 76%] [32mBuilding CXX object tests/CMakeFiles/behaviortree_cpp_test.dir/gtest_enums.cpp.o[0m
[65.893s] [ 76%] [32mBuilding CXX object examples/CMakeFiles/ex06_access_by_ptr.dir/ex06_access_by_ptr.cpp.o[0m
[65.903s] [ 77%] [32mBuilding CXX object sample_nodes/CMakeFiles/crossdoor_nodes_dyn.dir/crossdoor_nodes.cpp.o[0m
[65.961s] [ 77%] Built target ex05_subtree_model
[66.020s] [ 78%] [32mBuilding CXX object tests/CMakeFiles/behaviortree_cpp_test.dir/gtest_factory.cpp.o[0m
[66.158s] [ 79%] [32mBuilding CXX object examples/CMakeFiles/t13_plugin_executor.dir/t13_plugin_executor.cpp.o[0m
[66.285s] [ 80%] [32m[1mLinking CXX executable t02_basic_ports[0m
[66.435s] [ 81%] [32m[1mLinking CXX executable bt4_plugin_manifest[0m
[66.467s] [ 82%] [32m[1mLinking CXX executable t01_first_tree_dynamic[0m
[66.483s] [ 82%] [32m[1mLinking CXX executable t03_generic_ports[0m
[66.579s] [ 82%] Built target t02_basic_ports
[66.734s] [ 83%] [32m[1mLinking CXX executable ex04_waypoints[0m
[66.735s] [ 83%] Built target bt4_plugin_manifest
[66.778s] [ 83%] Built target t01_first_tree_dynamic
[66.778s] [ 83%] Built target t03_generic_ports
[66.939s] [ 83%] Built target ex04_waypoints
[68.110s] [ 84%] [32m[1mLinking CXX shared library bin/libmovebase_node_dyn.so[0m
[68.373s] [ 85%] [32m[1mLinking CXX shared library bin/libcrossdoor_nodes_dyn.so[0m
[68.432s] [ 85%] Built target movebase_node_dyn
[68.656s] [ 85%] Built target crossdoor_nodes_dyn
[68.670s] [ 86%] [32m[1mLinking CXX executable t13_plugin_executor[0m
[68.922s] [ 86%] [32m[1mLinking CXX shared library bin/libdummy_nodes_dyn.so[0m
[69.196s] [ 86%] Built target dummy_nodes_dyn
[69.223s] [ 86%] Built target t13_plugin_executor
[69.309s] [ 87%] [32m[1mLinking CXX executable ex06_access_by_ptr[0m
[69.668s] [ 87%] Built target ex06_access_by_ptr
[71.161s] [ 88%] [32mBuilding CXX object tests/CMakeFiles/behaviortree_cpp_test.dir/gtest_tree.cpp.o[0m
[71.162s] [ 89%] [32mBuilding CXX object tests/CMakeFiles/behaviortree_cpp_test.dir/gtest_switch.cpp.o[0m
[71.164s] [ 90%] [32mBuilding CXX object tests/CMakeFiles/behaviortree_cpp_test.dir/gtest_wakeup.cpp.o[0m
[71.168s] [ 91%] [32mBuilding CXX object tests/CMakeFiles/behaviortree_cpp_test.dir/gtest_subtree.cpp.o[0m
[73.709s] [ 91%] [32mBuilding CXX object tests/CMakeFiles/behaviortree_cpp_test.dir/script_parser_test.cpp.o[0m
[73.709s] [ 92%] [32mBuilding CXX object tests/CMakeFiles/behaviortree_cpp_test.dir/gtest_sequence.cpp.o[0m
[73.709s] [ 92%] [32mBuilding CXX object tests/CMakeFiles/behaviortree_cpp_test.dir/gtest_substitution.cpp.o[0m
[73.710s] [ 93%] [32mBuilding CXX object tests/CMakeFiles/behaviortree_cpp_test.dir/gtest_skipping.cpp.o[0m
[74.093s] [ 94%] [32mBuilding CXX object tests/CMakeFiles/behaviortree_cpp_test.dir/gtest_reactive.cpp.o[0m
[75.146s] [ 95%] [32mBuilding CXX object tests/CMakeFiles/behaviortree_cpp_test.dir/gtest_match.cpp.o[0m
[75.146s] [ 95%] [32mBuilding CXX object tests/CMakeFiles/behaviortree_cpp_test.dir/gtest_json.cpp.o[0m
[75.149s] [ 96%] [32mBuilding CXX object tests/CMakeFiles/behaviortree_cpp_test.dir/gtest_postconditions.cpp.o[0m
[76.442s] [ 97%] [32mBuilding CXX object tests/CMakeFiles/behaviortree_cpp_test.dir/gtest_ports.cpp.o[0m
[76.445s] [ 98%] [32mBuilding CXX object tests/CMakeFiles/behaviortree_cpp_test.dir/gtest_parallel.cpp.o[0m
[76.445s] [ 98%] [32mBuilding CXX object tests/CMakeFiles/behaviortree_cpp_test.dir/gtest_preconditions.cpp.o[0m
[76.801s] [ 99%] [32mBuilding CXX object tests/CMakeFiles/behaviortree_cpp_test.dir/gtest_fallback.cpp.o[0m
[90.300s] [100%] [32m[1mLinking CXX executable behaviortree_cpp_test[0m
[92.833s] [100%] Built target behaviortree_cpp_test
[92.880s] Invoked command in '/home/sentry_ws/src/build/behaviortree_cpp' returned '0': CMAKE_PREFIX_PATH=${CMAKE_PREFIX_PATH}:/home/sentry_ws/install/control_panel:/opt/ros/humble /usr/bin/cmake --build /home/sentry_ws/src/build/behaviortree_cpp -- -j16 -l16
[93.344s] Invoking command in '/home/sentry_ws/src/build/behaviortree_cpp': CMAKE_PREFIX_PATH=${CMAKE_PREFIX_PATH}:/home/sentry_ws/install/control_panel:/opt/ros/humble /usr/bin/cmake --install /home/sentry_ws/src/build/behaviortree_cpp
[93.501s] -- Install configuration: "Release"
[94.553s] -- Installing: /home/sentry_ws/src/install/behaviortree_cpp/bin/bt4_log_cat
[94.554s] -- Set runtime path of "/home/sentry_ws/src/install/behaviortree_cpp/bin/bt4_log_cat" to ""
[94.554s] -- Installing: /home/sentry_ws/src/install/behaviortree_cpp/bin/bt4_plugin_manifest
[94.555s] -- Set runtime path of "/home/sentry_ws/src/install/behaviortree_cpp/bin/bt4_plugin_manifest" to ""
[94.782s] -- Installing: /home/sentry_ws/src/install/behaviortree_cpp/lib/libbehaviortree_cpp.so
[101.140s] -- Set runtime path of "/home/sentry_ws/src/install/behaviortree_cpp/lib/libbehaviortree_cpp.so" to ""
[101.140s] -- Installing: /home/sentry_ws/src/install/behaviortree_cpp/include
[101.141s] -- Installing: /home/sentry_ws/src/install/behaviortree_cpp/include/behaviortree_cpp
[101.141s] -- Installing: /home/sentry_ws/src/install/behaviortree_cpp/include/behaviortree_cpp/json_export.h
[101.141s] -- Installing: /home/sentry_ws/src/install/behaviortree_cpp/include/behaviortree_cpp/utils
[101.141s] -- Installing: /home/sentry_ws/src/install/behaviortree_cpp/include/behaviortree_cpp/utils/convert_impl.hpp
[101.141s] -- Installing: /home/sentry_ws/src/install/behaviortree_cpp/include/behaviortree_cpp/utils/wakeup_signal.hpp
[101.142s] -- Installing: /home/sentry_ws/src/install/behaviortree_cpp/include/behaviortree_cpp/utils/signal.h
[101.142s] -- Installing: /home/sentry_ws/src/install/behaviortree_cpp/include/behaviortree_cpp/utils/safe_any.hpp
[101.142s] -- Installing: /home/sentry_ws/src/install/behaviortree_cpp/include/behaviortree_cpp/utils/simple_string.hpp
[101.143s] -- Installing: /home/sentry_ws/src/install/behaviortree_cpp/include/behaviortree_cpp/utils/timer_queue.h
[101.143s] -- Installing: /home/sentry_ws/src/install/behaviortree_cpp/include/behaviortre