[0.230s] DEBUG:colcon:Command line arguments: ['/usr/bin/colcon', 'build', '--packages-select', 'sentry_waypoint_loader_cpp']
[0.230s] DEBUG:colcon:Parsed command line arguments: Namespace(log_base=None, log_level=None, verb_name='build', build_base='build', install_base='install', merge_install=False, symlink_install=False, test_result_base=None, continue_on_error=False, executor='parallel', parallel_workers=16, event_handlers=None, ignore_user_meta=False, metas=['./colcon.meta'], base_paths=['.'], packages_ignore=None, packages_ignore_regex=None, paths=None, packages_up_to=None, packages_up_to_regex=None, packages_above=None, packages_above_and_dependencies=None, packages_above_depth=None, packages_select_by_dep=None, packages_skip_by_dep=None, packages_skip_up_to=None, packages_select_build_failed=False, packages_skip_build_finished=False, packages_select_test_failures=False, packages_skip_test_passed=False, packages_select=['sentry_waypoint_loader_cpp'], packages_skip=None, packages_select_regex=None, packages_skip_regex=None, packages_start=None, packages_end=None, cmake_args=None, cmake_target=None, cmake_target_skip_unavailable=False, cmake_clean_cache=False, cmake_clean_first=False, cmake_force_configure=False, ament_cmake_args=None, catkin_cmake_args=None, catkin_skip_building_tests=False, mixin_files=None, mixin=None, verb_parser=<colcon_mixin.mixin.mixin_argument.MixinArgumentDecorator object at 0x7fcc421eab90>, verb_extension=<colcon_core.verb.build.BuildVerb object at 0x7fcc42a0d5d0>, main=<bound method BuildVerb.main of <colcon_core.verb.build.BuildVerb object at 0x7fcc42a0d5d0>>, mixin_verb=('build',))
[0.252s] Level 1:colcon.colcon_core.package_discovery:discover_packages(colcon_meta) check parameters
[0.253s] INFO:colcon.colcon_metadata.package_discovery.colcon_meta:Using configuration from '/root/.colcon/metadata/default/Gazebo.meta'
[0.253s] INFO:colcon.colcon_metadata.package_discovery.colcon_meta:Using configuration from '/root/.colcon/metadata/default/fastrtps.meta'
[0.253s] Level 1:colcon.colcon_core.package_discovery:discover_packages(recursive) check parameters
[0.253s] Level 1:colcon.colcon_core.package_discovery:discover_packages(ignore) check parameters
[0.254s] Level 1:colcon.colcon_core.package_discovery:discover_packages(path) check parameters
[0.254s] Level 1:colcon.colcon_core.package_discovery:discover_packages(colcon_meta) discover
[0.254s] Level 1:colcon.colcon_core.package_discovery:discover_packages(recursive) discover
[0.254s] INFO:colcon.colcon_core.package_discovery:Crawling recursively for packages in '/home/sentry_ws/src'
[0.254s] Level 1:colcon.colcon_core.package_identification:_identify(.) by extensions ['ignore', 'ignore_ament_install']
[0.254s] Level 1:colcon.colcon_core.package_identification:_identify(.) by extension 'ignore'
[0.254s] Level 1:colcon.colcon_core.package_identification:_identify(.) by extension 'ignore_ament_install'
[0.254s] Level 1:colcon.colcon_core.package_identification:_identify(.) by extensions ['colcon_pkg']
[0.254s] Level 1:colcon.colcon_core.package_identification:_identify(.) by extension 'colcon_pkg'
[0.254s] Level 1:colcon.colcon_core.package_identification:_identify(.) by extensions ['colcon_meta']
[0.254s] Level 1:colcon.colcon_core.package_identification:_identify(.) by extension 'colcon_meta'
[0.254s] Level 1:colcon.colcon_core.package_identification:_identify(.) by extensions ['ros']
[0.254s] Level 1:colcon.colcon_core.package_identification:_identify(.) by extension 'ros'
[0.262s] Level 1:colcon.colcon_core.package_identification:_identify(.) by extensions ['cmake', 'python']
[0.262s] Level 1:colcon.colcon_core.package_identification:_identify(.) by extension 'cmake'
[0.262s] Level 1:colcon.colcon_core.package_identification:_identify(.) by extension 'python'
[0.262s] Level 1:colcon.colcon_core.package_identification:_identify(.) by extensions ['python_setup_py']
[0.262s] Level 1:colcon.colcon_core.package_identification:_identify(.) by extension 'python_setup_py'
[0.262s] Level 1:colcon.colcon_core.package_identification:_identify(BehaviorTree.CPP) by extensions ['ignore', 'ignore_ament_install']
[0.262s] Level 1:colcon.colcon_core.package_identification:_identify(BehaviorTree.CPP) by extension 'ignore'
[0.262s] Level 1:colcon.colcon_core.package_identification:_identify(BehaviorTree.CPP) by extension 'ignore_ament_install'
[0.262s] Level 1:colcon.colcon_core.package_identification:_identify(BehaviorTree.CPP) by extensions ['colcon_pkg']
[0.262s] Level 1:colcon.colcon_core.package_identification:_identify(BehaviorTree.CPP) by extension 'colcon_pkg'
[0.262s] Level 1:colcon.colcon_core.package_identification:_identify(BehaviorTree.CPP) by extensions ['colcon_meta']
[0.262s] Level 1:colcon.colcon_core.package_identification:_identify(BehaviorTree.CPP) by extension 'colcon_meta'
[0.262s] Level 1:colcon.colcon_core.package_identification:_identify(BehaviorTree.CPP) by extensions ['ros']
[0.262s] Level 1:colcon.colcon_core.package_identification:_identify(BehaviorTree.CPP) by extension 'ros'
[0.267s] DEBUG:colcon.colcon_core.package_identification:Package 'BehaviorTree.CPP' with type 'ros.ament_cmake' and name 'behaviortree_cpp'
[0.267s] Level 1:colcon.colcon_core.package_identification:_identify(FAST_LIO) by extensions ['ignore', 'ignore_ament_install']
[0.267s] Level 1:colcon.colcon_core.package_identification:_identify(FAST_LIO) by extension 'ignore'
[0.267s] Level 1:colcon.colcon_core.package_identification:_identify(FAST_LIO) by extension 'ignore_ament_install'
[0.267s] Level 1:colcon.colcon_core.package_identification:_identify(FAST_LIO) by extensions ['colcon_pkg']
[0.267s] Level 1:colcon.colcon_core.package_identification:_identify(FAST_LIO) by extension 'colcon_pkg'
[0.267s] Level 1:colcon.colcon_core.package_identification:_identify(FAST_LIO) by extensions ['colcon_meta']
[0.267s] Level 1:colcon.colcon_core.package_identification:_identify(FAST_LIO) by extension 'colcon_meta'
[0.267s] Level 1:colcon.colcon_core.package_identification:_identify(FAST_LIO) by extensions ['ros']
[0.267s] Level 1:colcon.colcon_core.package_identification:_identify(FAST_LIO) by extension 'ros'
[0.268s] DEBUG:colcon.colcon_core.package_identification:Package 'FAST_LIO' with type 'ros.ament_cmake' and name 'fast_lio'
[0.268s] Level 1:colcon.colcon_core.package_identification:_identify(assert) by extensions ['ignore', 'ignore_ament_install']
[0.268s] Level 1:colcon.colcon_core.package_identification:_identify(assert) by extension 'ignore'
[0.268s] Level 1:colcon.colcon_core.package_identification:_identify(assert) by extension 'ignore_ament_install'
[0.268s] Level 1:colcon.colcon_core.package_identification:_identify(assert) by extensions ['colcon_pkg']
[0.268s] Level 1:colcon.colcon_core.package_identification:_identify(assert) by extension 'colcon_pkg'
[0.268s] Level 1:colcon.colcon_core.package_identification:_identify(assert) by extensions ['colcon_meta']
[0.268s] Level 1:colcon.colcon_core.package_identification:_identify(assert) by extension 'colcon_meta'
[0.268s] Level 1:colcon.colcon_core.package_identification:_identify(assert) by extensions ['ros']
[0.268s] Level 1:colcon.colcon_core.package_identification:_identify(assert) by extension 'ros'
[0.268s] Level 1:colcon.colcon_core.package_identification:_identify(assert) by extensions ['cmake', 'python']
[0.268s] Level 1:colcon.colcon_core.package_identification:_identify(assert) by extension 'cmake'
[0.269s] Level 1:colcon.colcon_core.package_identification:_identify(assert) by extension 'python'
[0.269s] Level 1:colcon.colcon_core.package_identification:_identify(assert) by extensions ['python_setup_py']
[0.269s] Level 1:colcon.colcon_core.package_identification:_identify(assert) by extension 'python_setup_py'
[0.269s] Level 1:colcon.colcon_core.package_identification:_identify(auto_aim_interfaces) by extensions ['ignore', 'ignore_ament_install']
[0.269s] Level 1:colcon.colcon_core.package_identification:_identify(auto_aim_interfaces) by extension 'ignore'
[0.269s] Level 1:colcon.colcon_core.package_identification:_identify(auto_aim_interfaces) by extension 'ignore_ament_install'
[0.269s] Level 1:colcon.colcon_core.package_identification:_identify(auto_aim_interfaces) by extensions ['colcon_pkg']
[0.269s] Level 1:colcon.colcon_core.package_identification:_identify(auto_aim_interfaces) by extension 'colcon_pkg'
[0.269s] Level 1:colcon.colcon_core.package_identification:_identify(auto_aim_interfaces) by extensions ['colcon_meta']
[0.269s] Level 1:colcon.colcon_core.package_identification:_identify(auto_aim_interfaces) by extension 'colcon_meta'
[0.269s] Level 1:colcon.colcon_core.package_identification:_identify(auto_aim_interfaces) by extensions ['ros']
[0.269s] Level 1:colcon.colcon_core.package_identification:_identify(auto_aim_interfaces) by extension 'ros'
[0.269s] DEBUG:colcon.colcon_core.package_identification:Package 'auto_aim_interfaces' with type 'ros.ament_cmake' and name 'auto_aim_interfaces'
[0.269s] Level 1:colcon.colcon_core.package_identification:_identify(autonomous_exploration_development_environment) by extensions ['ignore', 'ignore_ament_install']
[0.269s] Level 1:colcon.colcon_core.package_identification:_identify(autonomous_exploration_development_environment) by extension 'ignore'
[0.269s] Level 1:colcon.colcon_core.package_identification:_identify(autonomous_exploration_development_environment) by extension 'ignore_ament_install'
[0.269s] Level 1:colcon.colcon_core.package_identification:_identify(autonomous_exploration_development_environment) by extensions ['colcon_pkg']
[0.270s] Level 1:colcon.colcon_core.package_identification:_identify(autonomous_exploration_development_environment) by extension 'colcon_pkg'
[0.270s] Level 1:colcon.colcon_core.package_identification:_identify(autonomous_exploration_development_environment) by extensions ['colcon_meta']
[0.270s] Level 1:colcon.colcon_core.package_identification:_identify(autonomous_exploration_development_environment) by extension 'colcon_meta'
[0.270s] Level 1:colcon.colcon_core.package_identification:_identify(autonomous_exploration_development_environment) by extensions ['ros']
[0.270s] Level 1:colcon.colcon_core.package_identification:_identify(autonomous_exploration_development_environment) by extension 'ros'
[0.270s] Level 1:colcon.colcon_core.package_identification:_identify(autonomous_exploration_development_environment) by extensions ['cmake', 'python']
[0.270s] Level 1:colcon.colcon_core.package_identification:_identify(autonomous_exploration_development_environment) by extension 'cmake'
[0.270s] Level 1:colcon.colcon_core.package_identification:_identify(autonomous_exploration_development_environment) by extension 'python'
[0.270s] Level 1:colcon.colcon_core.package_identification:_identify(autonomous_exploration_development_environment) by extensions ['python_setup_py']
[0.270s] Level 1:colcon.colcon_core.package_identification:_identify(autonomous_exploration_development_environment) by extension 'python_setup_py'
[0.270s] Level 1:colcon.colcon_core.package_identification:_identify(autonomous_exploration_development_environment/img) by extensions ['ignore', 'ignore_ament_install']
[0.270s] Level 1:colcon.colcon_core.package_identification:_identify(autonomous_exploration_development_environment/img) by extension 'ignore'
[0.270s] Level 1:colcon.colcon_core.package_identification:_identify(autonomous_exploration_development_environment/img) by extension 'ignore_ament_install'
[0.270s] Level 1:colcon.colcon_core.package_identification:_identify(autonomous_exploration_development_environment/img) by extensions ['colcon_pkg']
[0.270s] Level 1:colcon.colcon_core.package_identification:_identify(autonomous_exploration_development_environment/img) by extension 'colcon_pkg'
[0.270s] Level 1:colcon.colcon_core.package_identification:_identify(autonomous_exploration_development_environment/img) by extensions ['colcon_meta']
[0.270s] Level 1:colcon.colcon_core.package_identification:_identify(autonomous_exploration_development_environment/img) by extension 'colcon_meta'
[0.270s] Level 1:colcon.colcon_core.package_identification:_identify(autonomous_exploration_development_environment/img) by extensions ['ros']
[0.270s] Level 1:colcon.colcon_core.package_identification:_identify(autonomous_exploration_development_environment/img) by extension 'ros'
[0.270s] Level 1:colcon.colcon_core.package_identification:_identify(autonomous_exploration_development_environment/img) by extensions ['cmake', 'python']
[0.270s] Level 1:colcon.colcon_core.package_identification:_identify(autonomous_exploration_development_environment/img) by extension 'cmake'
[0.270s] Level 1:colcon.colcon_core.package_identification:_identify(autonomous_exploration_development_environment/img) by extension 'python'
[0.271s] Level 1:colcon.colcon_core.package_identification:_identify(autonomous_exploration_development_environment/img) by extensions ['python_setup_py']
[0.271s] Level 1:colcon.colcon_core.package_identification:_identify(autonomous_exploration_development_environment/img) by extension 'python_setup_py'
[0.271s] Level 1:colcon.colcon_core.package_identification:_identify(autonomous_exploration_development_environment/src) by extensions ['ignore', 'ignore_ament_install']
[0.271s] Level 1:colcon.colcon_core.package_identification:_identify(autonomous_exploration_development_environment/src) by extension 'ignore'
[0.271s] Level 1:colcon.colcon_core.package_identification:_identify(autonomous_exploration_development_environment/src) by extension 'ignore_ament_install'
[0.271s] Level 1:colcon.colcon_core.package_identification:_identify(autonomous_exploration_development_environment/src) by extensions ['colcon_pkg']
[0.271s] Level 1:colcon.colcon_core.package_identification:_identify(autonomous_exploration_development_environment/src) by extension 'colcon_pkg'
[0.271s] Level 1:colcon.colcon_core.package_identification:_identify(autonomous_exploration_development_environment/src) by extensions ['colcon_meta']
[0.271s] Level 1:colcon.colcon_core.package_identification:_identify(autonomous_exploration_development_environment/src) by extension 'colcon_meta'
[0.271s] Level 1:colcon.colcon_core.package_identification:_identify(autonomous_exploration_development_environment/src) by extensions ['ros']
[0.271s] Level 1:colcon.colcon_core.package_identification:_identify(autonomous_exploration_development_environment/src) by extension 'ros'
[0.271s] Level 1:colcon.colcon_core.package_identification:_identify(autonomous_exploration_development_environment/src) by extensions ['cmake', 'python']
[0.271s] Level 1:colcon.colcon_core.package_identification:_identify(autonomous_exploration_development_environment/src) by extension 'cmake'
[0.271s] Level 1:colcon.colcon_core.package_identification:_identify(autonomous_exploration_development_environment/src) by extension 'python'
[0.271s] Level 1:colcon.colcon_core.package_identification:_identify(autonomous_exploration_development_environment/src) by extensions ['python_setup_py']
[0.271s] Level 1:colcon.colcon_core.package_identification:_identify(autonomous_exploration_development_environment/src) by extension 'python_setup_py'
[0.271s] Level 1:colcon.colcon_core.package_identification:_identify(autonomous_exploration_development_environment/src/sensor_scan_generation) by extensions ['ignore', 'ignore_ament_install']
[0.271s] Level 1:colcon.colcon_core.package_identification:_identify(autonomous_exploration_development_environment/src/sensor_scan_generation) by extension 'ignore'
[0.271s] Level 1:colcon.colcon_core.package_identification:_identify(autonomous_exploration_development_environment/src/sensor_scan_generation) by extension 'ignore_ament_install'
[0.271s] Level 1:colcon.colcon_core.package_identification:_identify(autonomous_exploration_development_environment/src/sensor_scan_generation) by extensions ['colcon_pkg']
[0.271s] Level 1:colcon.colcon_core.package_identification:_identify(autonomous_exploration_development_environment/src/sensor_scan_generation) by extension 'colcon_pkg'
[0.271s] Level 1:colcon.colcon_core.package_identification:_identify(autonomous_exploration_development_environment/src/sensor_scan_generation) by extensions ['colcon_meta']
[0.271s] Level 1:colcon.colcon_core.package_identification:_identify(autonomous_exploration_development_environment/src/sensor_scan_generation) by extension 'colcon_meta'
[0.271s] Level 1:colcon.colcon_core.package_identification:_identify(autonomous_exploration_development_environment/src/sensor_scan_generation) by extensions ['ros']
[0.271s] Level 1:colcon.colcon_core.package_identification:_identify(autonomous_exploration_development_environment/src/sensor_scan_generation) by extension 'ros'
[0.272s] DEBUG:colcon.colcon_core.package_identification:Package 'autonomous_exploration_development_environment/src/sensor_scan_generation' with type 'ros.ament_cmake' and name 'sensor_scan_generation'
[0.272s] Level 1:colcon.colcon_core.package_identification:_identify(autonomous_exploration_development_environment/src/terrain_analysis) by extensions ['ignore', 'ignore_ament_install']
[0.272s] Level 1:colcon.colcon_core.package_identification:_identify(autonomous_exploration_development_environment/src/terrain_analysis) by extension 'ignore'
[0.272s] Level 1:colcon.colcon_core.package_identification:_identify(autonomous_exploration_development_environment/src/terrain_analysis) by extension 'ignore_ament_install'
[0.272s] Level 1:colcon.colcon_core.package_identification:_identify(autonomous_exploration_development_environment/src/terrain_analysis) by extensions ['colcon_pkg']
[0.272s] Level 1:colcon.colcon_core.package_identification:_identify(autonomous_exploration_development_environment/src/terrain_analysis) by extension 'colcon_pkg'
[0.272s] Level 1:colcon.colcon_core.package_identification:_identify(autonomous_exploration_development_environment/src/terrain_analysis) by extensions ['colcon_meta']
[0.272s] Level 1:colcon.colcon_core.package_identification:_identify(autonomous_exploration_development_environment/src/terrain_analysis) by extension 'colcon_meta'
[0.273s] Level 1:colcon.colcon_core.package_identification:_identify(autonomous_exploration_development_environment/src/terrain_analysis) by extensions ['ros']
[0.273s] Level 1:colcon.colcon_core.package_identification:_identify(autonomous_exploration_development_environment/src/terrain_analysis) by extension 'ros'
[0.273s] DEBUG:colcon.colcon_core.package_identification:Package 'autonomous_exploration_development_environment/src/terrain_analysis' with type 'ros.ament_cmake' and name 'terrain_analysis'
[0.273s] Level 1:colcon.colcon_core.package_identification:_identify(autonomous_exploration_development_environment/src/terrain_analysis_ext) by extensions ['ignore', 'ignore_ament_install']
[0.273s] Level 1:colcon.colcon_core.package_identification:_identify(autonomous_exploration_development_environment/src/terrain_analysis_ext) by extension 'ignore'
[0.273s] Level 1:colcon.colcon_core.package_identification:_identify(autonomous_exploration_development_environment/src/terrain_analysis_ext) by extension 'ignore_ament_install'
[0.274s] Level 1:colcon.colcon_core.package_identification:_identify(autonomous_exploration_development_environment/src/terrain_analysis_ext) by extensions ['colcon_pkg']
[0.274s] Level 1:colcon.colcon_core.package_identification:_identify(autonomous_exploration_development_environment/src/terrain_analysis_ext) by extension 'colcon_pkg'
[0.274s] Level 1:colcon.colcon_core.package_identification:_identify(autonomous_exploration_development_environment/src/terrain_analysis_ext) by extensions ['colcon_meta']
[0.274s] Level 1:colcon.colcon_core.package_identification:_identify(autonomous_exploration_development_environment/src/terrain_analysis_ext) by extension 'colcon_meta'
[0.274s] Level 1:colcon.colcon_core.package_identification:_identify(autonomous_exploration_development_environment/src/terrain_analysis_ext) by extensions ['ros']
[0.274s] Level 1:colcon.colcon_core.package_identification:_identify(autonomous_exploration_development_environment/src/terrain_analysis_ext) by extension 'ros'
[0.274s] DEBUG:colcon.colcon_core.package_identification:Package 'autonomous_exploration_development_environment/src/terrain_analysis_ext' with type 'ros.ament_cmake' and name 'terrain_analysis_ext'
[0.274s] Level 1:colcon.colcon_core.package_identification:_identify(build) by extensions ['ignore', 'ignore_ament_install']
[0.275s] Level 1:colcon.colcon_core.package_identification:_identify(build) by extension 'ignore'
[0.275s] Level 1:colcon.colcon_core.package_identification:_identify(build) ignored
[0.275s] Level 1:colcon.colcon_core.package_identification:_identify(control_panel) by extensions ['ignore', 'ignore_ament_install']
[0.275s] Level 1:colcon.colcon_core.package_identification:_identify(control_panel) by extension 'ignore'
[0.275s] Level 1:colcon.colcon_core.package_identification:_identify(control_panel) by extension 'ignore_ament_install'
[0.275s] Level 1:colcon.colcon_core.package_identification:_identify(control_panel) by extensions ['colcon_pkg']
[0.275s] Level 1:colcon.colcon_core.package_identification:_identify(control_panel) by extension 'colcon_pkg'
[0.275s] Level 1:colcon.colcon_core.package_identification:_identify(control_panel) by extensions ['colcon_meta']
[0.275s] Level 1:colcon.colcon_core.package_identification:_identify(control_panel) by extension 'colcon_meta'
[0.275s] Level 1:colcon.colcon_core.package_identification:_identify(control_panel) by extensions ['ros']
[0.275s] Level 1:colcon.colcon_core.package_identification:_identify(control_panel) by extension 'ros'
[0.275s] DEBUG:colcon.colcon_core.package_identification:Package 'control_panel' with type 'ros.ament_python' and name 'control_panel'
[0.275s] Level 1:colcon.colcon_core.package_identification:_identify(gazebo_ros_pkgs) by extensions ['ignore', 'ignore_ament_install']
[0.276s] Level 1:colcon.colcon_core.package_identification:_identify(gazebo_ros_pkgs) by extension 'ignore'
[0.276s] Level 1:colcon.colcon_core.package_identification:_identify(gazebo_ros_pkgs) by extension 'ignore_ament_install'
[0.276s] Level 1:colcon.colcon_core.package_identification:_identify(gazebo_ros_pkgs) by extensions ['colcon_pkg']
[0.276s] Level 1:colcon.colcon_core.package_identification:_identify(gazebo_ros_pkgs) by extension 'colcon_pkg'
[0.276s] Level 1:colcon.colcon_core.package_identification:_identify(gazebo_ros_pkgs) by extensions ['colcon_meta']
[0.276s] Level 1:colcon.colcon_core.package_identification:_identify(gazebo_ros_pkgs) by extension 'colcon_meta'
[0.276s] Level 1:colcon.colcon_core.package_identification:_identify(gazebo_ros_pkgs) by extensions ['ros']
[0.276s] Level 1:colcon.colcon_core.package_identification:_identify(gazebo_ros_pkgs) by extension 'ros'
[0.276s] Level 1:colcon.colcon_core.package_identification:_identify(gazebo_ros_pkgs) by extensions ['cmake', 'python']
[0.276s] Level 1:colcon.colcon_core.package_identification:_identify(gazebo_ros_pkgs) by extension 'cmake'
[0.276s] Level 1:colcon.colcon_core.package_identification:_identify(gazebo_ros_pkgs) by extension 'python'
[0.276s] Level 1:colcon.colcon_core.package_identification:_identify(gazebo_ros_pkgs) by extensions ['python_setup_py']
[0.276s] Level 1:colcon.colcon_core.package_identification:_identify(gazebo_ros_pkgs) by extension 'python_setup_py'
[0.276s] Level 1:colcon.colcon_core.package_identification:_identify(gazebo_ros_pkgs/gazebo_dev) by extensions ['ignore', 'ignore_ament_install']
[0.276s] Level 1:colcon.colcon_core.package_identification:_identify(gazebo_ros_pkgs/gazebo_dev) by extension 'ignore'
[0.276s] Level 1:colcon.colcon_core.package_identification:_identify(gazebo_ros_pkgs/gazebo_dev) by extension 'ignore_ament_install'
[0.276s] Level 1:colcon.colcon_core.package_identification:_identify(gazebo_ros_pkgs/gazebo_dev) by extensions ['colcon_pkg']
[0.276s] Level 1:colcon.colcon_core.package_identification:_identify(gazebo_ros_pkgs/gazebo_dev) by extension 'colcon_pkg'
[0.276s] Level 1:colcon.colcon_core.package_identification:_identify(gazebo_ros_pkgs/gazebo_dev) by extensions ['colcon_meta']
[0.276s] Level 1:colcon.colcon_core.package_identification:_identify(gazebo_ros_pkgs/gazebo_dev) by extension 'colcon_meta'
[0.277s] Level 1:colcon.colcon_core.package_identification:_identify(gazebo_ros_pkgs/gazebo_dev) by extensions ['ros']
[0.277s] Level 1:colcon.colcon_core.package_identification:_identify(gazebo_ros_pkgs/gazebo_dev) by extension 'ros'
[0.277s] DEBUG:colcon.colcon_core.package_identification:Package 'gazebo_ros_pkgs/gazebo_dev' with type 'ros.ament_cmake' and name 'gazebo_dev'
[0.277s] Level 1:colcon.colcon_core.package_identification:_identify(gazebo_ros_pkgs/gazebo_msgs) by extensions ['ignore', 'ignore_ament_install']
[0.277s] Level 1:colcon.colcon_core.package_identification:_identify(gazebo_ros_pkgs/gazebo_msgs) by extension 'ignore'
[0.277s] Level 1:colcon.colcon_core.package_identification:_identify(gazebo_ros_pkgs/gazebo_msgs) by extension 'ignore_ament_install'
[0.277s] Level 1:colcon.colcon_core.package_identification:_identify(gazebo_ros_pkgs/gazebo_msgs) by extensions ['colcon_pkg']
[0.277s] Level 1:colcon.colcon_core.package_identification:_identify(gazebo_ros_pkgs/gazebo_msgs) by extension 'colcon_pkg'
[0.277s] Level 1:colcon.colcon_core.package_identification:_identify(gazebo_ros_pkgs/gazebo_msgs) by extensions ['colcon_meta']
[0.277s] Level 1:colcon.colcon_core.package_identification:_identify(gazebo_ros_pkgs/gazebo_msgs) by extension 'colcon_meta'
[0.277s] Level 1:colcon.colcon_core.package_identification:_identify(gazebo_ros_pkgs/gazebo_msgs) by extensions ['ros']
[0.277s] Level 1:colcon.colcon_core.package_identification:_identify(gazebo_ros_pkgs/gazebo_msgs) by extension 'ros'
[0.278s] DEBUG:colcon.colcon_core.package_identification:Package 'gazebo_ros_pkgs/gazebo_msgs' with type 'ros.ament_cmake' and name 'gazebo_msgs'
[0.278s] Level 1:colcon.colcon_core.package_identification:_identify(gazebo_ros_pkgs/gazebo_plugins) by extensions ['ignore', 'ignore_ament_install']
[0.278s] Level 1:colcon.colcon_core.package_identification:_identify(gazebo_ros_pkgs/gazebo_plugins) by extension 'ignore'
[0.278s] Level 1:colcon.colcon_core.package_identification:_identify(gazebo_ros_pkgs/gazebo_plugins) by extension 'ignore_ament_install'
[0.278s] Level 1:colcon.colcon_core.package_identification:_identify(gazebo_ros_pkgs/gazebo_plugins) by extensions ['colcon_pkg']
[0.278s] Level 1:colcon.colcon_core.package_identification:_identify(gazebo_ros_pkgs/gazebo_plugins) by extension 'colcon_pkg'
[0.278s] Level 1:colcon.colcon_core.package_identification:_identify(gazebo_ros_pkgs/gazebo_plugins) by extensions ['colcon_meta']
[0.278s] Level 1:colcon.colcon_core.package_identification:_identify(gazebo_ros_pkgs/gazebo_plugins) by extension 'colcon_meta'
[0.278s] Level 1:colcon.colcon_core.package_identification:_identify(gazebo_ros_pkgs/gazebo_plugins) by extensions ['ros']
[0.278s] Level 1:colcon.colcon_core.package_identification:_identify(gazebo_ros_pkgs/gazebo_plugins) by extension 'ros'
[0.279s] DEBUG:colcon.colcon_core.package_identification:Package 'gazebo_ros_pkgs/gazebo_plugins' with type 'ros.ament_cmake' and name 'gazebo_plugins'
[0.279s] Level 1:colcon.colcon_core.package_identification:_identify(gazebo_ros_pkgs/gazebo_ros) by extensions ['ignore', 'ignore_ament_install']
[0.279s] Level 1:colcon.colcon_core.package_identification:_identify(gazebo_ros_pkgs/gazebo_ros) by extension 'ignore'
[0.279s] Level 1:colcon.colcon_core.package_identification:_identify(gazebo_ros_pkgs/gazebo_ros) by extension 'ignore_ament_install'
[0.279s] Level 1:colcon.colcon_core.package_identification:_identify(gazebo_ros_pkgs/gazebo_ros) by extensions ['colcon_pkg']
[0.280s] Level 1:colcon.colcon_core.package_identification:_identify(gazebo_ros_pkgs/gazebo_ros) by extension 'colcon_pkg'
[0.280s] Level 1:colcon.colcon_core.package_identification:_identify(gazebo_ros_pkgs/gazebo_ros) by extensions ['colcon_meta']
[0.280s] Level 1:colcon.colcon_core.package_identification:_identify(gazebo_ros_pkgs/gazebo_ros) by extension 'colcon_meta'
[0.280s] Level 1:colcon.colcon_core.package_identification:_identify(gazebo_ros_pkgs/gazebo_ros) by extensions ['ros']
[0.280s] Level 1:colcon.colcon_core.package_identification:_identify(gazebo_ros_pkgs/gazebo_ros) by extension 'ros'
[0.281s] DEBUG:colcon.colcon_core.package_identification:Package 'gazebo_ros_pkgs/gazebo_ros' with type 'ros.ament_cmake' and name 'gazebo_ros'
[0.281s] Level 1:colcon.colcon_core.package_identification:_identify(gazebo_ros_pkgs/gazebo_ros_control) by extensions ['ignore', 'ignore_ament_install']
[0.281s] Level 1:colcon.colcon_core.package_identification:_identify(gazebo_ros_pkgs/gazebo_ros_control) by extension 'ignore'
[0.281s] Level 1:colcon.colcon_core.package_identification:_identify(gazebo_ros_pkgs/gazebo_ros_control) by extension 'ignore_ament_install'
[0.281s] Level 1:colcon.colcon_core.package_identification:_identify(gazebo_ros_pkgs/gazebo_ros_control) by extensions ['colcon_pkg']
[0.281s] Level 1:colcon.colcon_core.package_identification:_identify(gazebo_ros_pkgs/gazebo_ros_control) by extension 'colcon_pkg'
[0.281s] Level 1:colcon.colcon_core.package_identification:_identify(gazebo_ros_pkgs/gazebo_ros_control) by extensions ['colcon_meta']
[0.281s] Level 1:colcon.colcon_core.package_identification:_identify(gazebo_ros_pkgs/gazebo_ros_control) by extension 'colcon_meta'
[0.281s] Level 1:colcon.colcon_core.package_identification:_identify(gazebo_ros_pkgs/gazebo_ros_control) by extensions ['ros']
[0.281s] Level 1:colcon.colcon_core.package_identification:_identify(gazebo_ros_pkgs/gazebo_ros_control) by extension 'ros'
[0.281s] Level 1:colcon.colcon_core.package_identification:_identify(gazebo_ros_pkgs/gazebo_ros_control) by extensions ['cmake', 'python']
[0.281s] Level 1:colcon.colcon_core.package_identification:_identify(gazebo_ros_pkgs/gazebo_ros_control) by extension 'cmake'
[0.281s] Level 1:colcon.colcon_core.package_identification:_identify(gazebo_ros_pkgs/gazebo_ros_control) by extension 'python'
[0.282s] Level 1:colcon.colcon_core.package_identification:_identify(gazebo_ros_pkgs/gazebo_ros_control) by extensions ['python_setup_py']
[0.282s] Level 1:colcon.colcon_core.package_identification:_identify(gazebo_ros_pkgs/gazebo_ros_control) by extension 'python_setup_py'
[0.282s] Level 1:colcon.colcon_core.package_identification:_identify(gazebo_ros_pkgs/gazebo_ros_pkgs) by extensions ['ignore', 'ignore_ament_install']
[0.282s] Level 1:colcon.colcon_core.package_identification:_identify(gazebo_ros_pkgs/gazebo_ros_pkgs) by extension 'ignore'
[0.282s] Level 1:colcon.colcon_core.package_identification:_identify(gazebo_ros_pkgs/gazebo_ros_pkgs) by extension 'ignore_ament_install'
[0.282s] Level 1:colcon.colcon_core.package_identification:_identify(gazebo_ros_pkgs/gazebo_ros_pkgs) by extensions ['colcon_pkg']
[0.282s] Level 1:colcon.colcon_core.package_identification:_identify(gazebo_ros_pkgs/gazebo_ros_pkgs) by extension 'colcon_pkg'
[0.282s] Level 1:colcon.colcon_core.package_identification:_identify(gazebo_ros_pkgs/gazebo_ros_pkgs) by extensions ['colcon_meta']
[0.282s] Level 1:colcon.colcon_core.package_identification:_identify(gazebo_ros_pkgs/gazebo_ros_pkgs) by extension 'colcon_meta'
[0.282s] Level 1:colcon.colcon_core.package_identification:_identify(gazebo_ros_pkgs/gazebo_ros_pkgs) by extensions ['ros']
[0.282s] Level 1:colcon.colcon_core.package_identification:_identify(gazebo_ros_pkgs/gazebo_ros_pkgs) by extension 'ros'
[0.282s] DEBUG:colcon.colcon_core.package_identification:Package 'gazebo_ros_pkgs/gazebo_ros_pkgs' with type 'ros.ament_cmake' and name 'gazebo_ros_pkgs'
[0.282s] Level 1:colcon.colcon_core.package_identification:_identify(icp_relocalization) by extensions ['ignore', 'ignore_ament_install']
[0.283s] Level 1:colcon.colcon_core.package_identification:_identify(icp_relocalization) by extension 'ignore'
[0.283s] Level 1:colcon.colcon_core.package_identification:_identify(icp_relocalization) by extension 'ignore_ament_install'
[0.283s] Level 1:colcon.colcon_core.package_identification:_identify(icp_relocalization) by extensions ['colcon_pkg']
[0.283s] Level 1:colcon.colcon_core.package_identification:_identify(icp_relocalization) by extension 'colcon_pkg'
[0.283s] Level 1:colcon.colcon_core.package_identification:_identify(icp_relocalization) by extensions ['colcon_meta']
[0.283s] Level 1:colcon.colcon_core.package_identification:_identify(icp_relocalization) by extension 'colcon_meta'
[0.283s] Level 1:colcon.colcon_core.package_identification:_identify(icp_relocalization) by extensions ['ros']
[0.283s] Level 1:colcon.colcon_core.package_identification:_identify(icp_relocalization) by extension 'ros'
[0.283s] DEBUG:colcon.colcon_core.package_identification:Package 'icp_relocalization' with type 'ros.ament_cmake' and name 'icp_relocalization'
[0.283s] Level 1:colcon.colcon_core.package_identification:_identify(install) by extensions ['ignore', 'ignore_ament_install']
[0.283s] Level 1:colcon.colcon_core.package_identification:_identify(install) by extension 'ignore'
[0.283s] Level 1:colcon.colcon_core.package_identification:_identify(install) ignored
[0.283s] Level 1:colcon.colcon_core.package_identification:_identify(livox_ros_driver2) by extensions ['ignore', 'ignore_ament_install']
[0.283s] Level 1:colcon.colcon_core.package_identification:_identify(livox_ros_driver2) by extension 'ignore'
[0.283s] Level 1:colcon.colcon_core.package_identification:_identify(livox_ros_driver2) by extension 'ignore_ament_install'
[0.283s] Level 1:colcon.colcon_core.package_identification:_identify(livox_ros_driver2) by extensions ['colcon_pkg']
[0.283s] Level 1:colcon.colcon_core.package_identification:_identify(livox_ros_driver2) by extension 'colcon_pkg'
[0.283s] Level 1:colcon.colcon_core.package_identification:_identify(livox_ros_driver2) by extensions ['colcon_meta']
[0.284s] Level 1:colcon.colcon_core.package_identification:_identify(livox_ros_driver2) by extension 'colcon_meta'
[0.284s] Level 1:colcon.colcon_core.package_identification:_identify(livox_ros_driver2) by extensions ['ros']
[0.284s] Level 1:colcon.colcon_core.package_identification:_identify(livox_ros_driver2) by extension 'ros'
[0.289s] DEBUG:colcon.colcon_core.package_identification:Package 'livox_ros_driver2' with type 'ros.ament_cmake' and name 'livox_ros_driver2'
[0.289s] Level 1:colcon.colcon_core.package_identification:_identify(log) by extensions ['ignore', 'ignore_ament_install']
[0.289s] Level 1:colcon.colcon_core.package_identification:_identify(log) by extension 'ignore'
[0.289s] Level 1:colcon.colcon_core.package_identification:_identify(log) ignored
[0.289s] Level 1:colcon.colcon_core.package_identification:_identify(nav2_plugins) by extensions ['ignore', 'ignore_ament_install']
[0.290s] Level 1:colcon.colcon_core.package_identification:_identify(nav2_plugins) by extension 'ignore'
[0.290s] Level 1:colcon.colcon_core.package_identification:_identify(nav2_plugins) by extension 'ignore_ament_install'
[0.290s] Level 1:colcon.colcon_core.package_identification:_identify(nav2_plugins) by extensions ['colcon_pkg']
[0.290s] Level 1:colcon.colcon_core.package_identification:_identify(nav2_plugins) by extension 'colcon_pkg'
[0.290s] Level 1:colcon.colcon_core.package_identification:_identify(nav2_plugins) by extensions ['colcon_meta']
[0.290s] Level 1:colcon.colcon_core.package_identification:_identify(nav2_plugins) by extension 'colcon_meta'
[0.290s] Level 1:colcon.colcon_core.package_identification:_identify(nav2_plugins) by extensions ['ros']
[0.290s] Level 1:colcon.colcon_core.package_identification:_identify(nav2_plugins) by extension 'ros'
[0.290s] Level 1:colcon.colcon_core.package_identification:_identify(nav2_plugins) by extensions ['cmake', 'python']
[0.290s] Level 1:colcon.colcon_core.package_identification:_identify(nav2_plugins) by extension 'cmake'
[0.290s] Level 1:colcon.colcon_core.package_identification:_identify(nav2_plugins) by extension 'python'
[0.290s] Level 1:colcon.colcon_core.package_identification:_identify(nav2_plugins) by extensions ['python_setup_py']
[0.290s] Level 1:colcon.colcon_core.package_identification:_identify(nav2_plugins) by extension 'python_setup_py'
[0.290s] Level 1:colcon.colcon_core.package_identification:_identify(nav2_plugins/behavior_ext_plugins) by extensions ['ignore', 'ignore_ament_install']
[0.290s] Level 1:colcon.colcon_core.package_identification:_identify(nav2_plugins/behavior_ext_plugins) by extension 'ignore'
[0.290s] Level 1:colcon.colcon_core.package_identification:_identify(nav2_plugins/behavior_ext_plugins) by extension 'ignore_ament_install'
[0.290s] Level 1:colcon.colcon_core.package_identification:_identify(nav2_plugins/behavior_ext_plugins) by extensions ['colcon_pkg']
[0.290s] Level 1:colcon.colcon_core.package_identification:_identify(nav2_plugins/behavior_ext_plugins) by extension 'colcon_pkg'
[0.290s] Level 1:colcon.colcon_core.package_identification:_identify(nav2_plugins/behavior_ext_plugins) by extensions ['colcon_meta']
[0.290s] Level 1:colcon.colcon_core.package_identification:_identify(nav2_plugins/behavior_ext_plugins) by extension 'colcon_meta'
[0.290s] Level 1:colcon.colcon_core.package_identification:_identify(nav2_plugins/behavior_ext_plugins) by extensions ['ros']
[0.290s] Level 1:colcon.colcon_core.package_identification:_identify(nav2_plugins/behavior_ext_plugins) by extension 'ros'
[0.291s] DEBUG:colcon.colcon_core.package_identification:Package 'nav2_plugins/behavior_ext_plugins' with type 'ros.ament_cmake' and name 'behavior_ext_plugins'
[0.291s] Level 1:colcon.colcon_core.package_identification:_identify(nav2_plugins/costmap_intensity) by extensions ['ignore', 'ignore_ament_install']
[0.292s] Level 1:colcon.colcon_core.package_identification:_identify(nav2_plugins/costmap_intensity) by extension 'ignore'
[0.292s] Level 1:colcon.colcon_core.package_identification:_identify(nav2_plugins/costmap_intensity) by extension 'ignore_ament_install'
[0.292s] Level 1:colcon.colcon_core.package_identification:_identify(nav2_plugins/costmap_intensity) by extensions ['colcon_pkg']
[0.292s] Level 1:colcon.colcon_core.package_identification:_identify(nav2_plugins/costmap_intensity) by extension 'colcon_pkg'
[0.292s] Level 1:colcon.colcon_core.package_identification:_identify(nav2_plugins/costmap_intensity) by extensions ['colcon_meta']
[0.292s] Level 1:colcon.colcon_core.package_identification:_identify(nav2_plugins/costmap_intensity) by extension 'colcon_meta'
[0.292s] Level 1:colcon.colcon_core.package_identification:_identify(nav2_plugins/costmap_intensity) by extensions ['ros']
[0.292s] Level 1:colcon.colcon_core.package_identification:_identify(nav2_plugins/costmap_intensity) by extension 'ros'
[0.295s] DEBUG:colcon.colcon_core.package_identification:Package 'nav2_plugins/costmap_intensity' with type 'ros.ament_cmake' and name 'costmap_intensity'
[0.295s] Level 1:colcon.colcon_core.package_identification:_identify(nav2_plugins/velocity_smoother_ext) by extensions ['ignore', 'ignore_ament_install']
[0.295s] Level 1:colcon.colcon_core.package_identification:_identify(nav2_plugins/velocity_smoother_ext) by extension 'ignore'
[0.295s] Level 1:colcon.colcon_core.package_identification:_identify(nav2_plugins/velocity_smoother_ext) by extension 'ignore_ament_install'
[0.295s] Level 1:colcon.colcon_core.package_identification:_identify(nav2_plugins/velocity_smoother_ext) by extensions ['colcon_pkg']
[0.295s] Level 1:colcon.colcon_core.package_identification:_identify(nav2_plugins/velocity_smoother_ext) by extension 'colcon_pkg'
[0.295s] Level 1:colcon.colcon_core.package_identification:_identify(nav2_plugins/velocity_smoother_ext) by extensions ['colcon_meta']
[0.295s] Level 1:colcon.colcon_core.package_identification:_identify(nav2_plugins/velocity_smoother_ext) by extension 'colcon_meta'
[0.295s] Level 1:colcon.colcon_core.package_identification:_identify(nav2_plugins/velocity_smoother_ext) by extensions ['ros']
[0.295s] Level 1:colcon.colcon_core.package_identification:_identify(nav2_plugins/velocity_smoother_ext) by extension 'ros'
[0.296s] DEBUG:colcon.colcon_core.package_identification:Package 'nav2_plugins/velocity_smoother_ext' with type 'ros.ament_cmake' and name 'velocity_smoother_ext'
[0.296s] Level 1:colcon.colcon_core.package_identification:_identify(rm_decision_cpp) by extensions ['ignore', 'ignore_ament_install']
[0.296s] Level 1:colcon.colcon_core.package_identification:_identify(rm_decision_cpp) by extension 'ignore'
[0.296s] Level 1:colcon.colcon_core.package_identification:_identify(rm_decision_cpp) by extension 'ignore_ament_install'
[0.296s] Level 1:colcon.colcon_core.package_identification:_identify(rm_decision_cpp) by extensions ['colcon_pkg']
[0.296s] Level 1:colcon.colcon_core.package_identification:_identify(rm_decision_cpp) by extension 'colcon_pkg'
[0.296s] Level 1:colcon.colcon_core.package_identification:_identify(rm_decision_cpp) by extensions ['colcon_meta']
[0.296s] Level 1:colcon.colcon_core.package_identification:_identify(rm_decision_cpp) by extension 'colcon_meta'
[0.296s] Level 1:colcon.colcon_core.package_identification:_identify(rm_decision_cpp) by extensions ['ros']
[0.296s] Level 1:colcon.colcon_core.package_identification:_identify(rm_decision_cpp) by extension 'ros'
[0.297s] DEBUG:colcon.colcon_core.package_identification:Package 'rm_decision_cpp' with type 'ros.ament_cmake' and name 'rm_decision_cpp'
[0.297s] Level 1:colcon.colcon_core.package_identification:_identify(rm_interfaces) by extensions ['ignore', 'ignore_ament_install']
[0.297s] Level 1:colcon.colcon_core.package_identification:_identify(rm_interfaces) by extension 'ignore'
[0.297s] Level 1:colcon.colcon_core.package_identification:_identify(rm_interfaces) by extension 'ignore_ament_install'
[0.297s] Level 1:colcon.colcon_core.package_identification:_identify(rm_interfaces) by extensions ['colcon_pkg']
[0.297s] Level 1:colcon.colcon_core.package_identification:_identify(rm_interfaces) by extension 'colcon_pkg'
[0.297s] Level 1:colcon.colcon_core.package_identification:_identify(rm_interfaces) by extensions ['colcon_meta']
[0.297s] Level 1:colcon.colcon_core.package_identification:_identify(rm_interfaces) by extension 'colcon_meta'
[0.297s] Level 1:colcon.colcon_core.package_identification:_identify(rm_interfaces) by extensions ['ros']
[0.297s] Level 1:colcon.colcon_core.package_identification:_identify(rm_interfaces) by extension 'ros'
[0.298s] DEBUG:colcon.colcon_core.package_identification:Package 'rm_interfaces' with type 'ros.ament_cmake' and name 'rm_interfaces'
[0.298s] Level 1:colcon.colcon_core.package_identification:_identify(rm_simulation) by extensions ['ignore', 'ignore_ament_install']
[0.298s] Level 1:colcon.colcon_core.package_identification:_identify(rm_simulation) by extension 'ignore'
[0.298s] Level 1:colcon.colcon_core.package_identification:_identify(rm_simulation) by extension 'ignore_ament_install'
[0.298s] Level 1:colcon.colcon_core.package_identification:_identify(rm_simulation) by extensions ['colcon_pkg']
[0.298s] Level 1:colcon.colcon_core.package_identification:_identify(rm_simulation) by extension 'colcon_pkg'
[0.298s] Level 1:colcon.colcon_core.package_identification:_identify(rm_simulation) by extensions ['colcon_meta']
[0.298s] Level 1:colcon.colcon_core.package_identification:_identify(rm_simulation) by extension 'colcon_meta'
[0.298s] Level 1:colcon.colcon_core.package_identification:_identify(rm_simulation) by extensions ['ros']
[0.298s] Level 1:colcon.colcon_core.package_identification:_identify(rm_simulation) by extension 'ros'
[0.298s] Level 1:colcon.colcon_core.package_identification:_identify(rm_simulation) by extensions ['cmake', 'python']
[0.298s] Level 1:colcon.colcon_core.package_identification:_identify(rm_simulation) by extension 'cmake'
[0.298s] Level 1:colcon.colcon_core.package_identification:_identify(rm_simulation) by extension 'python'
[0.298s] Level 1:colcon.colcon_core.package_identification:_identify(rm_simulation) by extensions ['python_setup_py']
[0.298s] Level 1:colcon.colcon_core.package_identification:_identify(rm_simulation) by extension 'python_setup_py'
[0.298s] Level 1:colcon.colcon_core.package_identification:_identify(rm_simulation/livox_laser_simulation_RO2) by extensions ['ignore', 'ignore_ament_install']
[0.298s] Level 1:colcon.colcon_core.package_identification:_identify(rm_simulation/livox_laser_simulation_RO2) by extension 'ignore'
[0.298s] Level 1:colcon.colcon_core.package_identification:_identify(rm_simulation/livox_laser_simulation_RO2) by extension 'ignore_ament_install'
[0.298s] Level 1:colcon.colcon_core.package_identification:_identify(rm_simulation/livox_laser_simulation_RO2) by extensions ['colcon_pkg']
[0.298s] Level 1:colcon.colcon_core.package_identification:_identify(rm_simulation/livox_laser_simulation_RO2) by extension 'colcon_pkg'
[0.298s] Level 1:colcon.colcon_core.package_identification:_identify(rm_simulation/livox_laser_simulation_RO2) by extensions ['colcon_meta']
[0.298s] Level 1:colcon.colcon_core.package_identification:_identify(rm_simulation/livox_laser_simulation_RO2) by extension 'colcon_meta'
[0.298s] Level 1:colcon.colcon_core.package_identification:_identify(rm_simulation/livox_laser_simulation_RO2) by extensions ['ros']
[0.298s] Level 1:colcon.colcon_core.package_identification:_identify(rm_simulation/livox_laser_simulation_RO2) by extension 'ros'
[0.299s] DEBUG:colcon.colcon_core.package_identification:Package 'rm_simulation/livox_laser_simulation_RO2' with type 'ros.ament_cmake' and name 'ros2_livox_simulation'
[0.299s] Level 1:colcon.colcon_core.package_identification:_identify(rm_simulation/pb_rm_simulation) by extensions ['ignore', 'ignore_ament_install']
[0.299s] Level 1:colcon.colcon_core.package_identification:_identify(rm_simulation/pb_rm_simulation) by extension 'ignore'
[0.299s] Level 1:colcon.colcon_core.package_identification:_identify(rm_simulation/pb_rm_simulation) by extension 'ignore_ament_install'
[0.299s] Level 1:colcon.colcon_core.package_identification:_identify(rm_simulation/pb_rm_simulation) by extensions ['colcon_pkg']
[0.299s] Level 1:colcon.colcon_core.package_identification:_identify(rm_simulation/pb_rm_simulation) by extension 'colcon_pkg'
[0.299s] Level 1:colcon.colcon_core.package_identification:_identify(rm_simulation/pb_rm_simulation) by extensions ['colcon_meta']
[0.299s] Level 1:colcon.colcon_core.package_identification:_identify(rm_simulation/pb_rm_simulation) by extension 'colcon_meta'
[0.299s] Level 1:colcon.colcon_core.package_identification:_identify(rm_simulation/pb_rm_simulation) by extensions ['ros']
[0.299s] Level 1:colcon.colcon_core.package_identification:_identify(rm_simulation/pb_rm_simulation) by extension 'ros'
[0.300s] DEBUG:colcon.colcon_core.package_identification:Package 'rm_simulation/pb_rm_simulation' with type 'ros.ament_cmake' and name 'pb_rm_simulation'
[0.300s] Level 1:colcon.colcon_core.package_identification:_identify(sentry_bringup) by extensions ['ignore', 'ignore_ament_install']
[0.300s] Level 1:colcon.colcon_core.package_identification:_identify(sentry_bringup) by extension 'ignore'
[0.300s] Level 1:colcon.colcon_core.package_identification:_identify(sentry_bringup) by extension 'ignore_ament_install'
[0.300s] Level 1:colcon.colcon_core.package_identification:_identify(sentry_bringup) by extensions ['colcon_pkg']
[0.300s] Level 1:colcon.colcon_core.package_identification:_identify(sentry_bringup) by extension 'colcon_pkg'
[0.300s] Level 1:colcon.colcon_core.package_identification:_identify(sentry_bringup) by extensions ['colcon_meta']
[0.300s] Level 1:colcon.colcon_core.package_identification:_identify(sentry_bringup) by extension 'colcon_meta'
[0.300s] Level 1:colcon.colcon_core.package_identification:_identify(sentry_bringup) by extensions ['ros']
[0.300s] Level 1:colcon.colcon_core.package_identification:_identify(sentry_bringup) by extension 'ros'
[0.300s] DEBUG:colcon.colcon_core.package_identification:Package 'sentry_bringup' with type 'ros.ament_cmake' and name 'sentry_bringup'
[0.301s] Level 1:colcon.colcon_core.package_identification:_identify(sentry_waypoint_loader_cpp) by extensions ['ignore', 'ignore_ament_install']
[0.301s] Level 1:colcon.colcon_core.package_identification:_identify(sentry_waypoint_loader_cpp) by extension 'ignore'
[0.301s] Level 1:colcon.colcon_core.package_identification:_identify(sentry_waypoint_loader_cpp) by extension 'ignore_ament_install'
[0.301s] Level 1:colcon.colcon_core.package_identification:_identify(sentry_waypoint_loader_cpp) by extensions ['colcon_pkg']
[0.301s] Level 1:colcon.colcon_core.package_identification:_identify(sentry_waypoint_loader_cpp) by extension 'colcon_pkg'
[0.301s] Level 1:colcon.colcon_core.package_identification:_identify(sentry_waypoint_loader_cpp) by extensions ['colcon_meta']
[0.301s] Level 1:colcon.colcon_core.package_identification:_identify(sentry_waypoint_loader_cpp) by extension 'colcon_meta'
[0.301s] Level 1:colcon.colcon_core.package_identification:_identify(sentry_waypoint_loader_cpp) by extensions ['ros']
[0.301s] Level 1:colcon.colcon_core.package_identification:_identify(sentry_waypoint_loader_cpp) by extension 'ros'
[0.301s] DEBUG:colcon.colcon_core.package_identification:Package 'sentry_waypoint_loader_cpp' with type 'ros.ament_cmake' and name 'sentry_waypoint_loader_cpp'
[0.301s] Level 1:colcon.colcon_core.package_discovery:discover_packages(recursive) using defaults
[0.301s] Level 1:colcon.colcon_core.package_discovery:discover_packages(ignore) discover
[0.301s] Level 1:colcon.colcon_core.package_discovery:discover_packages(ignore) using defaults
[0.302s] Level 1:colcon.colcon_core.package_discovery:discover_packages(path) discover
[0.302s] Level 1:colcon.colcon_core.package_discovery:discover_packages(path) using defaults
[0.318s] INFO:colcon.colcon_metadata.metadata.colcon_pkg:Updating descriptor of package 'gazebo_ros_pkgs/gazebo_ros' from colcon.pkg: {'dependencies': ['Gazebo']}
[0.319s] INFO:colcon.colcon_metadata.metadata.colcon_pkg:Updating descriptor of package 'gazebo_ros_pkgs/gazebo_plugins' from colcon.pkg: {'dependencies': ['Gazebo']}
[0.319s] INFO:colcon.colcon_metadata.metadata.colcon_pkg:Updating descriptor of package 'gazebo_ros_pkgs/gazebo_dev' from colcon.pkg: {'dependencies': ['Gazebo']}
[0.321s] INFO:colcon.colcon_core.package_selection:Skipping not selected package 'auto_aim_interfaces' in 'auto_aim_interfaces'
[0.321s] INFO:colcon.colcon_core.package_selection:Skipping not selected package 'behavior_ext_plugins' in 'nav2_plugins/behavior_ext_plugins'
[0.321s] INFO:colcon.colcon_core.package_selection:Skipping not selected package 'behaviortree_cpp' in 'BehaviorTree.CPP'
[0.321s] INFO:colcon.colcon_core.package_selection:Skipping not selected package 'control_panel' in 'control_panel'
[0.321s] INFO:colcon.colcon_core.package_selection:Skipping not selected package 'costmap_intensity' in 'nav2_plugins/costmap_intensity'
[0.321s] INFO:colcon.colcon_core.package_selection:Skipping not selected package 'gazebo_dev' in 'gazebo_ros_pkgs/gazebo_dev'
[0.321s] INFO:colcon.colcon_core.package_selection:Skipping not selected package 'gazebo_msgs' in 'gazebo_ros_pkgs/gazebo_msgs'
[0.322s] INFO:colcon.colcon_core.package_selection:Skipping not selected package 'livox_ros_driver2' in 'livox_ros_driver2'
[0.322s] INFO:colcon.colcon_core.package_selection:Skipping not selected package 'rm_interfaces' in 'rm_interfaces'
[0.322s] INFO:colcon.colcon_core.package_selection:Skipping not selected package 'sensor_scan_generation' in 'autonomous_exploration_development_environment/src/sensor_scan_generation'
[0.322s] INFO:colcon.colcon_core.package_selection:Skipping not selected package 'sentry_bringup' in 'sentry_bringup'
[0.322s] INFO:colcon.colcon_core.package_selection:Skipping not selected package 'terrain_analysis' in 'autonomous_exploration_development_environment/src/terrain_analysis'
[0.322s] INFO:colcon.colcon_core.package_selection:Skipping not selected package 'terrain_analysis_ext' in 'autonomous_exploration_development_environment/src/terrain_analysis_ext'
[0.322s] INFO:colcon.colcon_core.package_selection:Skipping not selected package 'velocity_smoother_ext' in 'nav2_plugins/velocity_smoother_ext'
[0.322s] INFO:colcon.colcon_core.package_selection:Skipping not selected package 'fast_lio' in 'FAST_LIO'
[0.322s] INFO:colcon.colcon_core.package_selection:Skipping not selected package 'gazebo_ros' in 'gazebo_ros_pkgs/gazebo_ros'
[0.322s] INFO:colcon.colcon_core.package_selection:Skipping not selected package 'icp_relocalization' in 'icp_relocalization'
[0.322s] INFO:colcon.colcon_core.package_selection:Skipping not selected package 'rm_decision_cpp' in 'rm_decision_cpp'
[0.322s] INFO:colcon.colcon_core.package_selection:Skipping not selected package 'gazebo_plugins' in 'gazebo_ros_pkgs/gazebo_plugins'
[0.322s] INFO:colcon.colcon_core.package_selection:Skipping not selected package 'ros2_livox_simulation' in 'rm_simulation/livox_laser_simulation_RO2'
[0.322s] INFO:colcon.colcon_core.package_selection:Skipping not selected package 'gazebo_ros_pkgs' in 'gazebo_ros_pkgs/gazebo_ros_pkgs'
[0.322s] INFO:colcon.colcon_core.package_selection:Skipping not selected package 'pb_rm_simulation' in 'rm_simulation/pb_rm_simulation'
[0.322s] Level 5:colcon.colcon_core.verb:set package 'sentry_waypoint_loader_cpp' build argument 'cmake_args' from command line to 'None'
[0.322s] Level 5:colcon.colcon_core.verb:set package 'sentry_waypoint_loader_cpp' build argument 'cmake_target' from command line to 'None'
[0.322s] Level 5:colcon.colcon_core.verb:set package 'sentry_waypoint_loader_cpp' build argument 'cmake_target_skip_unavailable' from command line to 'False'
[0.323s] Level 5:colcon.colcon_core.verb:set package 'sentry_waypoint_loader_cpp' build argument 'cmake_clean_cache' from command line to 'False'
[0.323s] Level 5:colcon.colcon_core.verb:set package 'sentry_waypoint_loader_cpp' build argument 'cmake_clean_first' from command line to 'False'
[0.323s] Level 5:colcon.colcon_core.verb:set package 'sentry_waypoint_loader_cpp' build argument 'cmake_force_configure' from command line to 'False'
[0.323s] Level 5:colcon.colcon_core.verb:set package 'sentry_waypoint_loader_cpp' build argument 'ament_cmake_args' from command line to 'None'
[0.323s] Level 5:colcon.colcon_core.verb:set package 'sentry_waypoint_loader_cpp' build argument 'catkin_cmake_args' from command line to 'None'
[0.323s] Level 5:colcon.colcon_core.verb:set package 'sentry_waypoint_loader_cpp' build argument 'catkin_skip_building_tests' from command line to 'False'
[0.323s] DEBUG:colcon.colcon_core.verb:Building package 'sentry_waypoint_loader_cpp' with the following arguments: {'ament_cmake_args': None, 'build_base': '/home/sentry_ws/src/build/sentry_waypoint_loader_cpp', 'catkin_cmake_args': None, 'catkin_skip_building_tests': False, 'cmake_args': None, 'cmake_clean_cache': False, 'cmake_clean_first': False, 'cmake_force_configure': False, 'cmake_target': None, 'cmake_target_skip_unavailable': False, 'install_base': '/home/sentry_ws/src/install/sentry_waypoint_loader_cpp', 'merge_install': False, 'path': '/home/sentry_ws/src/sentry_waypoint_loader_cpp', 'symlink_install': False, 'test_result_base': None}
[0.323s] INFO:colcon.colcon_core.executor:Executing jobs using 'parallel' executor
[0.325s] DEBUG:colcon.colcon_parallel_executor.executor.parallel:run_until_complete
[0.325s] INFO:colcon.colcon_ros.task.ament_cmake.build:Building ROS package in '/home/sentry_ws/src/sentry_waypoint_loader_cpp' with build type 'ament_cmake'
[0.325s] INFO:colcon.colcon_cmake.task.cmake.build:Building CMake package in '/home/sentry_ws/src/sentry_waypoint_loader_cpp'
[0.329s] INFO:colcon.colcon_core.plugin_system:Skipping extension 'colcon_core.shell.bat': Not used on non-Windows systems
[0.329s] INFO:colcon.colcon_core.shell:Skip shell extension 'powershell' for command environment: Not usable outside of PowerShell
[0.329s] DEBUG:colcon.colcon_core.shell:Skip shell extension 'dsv' for command environment
[0.344s] DEBUG:colcon.colcon_core.event_handler.log_command:Invoking command in '/home/sentry_ws/src/build/sentry_waypoint_loader_cpp': CMAKE_PREFIX_PATH=${CMAKE_PREFIX_PATH}:/home/sentry_ws/install/control_panel:/opt/ros/humble /usr/bin/cmake --build /home/sentry_ws/src/build/sentry_waypoint_loader_cpp -- -j16 -l16
[27.531s] DEBUG:colcon.colcon_core.event_handler.log_command:Invoked command in '/home/sentry_ws/src/build/sentry_waypoint_loader_cpp' returned '0': CMAKE_PREFIX_PATH=${CMAKE_PREFIX_PATH}:/home/sentry_ws/install/control_panel:/opt/ros/humble /usr/bin/cmake --build /home/sentry_ws/src/build/sentry_waypoint_loader_cpp -- -j16 -l16
[27.610s] DEBUG:colcon.colcon_core.event_handler.log_command:Invoking command in '/home/sentry_ws/src/build/sentry_waypoint_loader_cpp': CMAKE_PREFIX_PATH=${CMAKE_PREFIX_PATH}:/home/sentry_ws/install/control_panel:/opt/ros/humble /usr/bin/cmake --install /home/sentry_ws/src/build/sentry_waypoint_loader_cpp
[27.670s] Level 1:colcon.colcon_core.environment:create_environment_scripts_only(sentry_waypoint_loader_cpp)
[27.670s] DEBUG:colcon.colcon_core.event_handler.log_command:Invoked command in '/home/sentry_ws/src/build/sentry_waypoint_loader_cpp' returned '0': CMAKE_PREFIX_PATH=${CMAKE_PREFIX_PATH}:/home/sentry_ws/install/control_panel:/opt/ros/humble /usr/bin/cmake --install /home/sentry_ws/src/build/sentry_waypoint_loader_cpp
[27.678s] Level 1:colcon.colcon_core.environment:checking '/home/sentry_ws/src/install/sentry_waypoint_loader_cpp' for CMake module files
[27.679s] Level 1:colcon.colcon_core.environment:checking '/home/sentry_ws/src/install/sentry_waypoint_loader_cpp' for CMake config files
[27.680s] Level 1:colcon.colcon_core.shell:create_environment_hook('sentry_waypoint_loader_cpp', 'cmake_prefix_path')
[27.682s] INFO:colcon.colcon_core.shell:Creating environment hook '/home/sentry_ws/src/install/sentry_waypoint_loader_cpp/share/sentry_waypoint_loader_cpp/hook/cmake_prefix_path.ps1'
[27.683s] INFO:colcon.colcon_core.shell:Creating environment descriptor '/home/sentry_ws/src/install/sentry_waypoint_loader_cpp/share/sentry_waypoint_loader_cpp/hook/cmake_prefix_path.dsv'
[27.684s] INFO:colcon.colcon_core.shell:Creating environment hook '/home/sentry_ws/src/install/sentry_waypoint_loader_cpp/share/sentry_waypoint_loader_cpp/hook/cmake_prefix_path.sh'
[27.685s] Level 1:colcon.colcon_core.environment:checking '/home/sentry_ws/src/install/sentry_waypoint_loader_cpp/lib'
[27.685s] Level 1:colcon.colcon_core.shell:create_environment_hook('sentry_waypoint_loader_cpp', 'ld_library_path_lib')
[27.685s] INFO:colcon.colcon_core.shell:Creating environment hook '/home/sentry_ws/src/install/sentry_waypoint_loader_cpp/share/sentry_waypoint_loader_cpp/hook/ld_library_path_lib.ps1'
[27.686s] INFO:colcon.colcon_core.shell:Creating environment descriptor '/home/sentry_ws/src/install/sentry_waypoint_loader_cpp/share/sentry_waypoint_loader_cpp/hook/ld_library_path_lib.dsv'
[27.686s] INFO:colcon.colcon_core.shell:Creating environment hook '/home/sentry_ws/src/install/sentry_waypoint_loader_cpp/share/sentry_waypoint_loader_cpp/hook/ld_library_path_lib.sh'
[27.686s] Level 1:colcon.colcon_core.environment:checking '/home/sentry_ws/src/install/sentry_waypoint_loader_cpp/bin'
[27.686s] Level 1:colcon.colcon_core.environment:checking '/home/sentry_ws/src/install/sentry_waypoint_loader_cpp/lib/pkgconfig/sentry_waypoint_loader_cpp.pc'
[27.688s] Level 1:colcon.colcon_core.environment:checking '/home/sentry_ws/src/install/sentry_waypoint_loader_cpp/lib/python3.10/site-packages'
[27.688s] Level 1:colcon.colcon_core.environment:checking '/home/sentry_ws/src/install/sentry_waypoint_loader_cpp/bin'
[27.689s] INFO:colcon.colcon_core.shell:Creating package script '/home/sentry_ws/src/install/sentry_waypoint_loader_cpp/share/sentry_waypoint_loader_cpp/package.ps1'
[27.690s] INFO:colcon.colcon_core.shell:Creating package descriptor '/home/sentry_ws/src/install/sentry_waypoint_loader_cpp/share/sentry_waypoint_loader_cpp/package.dsv'
[27.690s] INFO:colcon.colcon_core.shell:Creating package script '/home/sentry_ws/src/install/sentry_waypoint_loader_cpp/share/sentry_waypoint_loader_cpp/package.sh'
[27.691s] INFO:colcon.colcon_core.shell:Creating package script '/home/sentry_ws/src/install/sentry_waypoint_loader_cpp/share/sentry_waypoint_loader_cpp/package.bash'
[27.691s] INFO:colcon.colcon_core.shell:Creating package script '/home/sentry_ws/src/install/sentry_waypoint_loader_cpp/share/sentry_waypoint_loader_cpp/package.zsh'
[27.691s] Level 1:colcon.colcon_core.environment:create_file_with_runtime_dependencies(/home/sentry_ws/src/install/sentry_waypoint_loader_cpp/share/colcon-core/packages/sentry_waypoint_loader_cpp)
[27.756s] Level 1:colcon.colcon_core.environment:create_environment_scripts_only(sentry_waypoint_loader_cpp)
[27.758s] Level 1:colcon.colcon_core.environment:checking '/home/sentry_ws/src/install/sentry_waypoint_loader_cpp' for CMake module files
[27.759s] Level 1:colcon.colcon_core.environment:checking '/home/sentry_ws/src/install/sentry_waypoint_loader_cpp' for CMake config files
[27.759s] Level 1:colcon.colcon_core.shell:create_environment_hook('sentry_waypoint_loader_cpp', 'cmake_prefix_path')
[27.760s] INFO:colcon.colcon_core.shell:Creating environment hook '/home/sentry_ws/src/install/sentry_waypoint_loader_cpp/share/sentry_waypoint_loader_cpp/hook/cmake_prefix_path.ps1'
[27.761s] INFO:colcon.colcon_core.shell:Creating environment descriptor '/home/sentry_ws/src/install/sentry_waypoint_loader_cpp/share/sentry_waypoint_loader_cpp/hook/cmake_prefix_path.dsv'
[27.761s] INFO:colcon.colcon_core.shell:Creating environment hook '/home/sentry_ws/src/install/sentry_waypoint_loader_cpp/share/sentry_waypoint_loader_cpp/hook/cmake_prefix_path.sh'
[27.761s] Level 1:colcon.colcon_core.environment:checking '/home/sentry_ws/src/install/sentry_waypoint_loader_cpp/lib'
[27.761s] Level 1:colcon.colcon_core.shell:create_environment_hook('sentry_waypoint_loader_cpp', 'ld_library_path_lib')
[27.762s] INFO:colcon.colcon_core.shell:Creating environment hook '/home/sentry_ws/src/install/sentry_waypoint_loader_cpp/share/sentry_waypoint_loader_cpp/hook/ld_library_path_lib.ps1'
[27.762s] INFO:colcon.colcon_core.shell:Creating environment descriptor '/home/sentry_ws/src/install/sentry_waypoint_loader_cpp/share/sentry_waypoint_loader_cpp/hook/ld_library_path_lib.dsv'
[27.762s] INFO:colcon.colcon_core.shell:Creating environment hook '/home/sentry_ws/src/install/sentry_waypoint_loader_cpp/share/sentry_waypoint_loader_cpp/hook/ld_library_path_lib.sh'
[27.763s] Level 1:colcon.colcon_core.environment:checking '/home/sentry_ws/src/install/sentry_waypoint_loader_cpp/bin'
[27.763s] Level 1:colcon.colcon_core.environment:checking '/home/sentry_ws/src/install/sentry_waypoint_loader_cpp/lib/pkgconfig/sentry_waypoint_loader_cpp.pc'
[27.763s] Level 1:colcon.colcon_core.environment:checking '/home/sentry_ws/src/install/sentry_waypoint_loader_cpp/lib/python3.10/site-packages'
[27.763s] Level 1:colcon.colcon_core.environment:checking '/home/sentry_ws/src/install/sentry_waypoint_loader_cpp/bin'
[27.764s] INFO:colcon.colcon_core.shell:Creating package script '/home/sentry_ws/src/install/sentry_waypoint_loader_cpp/share/sentry_waypoint_loader_cpp/package.ps1'
[27.764s] INFO:colcon.colcon_core.shell:Creating package descriptor '/home/sentry_ws/src/install/sentry_waypoint_loader_cpp/share/sentry_waypoint_loader_cpp/package.dsv'
[27.764s] INFO:colcon.colcon_core.shell:Creating package script '/home/sentry_ws/src/install/sentry_waypoint_loader_cpp/share/sentry_waypoint_loader_cpp/package.sh'
[27.765s] INFO:colcon.colcon_core.shell:Creating package script '/home/sentry_ws/src/install/sentry_waypoint_loader_cpp/share/sentry_waypoint_loader_cpp/package.bash'
[27.765s] INFO:colcon.colcon_core.shell:Creating package script '/home/sentry_ws/src/install/sentry_waypoint_loader_cpp/share/sentry_waypoint_loader_cpp/package.zsh'
[27.765s] Level 1:colcon.colcon_core.environment:create_file_with_runtime_dependencies(/home/sentry_ws/src/install/sentry_waypoint_loader_cpp/share/colcon-core/packages/sentry_waypoint_loader_cpp)
[27.765s] DEBUG:colcon.colcon_parallel_executor.executor.parallel:closing loop
[27.765s] DEBUG:colcon.colcon_parallel_executor.executor.parallel:loop closed
[27.766s] DEBUG:colcon.colcon_parallel_executor.executor.parallel:run_until_complete finished with '0'
[27.766s] DEBUG:colcon.colcon_core.event_reactor:joining thread
[27.775s] INFO:colcon.colcon_core.plugin_system:Skipping extension 'colcon_notification.desktop_notification.notify_send': Could not find 'notify-send'
[27.775s] INFO:colcon.colcon_core.plugin_system:Skipping extension 'colcon_notification.desktop_notification.terminal_notifier': Not used on non-Darwin systems
[27.775s] INFO:colcon.colcon_core.plugin_system:Skipping extension 'colcon_notification.desktop_notification.win32': Not used on non-Windows systems
[27.775s] INFO:colcon.colcon_notification.desktop_notification:Sending desktop notification using 'notify2'
[27.779s] DEBUG:colcon.colcon_notification.desktop_notification.notify2:Failed to initialize notify2: org.freedesktop.DBus.Error.Spawn.ExecFailed: /usr/bin/dbus-launch terminated abnormally without any error message
[27.779s] DEBUG:colcon.colcon_core.event_reactor:joined thread
[27.782s] INFO:colcon.colcon_core.shell:Creating prefix script '/home/sentry_ws/src/install/local_setup.ps1'
[27.784s] INFO:colcon.colcon_core.shell:Creating prefix util module '/home/sentry_ws/src/install/_local_setup_util_ps1.py'
[27.786s] INFO:colcon.colcon_core.shell:Creating prefix chain script '/home/sentry_ws/src/install/setup.ps1'
[27.791s] INFO:colcon.colcon_core.shell:Creating prefix script '/home/sentry_ws/src/install/local_setup.sh'
[27.792s] INFO:colcon.colcon_core.shell:Creating prefix util module '/home/sentry_ws/src/install/_local_setup_util_sh.py'
[27.792s] INFO:colcon.colcon_core.shell:Creating prefix chain script '/home/sentry_ws/src/install/setup.sh'
[27.794s] INFO:colcon.colcon_core.shell:Creating prefix script '/home/sentry_ws/src/install/local_setup.bash'
[27.794s] INFO:colcon.colcon_core.shell:Creating prefix chain script '/home/sentry_ws/src/install/setup.bash'
[27.795s] INFO:colcon.colcon_core.shell:Creating prefix script '/home/sentry_ws/src/install/local_setup.zsh'
[27.796s] INFO:colcon.colcon_core.shell:Creating prefix chain script '/home/sentry_ws/src/install/setup.zsh'
