[  1%] [34m[1mGenerating C++ code for ROS interfaces[0m
[  1%] Built target ament_cmake_python_copy_rm_interfaces
[  2%] [34m[1mGenerating C code for ROS interfaces[0m
running egg_info
writing rm_interfaces.egg-info/PKG-INFO
writing dependency_links to rm_interfaces.egg-info/dependency_links.txt
writing top-level names to rm_interfaces.egg-info/top_level.txt
reading manifest file 'rm_interfaces.egg-info/SOURCES.txt'
writing manifest file 'rm_interfaces.egg-info/SOURCES.txt'
[  2%] Built target ament_cmake_python_build_rm_interfaces_egg
[  2%] Built target rm_interfaces__cpp
[  4%] [34m[1mGenerating C++ type support for eProsima Fast-RTPS[0m
[  5%] [34m[1mGenerating C++ introspection for ROS interfaces[0m
[  7%] [34m[1mGenerating C++ type support dispatch for ROS interfaces[0m
[  8%] [32mBuilding C object CMakeFiles/rm_interfaces__rosidl_generator_c.dir/rosidl_generator_c/rm_interfaces/msg/detail/game_state__functions.c.o[0m
[  9%] [32mBuilding C object CMakeFiles/rm_interfaces__rosidl_generator_c.dir/rosidl_generator_c/rm_interfaces/msg/detail/sentry_cmd__functions.c.o[0m
[ 11%] [32mBuilding C object CMakeFiles/rm_interfaces__rosidl_generator_c.dir/rosidl_generator_c/rm_interfaces/msg/detail/chassis_cmd__functions.c.o[0m
[ 12%] [32mBuilding C object CMakeFiles/rm_interfaces__rosidl_generator_c.dir/rosidl_generator_c/rm_interfaces/msg/detail/gimbal__functions.c.o[0m
[ 15%] [32mBuilding C object CMakeFiles/rm_interfaces__rosidl_generator_c.dir/rosidl_generator_c/rm_interfaces/msg/detail/shoot_cmd__functions.c.o[0m
[ 15%] [32mBuilding C object CMakeFiles/rm_interfaces__rosidl_generator_c.dir/rosidl_generator_c/rm_interfaces/msg/detail/gimbal_cmd__functions.c.o[0m
[ 16%] [32m[1mLinking C shared library librm_interfaces__rosidl_generator_c.so[0m
[ 16%] Built target rm_interfaces__rosidl_generator_c
[ 18%] [34m[1mGenerating C type support for eProsima Fast-RTPS[0m
[ 19%] [34m[1mGenerating C introspection for ROS interfaces[0m
[ 21%] [34m[1mGenerating C type support dispatch for ROS interfaces[0m
[ 22%] [32mBuilding CXX object CMakeFiles/rm_interfaces__rosidl_typesupport_introspection_cpp.dir/rosidl_typesupport_introspection_cpp/rm_interfaces/msg/detail/game_state__type_support.cpp.o[0m
[ 25%] [32mBuilding CXX object CMakeFiles/rm_interfaces__rosidl_typesupport_introspection_cpp.dir/rosidl_typesupport_introspection_cpp/rm_interfaces/msg/detail/chassis_cmd__type_support.cpp.o[0m
[ 25%] [32mBuilding CXX object CMakeFiles/rm_interfaces__rosidl_typesupport_introspection_cpp.dir/rosidl_typesupport_introspection_cpp/rm_interfaces/msg/detail/sentry_cmd__type_support.cpp.o[0m
[ 26%] [32mBuilding CXX object CMakeFiles/rm_interfaces__rosidl_typesupport_introspection_cpp.dir/rosidl_typesupport_introspection_cpp/rm_interfaces/msg/detail/gimbal__type_support.cpp.o[0m
[ 28%] [32mBuilding CXX object CMakeFiles/rm_interfaces__rosidl_typesupport_introspection_cpp.dir/rosidl_typesupport_introspection_cpp/rm_interfaces/msg/detail/gimbal_cmd__type_support.cpp.o[0m
[ 29%] [32mBuilding CXX object CMakeFiles/rm_interfaces__rosidl_typesupport_introspection_cpp.dir/rosidl_typesupport_introspection_cpp/rm_interfaces/msg/detail/shoot_cmd__type_support.cpp.o[0m
[ 30%] [32mBuilding CXX object CMakeFiles/rm_interfaces__rosidl_typesupport_fastrtps_cpp.dir/rosidl_typesupport_fastrtps_cpp/rm_interfaces/msg/detail/dds_fastrtps/sentry_cmd__type_support.cpp.o[0m
[ 32%] [32mBuilding CXX object CMakeFiles/rm_interfaces__rosidl_typesupport_fastrtps_cpp.dir/rosidl_typesupport_fastrtps_cpp/rm_interfaces/msg/detail/dds_fastrtps/chassis_cmd__type_support.cpp.o[0m
[ 33%] [32mBuilding CXX object CMakeFiles/rm_interfaces__rosidl_typesupport_fastrtps_cpp.dir/rosidl_typesupport_fastrtps_cpp/rm_interfaces/msg/detail/dds_fastrtps/game_state__type_support.cpp.o[0m
[ 35%] [32mBuilding CXX object CMakeFiles/rm_interfaces__rosidl_typesupport_fastrtps_cpp.dir/rosidl_typesupport_fastrtps_cpp/rm_interfaces/msg/detail/dds_fastrtps/gimbal__type_support.cpp.o[0m
[ 36%] [32mBuilding CXX object CMakeFiles/rm_interfaces__rosidl_typesupport_fastrtps_cpp.dir/rosidl_typesupport_fastrtps_cpp/rm_interfaces/msg/detail/dds_fastrtps/shoot_cmd__type_support.cpp.o[0m
[ 38%] [32mBuilding CXX object CMakeFiles/rm_interfaces__rosidl_typesupport_cpp.dir/rosidl_typesupport_cpp/rm_interfaces/msg/game_state__type_support.cpp.o[0m
[ 39%] [32mBuilding CXX object CMakeFiles/rm_interfaces__rosidl_typesupport_fastrtps_cpp.dir/rosidl_typesupport_fastrtps_cpp/rm_interfaces/msg/detail/dds_fastrtps/gimbal_cmd__type_support.cpp.o[0m
[ 40%] [32mBuilding CXX object CMakeFiles/rm_interfaces__rosidl_typesupport_fastrtps_c.dir/rosidl_typesupport_fastrtps_c/rm_interfaces/msg/detail/game_state__type_support_c.cpp.o[0m
[ 42%] [32mBuilding CXX object CMakeFiles/rm_interfaces__rosidl_typesupport_fastrtps_c.dir/rosidl_typesupport_fastrtps_c/rm_interfaces/msg/detail/sentry_cmd__type_support_c.cpp.o[0m
[ 43%] [32mBuilding CXX object CMakeFiles/rm_interfaces__rosidl_typesupport_c.dir/rosidl_typesupport_c/rm_interfaces/msg/game_state__type_support.cpp.o[0m
[ 45%] [32mBuilding CXX object CMakeFiles/rm_interfaces__rosidl_typesupport_fastrtps_c.dir/rosidl_typesupport_fastrtps_c/rm_interfaces/msg/detail/chassis_cmd__type_support_c.cpp.o[0m
[ 46%] [32mBuilding CXX object CMakeFiles/rm_interfaces__rosidl_typesupport_c.dir/rosidl_typesupport_c/rm_interfaces/msg/sentry_cmd__type_support.cpp.o[0m
[ 49%] [32mBuilding CXX object CMakeFiles/rm_interfaces__rosidl_typesupport_cpp.dir/rosidl_typesupport_cpp/rm_interfaces/msg/sentry_cmd__type_support.cpp.o[0m
[ 49%] [32mBuilding CXX object CMakeFiles/rm_interfaces__rosidl_typesupport_cpp.dir/rosidl_typesupport_cpp/rm_interfaces/msg/chassis_cmd__type_support.cpp.o[0m
[ 50%] [32mBuilding CXX object CMakeFiles/rm_interfaces__rosidl_typesupport_c.dir/rosidl_typesupport_c/rm_interfaces/msg/chassis_cmd__type_support.cpp.o[0m
[ 52%] [32mBuilding CXX object CMakeFiles/rm_interfaces__rosidl_typesupport_cpp.dir/rosidl_typesupport_cpp/rm_interfaces/msg/gimbal__type_support.cpp.o[0m
[ 53%] [32mBuilding C object CMakeFiles/rm_interfaces__rosidl_typesupport_introspection_c.dir/rosidl_typesupport_introspection_c/rm_interfaces/msg/detail/sentry_cmd__type_support.c.o[0m
[ 54%] [32mBuilding C object CMakeFiles/rm_interfaces__rosidl_typesupport_introspection_c.dir/rosidl_typesupport_introspection_c/rm_interfaces/msg/detail/game_state__type_support.c.o[0m
[ 56%] [32mBuilding CXX object CMakeFiles/rm_interfaces__rosidl_typesupport_c.dir/rosidl_typesupport_c/rm_interfaces/msg/gimbal__type_support.cpp.o[0m
[ 57%] [32mBuilding CXX object CMakeFiles/rm_interfaces__rosidl_typesupport_cpp.dir/rosidl_typesupport_cpp/rm_interfaces/msg/gimbal_cmd__type_support.cpp.o[0m
[ 59%] [32mBuilding C object CMakeFiles/rm_interfaces__rosidl_typesupport_introspection_c.dir/rosidl_typesupport_introspection_c/rm_interfaces/msg/detail/chassis_cmd__type_support.c.o[0m
[ 60%] [32mBuilding CXX object CMakeFiles/rm_interfaces__rosidl_typesupport_c.dir/rosidl_typesupport_c/rm_interfaces/msg/gimbal_cmd__type_support.cpp.o[0m
[ 61%] [32mBuilding C object CMakeFiles/rm_interfaces__rosidl_typesupport_introspection_c.dir/rosidl_typesupport_introspection_c/rm_interfaces/msg/detail/gimbal__type_support.c.o[0m
[ 63%] [32m[1mLinking CXX shared library librm_interfaces__rosidl_typesupport_introspection_cpp.so[0m
[ 64%] [32mBuilding C object CMakeFiles/rm_interfaces__rosidl_typesupport_introspection_c.dir/rosidl_typesupport_introspection_c/rm_interfaces/msg/detail/gimbal_cmd__type_support.c.o[0m
[ 66%] [32mBuilding CXX object CMakeFiles/rm_interfaces__rosidl_typesupport_c.dir/rosidl_typesupport_c/rm_interfaces/msg/shoot_cmd__type_support.cpp.o[0m
[ 67%] [32mBuilding CXX object CMakeFiles/rm_interfaces__rosidl_typesupport_fastrtps_c.dir/rosidl_typesupport_fastrtps_c/rm_interfaces/msg/detail/gimbal__type_support_c.cpp.o[0m
[ 69%] [32mBuilding CXX object CMakeFiles/rm_interfaces__rosidl_typesupport_cpp.dir/rosidl_typesupport_cpp/rm_interfaces/msg/shoot_cmd__type_support.cpp.o[0m
[ 70%] [32mBuilding C object CMakeFiles/rm_interfaces__rosidl_typesupport_introspection_c.dir/rosidl_typesupport_introspection_c/rm_interfaces/msg/detail/shoot_cmd__type_support.c.o[0m
[ 71%] [32m[1mLinking CXX shared library librm_interfaces__rosidl_typesupport_c.so[0m
[ 73%] [32mBuilding CXX object CMakeFiles/rm_interfaces__rosidl_typesupport_fastrtps_c.dir/rosidl_typesupport_fastrtps_c/rm_interfaces/msg/detail/gimbal_cmd__type_support_c.cpp.o[0m
[ 73%] Built target rm_interfaces__rosidl_typesupport_introspection_cpp
[ 74%] [32mBuilding CXX object CMakeFiles/rm_interfaces__rosidl_typesupport_fastrtps_c.dir/rosidl_typesupport_fastrtps_c/rm_interfaces/msg/detail/shoot_cmd__type_support_c.cpp.o[0m
[ 76%] [32m[1mLinking C shared library librm_interfaces__rosidl_typesupport_introspection_c.so[0m
[ 76%] Built target rm_interfaces__rosidl_typesupport_c
[ 77%] [32m[1mLinking CXX shared library librm_interfaces__rosidl_typesupport_fastrtps_cpp.so[0m
[ 77%] Built target rm_interfaces__rosidl_typesupport_introspection_c
[ 77%] Built target rm_interfaces__rosidl_typesupport_fastrtps_cpp
[ 78%] [32m[1mLinking CXX shared library librm_interfaces__rosidl_typesupport_fastrtps_c.so[0m
[ 80%] [32m[1mLinking CXX shared library librm_interfaces__rosidl_typesupport_cpp.so[0m
[ 80%] Built target rm_interfaces__rosidl_typesupport_fastrtps_c
[ 80%] Built target rm_interfaces__rosidl_typesupport_cpp
[ 80%] Built target rm_interfaces
[ 81%] [34m[1mGenerating Python code for ROS interfaces[0m
[ 81%] Built target rm_interfaces__py
[ 83%] [32mBuilding C object CMakeFiles/rm_interfaces__rosidl_generator_py.dir/rosidl_generator_py/rm_interfaces/msg/_game_state_s.c.o[0m
[ 84%] [32mBuilding C object CMakeFiles/rm_interfaces__rosidl_generator_py.dir/rosidl_generator_py/rm_interfaces/msg/_chassis_cmd_s.c.o[0m
[ 85%] [32mBuilding C object CMakeFiles/rm_interfaces__rosidl_generator_py.dir/rosidl_generator_py/rm_interfaces/msg/_sentry_cmd_s.c.o[0m
[ 87%] [32mBuilding C object CMakeFiles/rm_interfaces__rosidl_generator_py.dir/rosidl_generator_py/rm_interfaces/msg/_gimbal_s.c.o[0m
[ 88%] [32mBuilding C object CMakeFiles/rm_interfaces__rosidl_generator_py.dir/rosidl_generator_py/rm_interfaces/msg/_gimbal_cmd_s.c.o[0m
[ 90%] [32mBuilding C object CMakeFiles/rm_interfaces__rosidl_generator_py.dir/rosidl_generator_py/rm_interfaces/msg/_shoot_cmd_s.c.o[0m
[ 91%] [32m[1mLinking C shared library rosidl_generator_py/rm_interfaces/librm_interfaces__rosidl_generator_py.so[0m
[ 91%] Built target rm_interfaces__rosidl_generator_py
[ 92%] [32mBuilding C object CMakeFiles/rm_interfaces__rosidl_typesupport_fastrtps_c__pyext.dir/rosidl_generator_py/rm_interfaces/_rm_interfaces_s.ep.rosidl_typesupport_fastrtps_c.c.o[0m
[ 94%] [32mBuilding C object CMakeFiles/rm_interfaces__rosidl_typesupport_c__pyext.dir/rosidl_generator_py/rm_interfaces/_rm_interfaces_s.ep.rosidl_typesupport_c.c.o[0m
[ 95%] [32mBuilding C object CMakeFiles/rm_interfaces__rosidl_typesupport_introspection_c__pyext.dir/rosidl_generator_py/rm_interfaces/_rm_interfaces_s.ep.rosidl_typesupport_introspection_c.c.o[0m
[ 97%] [32m[1mLinking C shared library rosidl_generator_py/rm_interfaces/rm_interfaces_s__rosidl_typesupport_c.cpython-310-x86_64-linux-gnu.so[0m
[ 98%] [32m[1mLinking C shared library rosidl_generator_py/rm_interfaces/rm_interfaces_s__rosidl_typesupport_fastrtps_c.cpython-310-x86_64-linux-gnu.so[0m
[100%] [32m[1mLinking C shared library rosidl_generator_py/rm_interfaces/rm_interfaces_s__rosidl_typesupport_introspection_c.cpython-310-x86_64-linux-gnu.so[0m
[100%] Built target rm_interfaces__rosidl_typesupport_fastrtps_c__pyext
[100%] Built target rm_interfaces__rosidl_typesupport_c__pyext
[100%] Built target rm_interfaces__rosidl_typesupport_introspection_c__pyext
-- Install configuration: ""
-- Installing: /home/sentry_ws/src/install/rm_interfaces/share/ament_index/resource_index/rosidl_interfaces/rm_interfaces
-- Installing: /home/sentry_ws/src/install/rm_interfaces/include/rm_interfaces/rm_interfaces
-- Installing: /home/sentry_ws/src/install/rm_interfaces/include/rm_interfaces/rm_interfaces/msg
-- Installing: /home/sentry_ws/src/install/rm_interfaces/include/rm_interfaces/rm_interfaces/msg/rosidl_generator_c__visibility_control.h
-- Installing: /home/sentry_ws/src/install/rm_interfaces/include/rm_interfaces/rm_interfaces/msg/gimbal_cmd.h
-- Installing: /home/sentry_ws/src/install/rm_interfaces/include/rm_interfaces/rm_interfaces/msg/detail
-- Installing: /home/sentry_ws/src/install/rm_interfaces/include/rm_interfaces/rm_interfaces/msg/detail/gimbal__functions.c
-- Installing: /home/sentry_ws/src/install/rm_interfaces/include/rm_interfaces/rm_interfaces/msg/detail/gimbal_cmd__functions.c
-- Installing: /home/sentry_ws/src/install/rm_interfaces/include/rm_interfaces/rm_interfaces/msg/detail/shoot_cmd__functions.c
-- Installing: /home/sentry_ws/src/install/rm_interfaces/include/rm_interfaces/rm_interfaces/msg/detail/gimbal__functions.h
-- Installing: /home/sentry_ws/src/install/rm_interfaces/include/rm_interfaces/rm_interfaces/msg/detail/chassis_cmd__type_support.h
-- Installing: /home/sentry_ws/src/install/rm_interfaces/include/rm_interfaces/rm_interfaces/msg/detail/game_state__functions.c
-- Installing: /home/sentry_ws/src/install/rm_interfaces/include/rm_interfaces/rm_interfaces/msg/detail/sentry_cmd__functions.h
-- Installing: /home/sentry_ws/src/install/rm_interfaces/include/rm_interfaces/rm_interfaces/msg/detail/gimbal_cmd__functions.h
-- Installing: /home/sentry_ws/src/install/rm_interfaces/include/rm_interfaces/rm_interfaces/msg/detail/shoot_cmd__functions.h
-- Installing: /home/sentry_ws/src/install/rm_interfaces/include/rm_interfaces/rm_interfaces/msg/detail/game_state__functions.h
-- Installing: /home/sentry_ws/src/install/rm_interfaces/include/rm_interfaces/rm_interfaces/msg/detail/gimbal_cmd__type_support.h
-- Installing: /home/sentry_ws/src/install/rm_interfaces/include/rm_interfaces/rm_interfaces/msg/detail/chassis_cmd__struct.h
-- Installing: /home/sentry_ws/src/install/rm_interfaces/include/rm_interfaces/rm_interfaces/msg/detail/sentry_cmd__type_support.h
-- Installing: /home/sentry_ws/src/install/rm_interfaces/include/rm_interfaces/rm_interfaces/msg/detail/shoot_cmd__type_support.h
-- Installing: /home/sentry_ws/src/install/rm_interfaces/include/rm_interfaces/rm_interfaces/msg/detail/shoot_cmd__struct.h
-- Installing: /home/sentry_ws/src/install/rm_interfaces/include/rm_interfaces/rm_interfaces/msg/detail/sentry_cmd__functions.c
-- Installing: /home/sentry_ws/src/install/rm_interfaces/include/rm_interfaces/rm_interfaces/msg/detail/sentry_cmd__struct.h
-- Installing: /home/sentry_ws/src/install/rm_interfaces/include/rm_interfaces/rm_interfaces/msg/detail/chassis_cmd__functions.h
-- Installing: /home/sentry_ws/src/install/rm_interfaces/include/rm_interfaces/rm_interfaces/msg/detail/gimbal_cmd__struct.h
-- Installing: /home/sentry_ws/src/install/rm_interfaces/include/rm_interfaces/rm_interfaces/msg/detail/game_state__struct.h
-- Installing: /home/sentry_ws/src/install/rm_interfaces/include/rm_interfaces/rm_interfaces/msg/detail/chassis_cmd__functions.c
-- Installing: /home/sentry_ws/src/install/rm_interfaces/include/rm_interfaces/rm_interfaces/msg/detail/game_state__type_support.h
-- Installing: /home/sentry_ws/src/install/rm_interfaces/include/rm_interfaces/rm_interfaces/msg/detail/gimbal__type_support.h
-- Installing: /home/sentry_ws/src/install/rm_interfaces/include/rm_interfaces/rm_interfaces/msg/detail/gimbal__struct.h
-- Installing: /home/sentry_ws/src/install/rm_interfaces/include/rm_interfaces/rm_interfaces/msg/chassis_cmd.h
-- Installing: /home/sentry_ws/src/install/rm_interfaces/include/rm_interfaces/rm_interfaces/msg/gimbal.h
-- Installing: /home/sentry_ws/src/install/rm_interfaces/include/rm_interfaces/rm_interfaces/msg/shoot_cmd.h
-- Installing: /home/sentry_ws/src/install/rm_interfaces/include/rm_interfaces/rm_interfaces/msg/game_state.h
-- Installing: /home/sentry_ws/src/install/rm_interfaces/include/rm_interfaces/rm_interfaces/msg/sentry_cmd.h
-- Installing: /home/sentry_ws/src/install/rm_interfaces/share/rm_interfaces/environment/library_path.sh
-- Installing: /home/sentry_ws/src/install/rm_interfaces/share/rm_interfaces/environment/library_path.dsv
-- Installing: /home/sentry_ws/src/install/rm_interfaces/lib/librm_interfaces__rosidl_generator_c.so
-- Set runtime path of "/home/sentry_ws/src/install/rm_interfaces/lib/librm_interfaces__rosidl_generator_c.so" to ""
-- Up-to-date: /home/sentry_ws/src/install/rm_interfaces/include/rm_interfaces/rm_interfaces
-- Up-to-date: /home/sentry_ws/src/install/rm_interfaces/include/rm_interfaces/rm_interfaces/msg
-- Installing: /home/sentry_ws/src/install/rm_interfaces/include/rm_interfaces/rm_interfaces/msg/rosidl_typesupport_fastrtps_c__visibility_control.h
-- Up-to-date: /home/sentry_ws/src/install/rm_interfaces/include/rm_interfaces/rm_interfaces/msg/detail
-- Installing: /home/sentry_ws/src/install/rm_interfaces/include/rm_interfaces/rm_interfaces/msg/detail/shoot_cmd__rosidl_typesupport_fastrtps_c.h
-- Installing: /home/sentry_ws/src/install/rm_interfaces/include/rm_interfaces/rm_interfaces/msg/detail/sentry_cmd__rosidl_typesupport_fastrtps_c.h
-- Installing: /home/sentry_ws/src/install/rm_interfaces/include/rm_interfaces/rm_interfaces/msg/detail/gimbal_cmd__rosidl_typesupport_fastrtps_c.h
-- Installing: /home/sentry_ws/src/install/rm_interfaces/include/rm_interfaces/rm_interfaces/msg/detail/gimbal__rosidl_typesupport_fastrtps_c.h
-- Installing: /home/sentry_ws/src/install/rm_interfaces/include/rm_interfaces/rm_interfaces/msg/detail/chassis_cmd__rosidl_typesupport_fastrtps_c.h
-- Installing: /home/sentry_ws/src/install/rm_interfaces/include/rm_interfaces/rm_interfaces/msg/detail/game_state__rosidl_typesupport_fastrtps_c.h
-- Installing: /home/sentry_ws/src/install/rm_interfaces/lib/librm_interfaces__rosidl_typesupport_fastrtps_c.so
-- Set runtime path of "/home/sentry_ws/src/install/rm_interfaces/lib/librm_interfaces__rosidl_typesupport_fastrtps_c.so" to ""
-- Up-to-date: /home/sentry_ws/src/install/rm_interfaces/include/rm_interfaces/rm_interfaces
-- Up-to-date: /home/sentry_ws/src/install/rm_interfaces/include/rm_interfaces/rm_interfaces/msg
-- Up-to-date: /home/sentry_ws/src/install/rm_interfaces/include/rm_interfaces/rm_interfaces/msg/detail
-- Installing: /home/sentry_ws/src/install/rm_interfaces/include/rm_interfaces/rm_interfaces/msg/detail/chassis_cmd__rosidl_typesupport_introspection_c.h
-- Installing: /home/sentry_ws/src/install/rm_interfaces/include/rm_interfaces/rm_interfaces/msg/detail/shoot_cmd__type_support.c
-- Installing: /home/sentry_ws/src/install/rm_interfaces/include/rm_interfaces/rm_interfaces/msg/detail/gimbal__type_support.c
-- Installing: /home/sentry_ws/src/install/rm_interfaces/include/rm_interfaces/rm_interfaces/msg/detail/gimbal_cmd__type_support.c
-- Installing: /home/sentry_ws/src/install/rm_interfaces/include/rm_interfaces/rm_interfaces/msg/detail/shoot_cmd__rosidl_typesupport_introspection_c.h
-- Installing: /home/sentry_ws/src/install/rm_interfaces/include/rm_interfaces/rm_interfaces/msg/detail/game_state__rosidl_typesupport_introspection_c.h
-- Installing: /home/sentry_ws/src/install/rm_interfaces/include/rm_interfaces/rm_interfaces/msg/detail/game_state__type_support.c
-- Installing: /home/sentry_ws/src/install/rm_interfaces/include/rm_interfaces/rm_interfaces/msg/detail/gimbal__rosidl_typesupport_introspection_c.h
-- Installing: /home/sentry_ws/src/install/rm_interfaces/include/rm_interfaces/rm_interfaces/msg/detail/chassis_cmd__type_support.c
-- Installing: /home/sentry_ws/src/install/rm_interfaces/include/rm_interfaces/rm_interfaces/msg/detail/gimbal_cmd__rosidl_typesupport_introspection_c.h
-- Installing: /home/sentry_ws/src/install/rm_interfaces/include/rm_interfaces/rm_interfaces/msg/detail/sentry_cmd__type_support.c
-- Installing: /home/sentry_ws/src/install/rm_interfaces/include/rm_interfaces/rm_interfaces/msg/detail/sentry_cmd__rosidl_typesupport_introspection_c.h
-- Installing: /home/sentry_ws/src/install/rm_interfaces/include/rm_interfaces/rm_interfaces/msg/rosidl_typesupport_introspection_c__visibility_control.h
-- Installing: /home/sentry_ws/src/install/rm_interfaces/lib/librm_interfaces__rosidl_typesupport_introspection_c.so
-- Set runtime path of "/home/sentry_ws/src/install/rm_interfaces/lib/librm_interfaces__rosidl_typesupport_introspection_c.so" to ""
-- Installing: /home/sentry_ws/src/install/rm_interfaces/lib/librm_interfaces__rosidl_typesupport_c.so
-- Set runtime path of "/home/sentry_ws/src/install/rm_interfaces/lib/librm_interfaces__rosidl_typesupport_c.so" to ""
-- Up-to-date: /home/sentry_ws/src/install/rm_interfaces/include/rm_interfaces/rm_interfaces
-- Up-to-date: /home/sentry_ws/src/install/rm_interfaces/include/rm_interfaces/rm_interfaces/msg
-- Installing: /home/sentry_ws/src/install/rm_interfaces/include/rm_interfaces/rm_interfaces/msg/gimbal_cmd.hpp
-- Installing: /home/sentry_ws/src/install/rm_interfaces/include/rm_interfaces/rm_interfaces/msg/shoot_cmd.hpp
-- Up-to-date: /home/sentry_ws/src/install/rm_interfaces/include/rm_interfaces/rm_interfaces/msg/detail
-- Installing: /home/sentry_ws/src/install/rm_interfaces/include/rm_interfaces/rm_interfaces/msg/detail/game_state__traits.hpp
-- Installing: /home/sentry_ws/src/install/rm_interfaces/include/rm_interfaces/rm_interfaces/msg/detail/gimbal_cmd__builder.hpp
-- Installing: /home/sentry_ws/src/install/rm_interfaces/include/rm_interfaces/rm_interfaces/msg/detail/game_state__builder.hpp
-- Installing: /home/sentry_ws/src/install/rm_interfaces/include/rm_interfaces/rm_interfaces/msg/detail/sentry_cmd__traits.hpp
-- Installing: /home/sentry_ws/src/install/rm_interfaces/include/rm_interfaces/rm_interfaces/msg/detail/sentry_cmd__builder.hpp
-- Installing: /home/sentry_ws/src/install/rm_interfaces/include/rm_interfaces/rm_interfaces/msg/detail/sentry_cmd__struct.hpp
-- Installing: /home/sentry_ws/src/install/rm_interfaces/include/rm_interfaces/rm_interfaces/msg/detail/gimbal__struct.hpp
-- Installing: /home/sentry_ws/src/install/rm_interfaces/include/rm_interfaces/rm_interfaces/msg/detail/gimbal_cmd__struct.hpp
-- Installing: /home/sentry_ws/src/install/rm_interfaces/include/rm_interfaces/rm_interfaces/msg/detail/gimbal_cmd__traits.hpp
-- Installing: /home/sentry_ws/src/install/rm_interfaces/include/rm_interfaces/rm_interfaces/msg/detail/shoot_cmd__builder.hpp
-- Installing: /home/sentry_ws/src/install/rm_interfaces/include/rm_interfaces/rm_interfaces/msg/detail/chassis_cmd__builder.hpp
-- Installing: /home/sentry_ws/src/install/rm_interfaces/include/rm_interfaces/rm_interfaces/msg/detail/chassis_cmd__struct.hpp
-- Installing: /home/sentry_ws/src/install/rm_interfaces/include/rm_interfaces/rm_interfaces/msg/detail/gimbal__builder.hpp
-- Installing: /home/sentry_ws/src/install/rm_interfaces/include/rm_interfaces/rm_interfaces/msg/detail/shoot_cmd__struct.hpp
-- Installing: /home/sentry_ws/src/install/rm_interfaces/include/rm_interfaces/rm_interfaces/msg/detail/gimbal__traits.hpp
-- Installing: /home/sentry_ws/src/install/rm_interfaces/include/rm_interfaces/rm_interfaces/msg/detail/game_state__struct.hpp
-- Installing: /home/sentry_ws/src/install/rm_interfaces/include/rm_interfaces/rm_interfaces/msg/detail/shoot_cmd__traits.hpp
-- Installing: /home/sentry_ws/src/install/rm_interfaces/include/rm_interfaces/rm_interfaces/msg/detail/chassis_cmd__traits.hpp
-- Installing: /home/sentry_ws/src/install/rm_interfaces/include/rm_interfaces/rm_interfaces/msg/gimbal.hpp
-- Installing: /home/sentry_ws/src/install/rm_interfaces/include/rm_interfaces/rm_interfaces/msg/sentry_cmd.hpp
-- Installing: /home/sentry_ws/src/install/rm_interfaces/include/rm_interfaces/rm_interfaces/msg/game_state.hpp
-- Installing: /home/sentry_ws/src/install/rm_interfaces/include/rm_interfaces/rm_interfaces/msg/chassis_cmd.hpp
-- Up-to-date: /home/sentry_ws/src/install/rm_interfaces/include/rm_interfaces/rm_interfaces
-- Up-to-date: /home/sentry_ws/src/install/rm_interfaces/include/rm_interfaces/rm_interfaces/msg
-- Installing: /home/sentry_ws/src/install/rm_interfaces/include/rm_interfaces/rm_interfaces/msg/rosidl_typesupport_fastrtps_cpp__visibility_control.h
-- Up-to-date: /home/sentry_ws/src/install/rm_interfaces/include/rm_interfaces/rm_interfaces/msg/detail
-- Installing: /home/sentry_ws/src/install/rm_interfaces/include/rm_interfaces/rm_interfaces/msg/detail/chassis_cmd__rosidl_typesupport_fastrtps_cpp.hpp
-- Installing: /home/sentry_ws/src/install/rm_interfaces/include/rm_interfaces/rm_interfaces/msg/detail/dds_fastrtps
-- Installing: /home/sentry_ws/src/install/rm_interfaces/include/rm_interfaces/rm_interfaces/msg/detail/gimbal_cmd__rosidl_typesupport_fastrtps_cpp.hpp
-- Installing: /home/sentry_ws/src/install/rm_interfaces/include/rm_interfaces/rm_interfaces/msg/detail/gimbal__rosidl_typesupport_fastrtps_cpp.hpp
-- Installing: /home/sentry_ws/src/install/rm_interfaces/include/rm_interfaces/rm_interfaces/msg/detail/sentry_cmd__rosidl_typesupport_fastrtps_cpp.hpp
-- Installing: /home/sentry_ws/src/install/rm_interfaces/include/rm_interfaces/rm_interfaces/msg/detail/shoot_cmd__rosidl_typesupport_fastrtps_cpp.hpp
-- Installing: /home/sentry_ws/src/install/rm_interfaces/include/rm_interfaces/rm_interfaces/msg/detail/game_state__rosidl_typesupport_fastrtps_cpp.hpp
-- Installing: /home/sentry_ws/src/install/rm_interfaces/lib/librm_interfaces__rosidl_typesupport_fastrtps_cpp.so
-- Set runtime path of "/home/sentry_ws/src/install/rm_interfaces/lib/librm_interfaces__rosidl_typesupport_fastrtps_cpp.so" to ""
-- Up-to-date: /home/sentry_ws/src/install/rm_interfaces/include/rm_interfaces/rm_interfaces
-- Up-to-date: /home/sentry_ws/src/install/rm_interfaces/include/rm_interfaces/rm_interfaces/msg
-- Up-to-date: /home/sentry_ws/src/install/rm_interfaces/include/rm_interfaces/rm_interfaces/msg/detail
-- Installing: /home/sentry_ws/src/install/rm_interfaces/include/rm_interfaces/rm_interfaces/msg/detail/chassis_cmd__type_support.cpp
-- Installing: /home/sentry_ws/src/install/rm_interfaces/include/rm_interfaces/rm_interfaces/msg/detail/gimbal__rosidl_typesupport_introspection_cpp.hpp
-- Installing: /home/sentry_ws/src/install/rm_interfaces/include/rm_interfaces/rm_interfaces/msg/detail/chassis_cmd__rosidl_typesupport_introspection_cpp.hpp
-- Installing: /home/sentry_ws/src/install/rm_interfaces/include/rm_interfaces/rm_interfaces/msg/detail/gimbal__type_support.cpp
-- Installing: /home/sentry_ws/src/install/rm_interfaces/include/rm_interfaces/rm_interfaces/msg/detail/shoot_cmd__rosidl_typesupport_introspection_cpp.hpp
-- Installing: /home/sentry_ws/src/install/rm_interfaces/include/rm_interfaces/rm_interfaces/msg/detail/gimbal_cmd__rosidl_typesupport_introspection_cpp.hpp
-- Installing: /home/sentry_ws/src/install/rm_interfaces/include/rm_interfaces/rm_interfaces/msg/detail/game_state__rosidl_typesupport_introspection_cpp.hpp
-- Installing: /home/sentry_ws/src/install/rm_interfaces/include/rm_interfaces/rm_interfaces/msg/detail/sentry_cmd__type_support.cpp
-- Installing: /home/sentry_ws/src/install/rm_interfaces/include/rm_interfaces/rm_interfaces/msg/detail/shoot_cmd__type_support.cpp
-- Installing: /home/sentry_ws/src/install/rm_interfaces/include/rm_interfaces/rm_interfaces/msg/detail/game_state__type_support.cpp
-- Installing: /home/sentry_ws/src/install/rm_interfaces/include/rm_interfaces/rm_interfaces/msg/detail/gimbal_cmd__type_support.cpp
-- Installing: /home/sentry_ws/src/install/rm_interfaces/include/rm_interfaces/rm_interfaces/msg/detail/sentry_cmd__rosidl_typesupport_introspection_cpp.hpp
-- Installing: /home/sentry_ws/src/install/rm_interfaces/lib/librm_interfaces__rosidl_typesupport_introspection_cpp.so
-- Set runtime path of "/home/sentry_ws/src/install/rm_interfaces/lib/librm_interfaces__rosidl_typesupport_introspection_cpp.so" to ""
-- Installing: /home/sentry_ws/src/install/rm_interfaces/lib/librm_interfaces__rosidl_typesupport_cpp.so
-- Set runtime path of "/home/sentry_ws/src/install/rm_interfaces/lib/librm_interfaces__rosidl_typesupport_cpp.so" to ""
-- Installing: /home/sentry_ws/src/install/rm_interfaces/share/rm_interfaces/environment/pythonpath.sh
-- Installing: /home/sentry_ws/src/install/rm_interfaces/share/rm_interfaces/environment/pythonpath.dsv
-- Installing: /home/sentry_ws/src/install/rm_interfaces/local/lib/python3.10/dist-packages/rm_interfaces-0.0.1-py3.10.egg-info
-- Installing: /home/sentry_ws/src/install/rm_interfaces/local/lib/python3.10/dist-packages/rm_interfaces-0.0.1-py3.10.egg-info/dependency_links.txt
-- Installing: /home/sentry_ws/src/install/rm_interfaces/local/lib/python3.10/dist-packages/rm_interfaces-0.0.1-py3.10.egg-info/top_level.txt
-- Installing: /home/sentry_ws/src/install/rm_interfaces/local/lib/python3.10/dist-packages/rm_interfaces-0.0.1-py3.10.egg-info/PKG-INFO
-- Installing: /home/sentry_ws/src/install/rm_interfaces/local/lib/python3.10/dist-packages/rm_interfaces-0.0.1-py3.10.egg-info/SOURCES.txt
-- Installing: /home/sentry_ws/src/install/rm_interfaces/local/lib/python3.10/dist-packages/rm_interfaces
-- Installing: /home/sentry_ws/src/install/rm_interfaces/local/lib/python3.10/dist-packages/rm_interfaces/__init__.py
-- Installing: /home/sentry_ws/src/install/rm_interfaces/local/lib/python3.10/dist-packages/rm_interfaces/_rm_interfaces_s.ep.rosidl_typesupport_introspection_c.c
-- Installing: /home/sentry_ws/src/install/rm_interfaces/local/lib/python3.10/dist-packages/rm_interfaces/rm_interfaces_s__rosidl_typesupport_fastrtps_c.cpython-310-x86_64-linux-gnu.so
-- Installing: /home/sentry_ws/src/install/rm_interfaces/local/lib/python3.10/dist-packages/rm_interfaces/rm_interfaces_s__rosidl_typesupport_introspection_c.cpython-310-x86_64-linux-gnu.so
-- Installing: /home/sentry_ws/src/install/rm_interfaces/local/lib/python3.10/dist-packages/rm_interfaces/_rm_interfaces_s.ep.rosidl_typesupport_c.c
-- Installing: /home/sentry_ws/src/install/rm_interfaces/local/lib/python3.10/dist-packages/rm_interfaces/_rm_interfaces_s.ep.rosidl_typesupport_fastrtps_c.c
-- Installing: /home/sentry_ws/src/install/rm_interfaces/local/lib/python3.10/dist-packages/rm_interfaces/msg
-- Installing: /home/sentry_ws/src/install/rm_interfaces/local/lib/python3.10/dist-packages/rm_interfaces/msg/_gimbal.py
-- Installing: /home/sentry_ws/src/install/rm_interfaces/local/lib/python3.10/dist-packages/rm_interfaces/msg/__init__.py
-- Installing: /home/sentry_ws/src/install/rm_interfaces/local/lib/python3.10/dist-packages/rm_interfaces/msg/_game_state_s.c
-- Installing: /home/sentry_ws/src/install/rm_interfaces/local/lib/python3.10/dist-packages/rm_interfaces/msg/_chassis_cmd.py
-- Installing: /home/sentry_ws/src/install/rm_interfaces/local/lib/python3.10/dist-packages/rm_interfaces/msg/_shoot_cmd.py
-- Installing: /home/sentry_ws/src/install/rm_interfaces/local/lib/python3.10/dist-packages/rm_interfaces/msg/_gimbal_cmd_s.c
-- Installing: /home/sentry_ws/src/install/rm_interfaces/local/lib/python3.10/dist-packages/rm_interfaces/msg/_gimbal_cmd.py
-- Installing: /home/sentry_ws/src/install/rm_interfaces/local/lib/python3.10/dist-packages/rm_interfaces/msg/_gimbal_s.c
-- Installing: /home/sentry_ws/src/install/rm_interfaces/local/lib/python3.10/dist-packages/rm_interfaces/msg/_chassis_cmd_s.c
-- Installing: /home/sentry_ws/src/install/rm_interfaces/local/lib/python3.10/dist-packages/rm_interfaces/msg/_sentry_cmd.py
-- Installing: /home/sentry_ws/src/install/rm_interfaces/local/lib/python3.10/dist-packages/rm_interfaces/msg/_game_state.py
-- Installing: /home/sentry_ws/src/install/rm_interfaces/local/lib/python3.10/dist-packages/rm_interfaces/msg/_shoot_cmd_s.c
-- Installing: /home/sentry_ws/src/install/rm_interfaces/local/lib/python3.10/dist-packages/rm_interfaces/msg/_sentry_cmd_s.c
-- Installing: /home/sentry_ws/src/install/rm_interfaces/local/lib/python3.10/dist-packages/rm_interfaces/rm_interfaces_s__rosidl_typesupport_c.cpython-310-x86_64-linux-gnu.so
-- Installing: /home/sentry_ws/src/install/rm_interfaces/local/lib/python3.10/dist-packages/rm_interfaces/librm_interfaces__rosidl_generator_py.so
Listing '/home/sentry_ws/src/install/rm_interfaces/local/lib/python3.10/dist-packages/rm_interfaces'...
Compiling '/home/sentry_ws/src/install/rm_interfaces/local/lib/python3.10/dist-packages/rm_interfaces/__init__.py'...
Listing '/home/sentry_ws/src/install/rm_interfaces/local/lib/python3.10/dist-packages/rm_interfaces/msg'...
Compiling '/home/sentry_ws/src/install/rm_interfaces/local/lib/python3.10/dist-packages/rm_interfaces/msg/__init__.py'...
Compiling '/home/sentry_ws/src/install/rm_interfaces/local/lib/python3.10/dist-packages/rm_interfaces/msg/_chassis_cmd.py'...
Compiling '/home/sentry_ws/src/install/rm_interfaces/local/lib/python3.10/dist-packages/rm_interfaces/msg/_game_state.py'...
Compiling '/home/sentry_ws/src/install/rm_interfaces/local/lib/python3.10/dist-packages/rm_interfaces/msg/_gimbal.py'...
Compiling '/home/sentry_ws/src/install/rm_interfaces/local/lib/python3.10/dist-packages/rm_interfaces/msg/_gimbal_cmd.py'...
Compiling '/home/sentry_ws/src/install/rm_interfaces/local/lib/python3.10/dist-packages/rm_interfaces/msg/_sentry_cmd.py'...
Compiling '/home/sentry_ws/src/install/rm_interfaces/local/lib/python3.10/dist-packages/rm_interfaces/msg/_shoot_cmd.py'...
-- Installing: /home/sentry_ws/src/install/rm_interfaces/local/lib/python3.10/dist-packages/rm_interfaces/rm_interfaces_s__rosidl_typesupport_fastrtps_c.cpython-310-x86_64-linux-gnu.so
-- Set runtime path of "/home/sentry_ws/src/install/rm_interfaces/local/lib/python3.10/dist-packages/rm_interfaces/rm_interfaces_s__rosidl_typesupport_fastrtps_c.cpython-310-x86_64-linux-gnu.so" to ""
-- Installing: /home/sentry_ws/src/install/rm_interfaces/local/lib/python3.10/dist-packages/rm_interfaces/rm_interfaces_s__rosidl_typesupport_introspection_c.cpython-310-x86_64-linux-gnu.so
-- Set runtime path of "/home/sentry_ws/src/install/rm_interfaces/local/lib/python3.10/dist-packages/rm_interfaces/rm_interfaces_s__rosidl_typesupport_introspection_c.cpython-310-x86_64-linux-gnu.so" to ""
-- Installing: /home/sentry_ws/src/install/rm_interfaces/local/lib/python3.10/dist-packages/rm_interfaces/rm_interfaces_s__rosidl_typesupport_c.cpython-310-x86_64-linux-gnu.so
-- Set runtime path of "/home/sentry_ws/src/install/rm_interfaces/local/lib/python3.10/dist-packages/rm_interfaces/rm_interfaces_s__rosidl_typesupport_c.cpython-310-x86_64-linux-gnu.so" to ""
-- Installing: /home/sentry_ws/src/install/rm_interfaces/lib/librm_interfaces__rosidl_generator_py.so
-- Set runtime path of "/home/sentry_ws/src/install/rm_interfaces/lib/librm_interfaces__rosidl_generator_py.so" to ""
-- Installing: /home/sentry_ws/src/install/rm_interfaces/share/rm_interfaces/msg/GameState.idl
-- Installing: /home/sentry_ws/src/install/rm_interfaces/share/rm_interfaces/msg/SentryCmd.idl
-- Installing: /home/sentry_ws/src/install/rm_interfaces/share/rm_interfaces/msg/ChassisCmd.idl
-- Installing: /home/sentry_ws/src/install/rm_interfaces/share/rm_interfaces/msg/Gimbal.idl
-- Installing: /home/sentry_ws/src/install/rm_interfaces/share/rm_interfaces/msg/GimbalCmd.idl
-- Installing: /home/sentry_ws/src/install/rm_interfaces/share/rm_interfaces/msg/ShootCmd.idl
-- Installing: /home/sentry_ws/src/install/rm_interfaces/share/rm_interfaces/referee/GameState.msg
-- Installing: /home/sentry_ws/src/install/rm_interfaces/share/rm_interfaces/referee/SentryCmd.msg
-- Installing: /home/sentry_ws/src/install/rm_interfaces/share/rm_interfaces/msg/ChassisCmd.msg
-- Installing: /home/sentry_ws/src/install/rm_interfaces/share/rm_interfaces/msg/Gimbal.msg
-- Installing: /home/sentry_ws/src/install/rm_interfaces/share/rm_interfaces/msg/GimbalCmd.msg
-- Installing: /home/sentry_ws/src/install/rm_interfaces/share/rm_interfaces/msg/ShootCmd.msg
-- Installing: /home/sentry_ws/src/install/rm_interfaces/share/ament_index/resource_index/package_run_dependencies/rm_interfaces
-- Installing: /home/sentry_ws/src/install/rm_interfaces/share/ament_index/resource_index/parent_prefix_path/rm_interfaces
-- Installing: /home/sentry_ws/src/install/rm_interfaces/share/rm_interfaces/environment/ament_prefix_path.sh
-- Installing: /home/sentry_ws/src/install/rm_interfaces/share/rm_interfaces/environment/ament_prefix_path.dsv
-- Installing: /home/sentry_ws/src/install/rm_interfaces/share/rm_interfaces/environment/path.sh
-- Installing: /home/sentry_ws/src/install/rm_interfaces/share/rm_interfaces/environment/path.dsv
-- Installing: /home/sentry_ws/src/install/rm_interfaces/share/rm_interfaces/local_setup.bash
-- Installing: /home/sentry_ws/src/install/rm_interfaces/share/rm_interfaces/local_setup.sh
-- Installing: /home/sentry_ws/src/install/rm_interfaces/share/rm_interfaces/local_setup.zsh
-- Installing: /home/sentry_ws/src/install/rm_interfaces/share/rm_interfaces/local_setup.dsv
-- Installing: /home/sentry_ws/src/install/rm_interfaces/share/rm_interfaces/package.dsv
-- Installing: /home/sentry_ws/src/install/rm_interfaces/share/ament_index/resource_index/packages/rm_interfaces
-- Installing: /home/sentry_ws/src/install/rm_interfaces/share/rm_interfaces/cmake/export_rm_interfaces__rosidl_generator_cExport.cmake
-- Installing: /home/sentry_ws/src/install/rm_interfaces/share/rm_interfaces/cmake/export_rm_interfaces__rosidl_generator_cExport-noconfig.cmake
-- Installing: /home/sentry_ws/src/install/rm_interfaces/share/rm_interfaces/cmake/export_rm_interfaces__rosidl_typesupport_fastrtps_cExport.cmake
-- Installing: /home/sentry_ws/src/install/rm_interfaces/share/rm_interfaces/cmake/export_rm_interfaces__rosidl_typesupport_fastrtps_cExport-noconfig.cmake
-- Installing: /home/sentry_ws/src/install/rm_interfaces/share/rm_interfaces/cmake/rm_interfaces__rosidl_typesupport_introspection_cExport.cmake
-- Installing: /home/sentry_ws/src/install/rm_interfaces/share/rm_interfaces/cmake/rm_interfaces__rosidl_typesupport_introspection_cExport-noconfig.cmake
-- Installing: /home/sentry_ws/src/install/rm_interfaces/share/rm_interfaces/cmake/rm_interfaces__rosidl_typesupport_cExport.cmake
-- Installing: /home/sentry_ws/src/install/rm_interfaces/share/rm_interfaces/cmake/rm_interfaces__rosidl_typesupport_cExport-noconfig.cmake
-- Installing: /home/sentry_ws/src/install/rm_interfaces/share/rm_interfaces/cmake/export_rm_interfaces__rosidl_generator_cppExport.cmake
-- Installing: /home/sentry_ws/src/install/rm_interfaces/share/rm_interfaces/cmake/export_rm_interfaces__rosidl_typesupport_fastrtps_cppExport.cmake
-- Installing: /home/sentry_ws/src/install/rm_interfaces/share/rm_interfaces/cmake/export_rm_interfaces__rosidl_typesupport_fastrtps_cppExport-noconfig.cmake
-- Installing: /home/sentry_ws/src/install/rm_interfaces/share/rm_interfaces/cmake/rm_interfaces__rosidl_typesupport_introspection_cppExport.cmake
-- Installing: /home/sentry_ws/src/install/rm_interfaces/share/rm_interfaces/cmake/rm_interfaces__rosidl_typesupport_introspection_cppExport-noconfig.cmake
-- Installing: /home/sentry_ws/src/install/rm_interfaces/share/rm_interfaces/cmake/rm_interfaces__rosidl_typesupport_cppExport.cmake
-- Installing: /home/sentry_ws/src/install/rm_interfaces/share/rm_interfaces/cmake/rm_interfaces__rosidl_typesupport_cppExport-noconfig.cmake
-- Installing: /home/sentry_ws/src/install/rm_interfaces/share/rm_interfaces/cmake/export_rm_interfaces__rosidl_generator_pyExport.cmake
-- Installing: /home/sentry_ws/src/install/rm_interfaces/share/rm_interfaces/cmake/export_rm_interfaces__rosidl_generator_pyExport-noconfig.cmake
-- Installing: /home/sentry_ws/src/install/rm_interfaces/share/rm_interfaces/cmake/rosidl_cmake-extras.cmake
-- Installing: /home/sentry_ws/src/install/rm_interfaces/share/rm_interfaces/cmake/ament_cmake_export_dependencies-extras.cmake
-- Installing: /home/sentry_ws/src/install/rm_interfaces/share/rm_interfaces/cmake/ament_cmake_export_include_directories-extras.cmake
-- Installing: /home/sentry_ws/src/install/rm_interfaces/share/rm_interfaces/cmake/ament_cmake_export_libraries-extras.cmake
-- Installing: /home/sentry_ws/src/install/rm_interfaces/share/rm_interfaces/cmake/ament_cmake_export_targets-extras.cmake
-- Installing: /home/sentry_ws/src/install/rm_interfaces/share/rm_interfaces/cmake/rosidl_cmake_export_typesupport_targets-extras.cmake
-- Installing: /home/sentry_ws/src/install/rm_interfaces/share/rm_interfaces/cmake/rosidl_cmake_export_typesupport_libraries-extras.cmake
-- Installing: /home/sentry_ws/src/install/rm_interfaces/share/rm_interfaces/cmake/rm_interfacesConfig.cmake
-- Installing: /home/sentry_ws/src/install/rm_interfaces/share/rm_interfaces/cmake/rm_interfacesConfig-version.cmake
-- Installing: /home/sentry_ws/src/install/rm_interfaces/share/rm_interfaces/package.xml
