[0.081s] Invoking command in '/home/sentry_ws/src/build/behavior_ext_plugins': CMAKE_PREFIX_PATH=${CMAKE_PREFIX_PATH}:/home/sentry_ws/install/control_panel:/opt/ros/humble /usr/bin/cmake /home/sentry_ws/src/nav2_plugins/behavior_ext_plugins -DCMAKE_INSTALL_PREFIX=/home/sentry_ws/src/install/behavior_ext_plugins
[0.345s] -- The C compiler identification is GNU 11.4.0
[0.359s] -- The CXX compiler identification is GNU 11.4.0
[0.368s] -- Detecting C compiler ABI info
[0.499s] -- Detecting C compiler ABI info - done
[0.505s] -- Check for working C compiler: /usr/bin/cc - skipped
[0.506s] -- Detecting C compile features
[0.506s] -- Detecting C compile features - done
[0.509s] -- Detecting CXX compiler ABI info
[0.644s] -- Detecting CXX compiler ABI info - done
[0.653s] -- Check for working CXX compiler: /usr/bin/c++ - skipped
[0.653s] -- Detecting CXX compile features
[0.654s] -- Detecting CXX compile features - done
[0.662s] -- Found ament_cmake: 1.3.6 (/opt/ros/humble/share/ament_cmake/cmake)
[0.891s] -- Found Python3: /usr/bin/python3.10 (found version "3.10.12") found components: Interpreter 
[1.070s] -- Found rclcpp: 16.0.5 (/opt/ros/humble/share/rclcpp/cmake)
[1.168s] -- Found rosidl_generator_c: 3.1.5 (/opt/ros/humble/share/rosidl_generator_c/cmake)
[1.181s] -- Found rosidl_adapter: 3.1.5 (/opt/ros/humble/share/rosidl_adapter/cmake)
[1.200s] -- Found rosidl_generator_cpp: 3.1.5 (/opt/ros/humble/share/rosidl_generator_cpp/cmake)
[1.223s] -- Using all available rosidl_typesupport_c: rosidl_typesupport_fastrtps_c;rosidl_typesupport_introspection_c
[1.252s] -- Using all available rosidl_typesupport_cpp: rosidl_typesupport_fastrtps_cpp;rosidl_typesupport_introspection_cpp
[1.354s] -- Found rmw_implementation_cmake: 6.1.1 (/opt/ros/humble/share/rmw_implementation_cmake/cmake)
[1.362s] -- Found rmw_fastrtps_cpp: 6.2.3 (/opt/ros/humble/share/rmw_fastrtps_cpp/cmake)
[1.524s] -- Found OpenSSL: /usr/lib/x86_64-linux-gnu/libcrypto.so (found version "3.0.2")  
[1.562s] -- Found FastRTPS: /opt/ros/humble/include  
[1.631s] -- Using RMW implementation 'rmw_fastrtps_cpp' as default
[1.678s] -- Looking for pthread.h
[1.785s] -- Looking for pthread.h - found
[1.786s] -- Performing Test CMAKE_HAVE_LIBC_PTHREAD
[1.923s] -- Performing Test CMAKE_HAVE_LIBC_PTHREAD - Success
[1.924s] -- Found Threads: TRUE  
[2.066s] -- Found rclcpp_action: 16.0.5 (/opt/ros/humble/share/rclcpp_action/cmake)
[2.156s] -- Found rclcpp_lifecycle: 16.0.5 (/opt/ros/humble/share/rclcpp_lifecycle/cmake)
[2.203s] -- Found visualization_msgs: 4.2.3 (/opt/ros/humble/share/visualization_msgs/cmake)
[2.412s] -- Found nav2_util: 1.1.13 (/opt/ros/humble/share/nav2_util/cmake)
[2.918s] -- Found eigen3_cmake_module: 0.1.1 (/opt/ros/humble/share/eigen3_cmake_module/cmake)
[2.919s] -- Found Eigen3: TRUE (found version "3.4.0") 
[2.919s] -- Ensuring Eigen3 include directory is part of orocos-kdl CMake target
[3.088s] -- Found nav2_costmap_2d: 1.1.13 (/opt/ros/humble/share/nav2_costmap_2d/cmake)
[4.092s] -- Found nav2_core: 1.1.13 (/opt/ros/humble/share/nav2_core/cmake)
