[0.086s] Invoking command in '/home/sentry_ws/src/build/behaviortree_cpp': CMAKE_PREFIX_PATH=${CMAKE_PREFIX_PATH}:/home/sentry_ws/install/control_panel:/opt/ros/humble /usr/bin/cmake /home/sentry_ws/src/BehaviorTree.CPP -DCMAKE_INSTALL_PREFIX=/home/sentry_ws/src/install/behaviortree_cpp
[0.351s] -- The C compiler identification is GNU 11.4.0
[0.351s] -- The CXX compiler identification is GNU 11.4.0
[0.352s] -- Detecting C compiler ABI info
[0.448s] -- Detecting C compiler ABI info - done
[0.456s] -- Check for working C compiler: /usr/bin/cc - skipped
[0.456s] -- Detecting C compile features
[0.457s] -- Detecting C compile features - done
[0.460s] -- Detecting CXX compiler ABI info
[0.575s] -- Detecting CXX compiler ABI info - done
[0.584s] -- Check for working CXX compiler: /usr/bin/c++ - skipped
[0.584s] -- Detecting CXX compile features
[0.585s] -- Detecting CXX compile features - done
[0.585s] -- Setting build type to 'Release' as none was specified.
[0.587s] -- Looking for pthread.h
[0.716s] -- Looking for pthread.h - found
[0.716s] -- Performing Test CMAKE_HAVE_LIBC_PTHREAD
[0.860s] -- Performing Test CMAKE_HAVE_LIBC_PTHREAD - Success
[0.861s] -- Found Threads: TRUE  
[1.141s] -- Found Python3: /usr/bin/python3.10 (found version "3.10.12") found components: Interpreter 
[1.301s] -- ------------------------------------------
[1.302s] -- BehaviourTree is being built using AMENT.
[1.302s] -- ------------------------------------------
[1.312s] -- Found ZeroMQ: /usr/lib/x86_64-linux-gnu/libzmq.so  
[1.446s] -- Found SQLite3: /usr/include (found version "3.37.2") 
[1.452s] -- Found ament_index_cpp: 1.4.0 (/opt/ros/humble/share/ament_index_cpp/cmake)
[1.488s] -- BTCPP_EXTRA_LIBRARIES: $<BUILD_INTERFACE:ament_index_cpp::ament_index_cpp>;$<BUILD_INTERFACE:/usr/lib/x86_64-linux-gnu/libzmq.so>;$<BUILD_INTERFACE:/usr/lib/x86_64-linux-gnu/libsqlite3.so>
[1.488s] -- BTCPP_LIB_DESTINATION:   lib 
[1.488s] -- BTCPP_INCLUDE_DESTINATION: include 
[1.489s] -- BTCPP_UNIT_TESTS:   ON 
[1.516s] -- Found ament_cmake_gtest: 1.3.5 (/opt/ros/humble/share/ament_cmake_gtest/cmake)
[1.615s] -- Found gtest sources under '/opt/ros/humble/src/gtest_vendor': C++ tests using 'Google Test' will be built
[1.749s] -- Configuring done
[1.821s] -- Generating done
[1.827s] -- Build files have been written to: /home/sentry_ws/src/build/behaviortree_cpp
[1.841s] Invoked command in '/home/sentry_ws/src/build/behaviortree_cpp' returned '0': CMAKE_PREFIX_PATH=${CMAKE_PREFIX_PATH}:/home/sentry_ws/install/control_panel:/opt/ros/humble /usr/bin/cmake /home/sentry_ws/src/BehaviorTree.CPP -DCMAKE_INSTALL_PREFIX=/home/sentry_ws/src/install/behaviortree_cpp
[1.841s] Invoking command in '/home/sentry_ws/src/build/behaviortree_cpp': CMAKE_PREFIX_PATH=${CMAKE_PREFIX_PATH}:/home/sentry_ws/install/control_panel:/opt/ros/humble /usr/bin/cmake --build /home/sentry_ws/src/build/behaviortree_cpp -- -j16 -l16
[4.690s] [  3%] [32mBuilding CXX object gtest/CMakeFiles/gtest.dir/src/gtest-all.cc.o[0m
[4.691s] [  3%] [32mBuilding CXX object gtest/CMakeFiles/gtest_main.dir/src/gtest_main.cc.o[0m
[4.691s] [  3%] [32mBuilding CXX object 3rdparty/lexy/src/CMakeFiles/lexy_file.dir/input/file.cpp.o[0m
[4.691s] [  4%] [32m[1mLinking CXX static library liblexy_file.a[0m
[4.691s] [  4%] Built target lexy_file
[4.691s] [  5%] [32mBuilding CXX object CMakeFiles/behaviortree_cpp.dir/src/condition_node.cpp.o[0m
[4.691s] [  5%] [32mBuilding CXX object CMakeFiles/behaviortree_cpp.dir/src/action_node.cpp.o[0m
[4.691s] [  5%] [32mBuilding CXX object CMakeFiles/behaviortree_cpp.dir/src/bt_factory.cpp.o[0m
[4.691s] [  6%] [32mBuilding CXX object CMakeFiles/behaviortree_cpp.dir/src/blackboard.cpp.o[0m
[4.691s] [  7%] [32mBuilding CXX object CMakeFiles/behaviortree_cpp.dir/src/control_node.cpp.o[0m
[4.691s] [  8%] [32mBuilding CXX object CMakeFiles/behaviortree_cpp.dir/src/basic_types.cpp.o[0m
[4.691s] [  9%] [32mBuilding CXX object CMakeFiles/behaviortree_cpp.dir/src/decorator_node.cpp.o[0m
[4.691s] [ 10%] [32mBuilding CXX object CMakeFiles/behaviortree_cpp.dir/src/shared_library.cpp.o[0m
[4.692s] [ 11%] [32mBuilding CXX object CMakeFiles/behaviortree_cpp.dir/src/behavior_tree.cpp.o[0m
[4.692s] [ 12%] [32mBuilding CXX object CMakeFiles/behaviortree_cpp.dir/src/tree_node.cpp.o[0m
[4.692s] [ 12%] [32mBuilding CXX object CMakeFiles/behaviortree_cpp.dir/src/script_parser.cpp.o[0m
[4.692s] [ 13%] [32mBuilding CXX object CMakeFiles/behaviortree_cpp.dir/src/json_export.cpp.o[0m
[4.692s] [ 13%] [32mBuilding CXX object CMakeFiles/behaviortree_cpp.dir/src/actions/test_node.cpp.o[0m
[4.692s] [ 14%] [32mBuilding CXX object CMakeFiles/behaviortree_cpp.dir/src/xml_parsing.cpp.o[0m
[4.692s] [ 15%] [32m[1mLinking CXX static library libgtest_main.a[0m
[4.692s] [ 15%] Built target gtest_main
[4.692s] [ 16%] [32mBuilding CXX object CMakeFiles/behaviortree_cpp.dir/src/actions/sleep_node.cpp.o[0m
[4.692s] [ 17%] [32mBuilding CXX object CMakeFiles/behaviortree_cpp.dir/src/decorators/delay_node.cpp.o[0m
[5.062s] gmake[2]: *** [CMakeFiles/behaviortree_cpp.dir/build.make:160: CMakeFiles/behaviortree_cpp.dir/src/condition_node.cpp.o] Interrupt
[5.063s] gmake[2]: *** [CMakeFiles/behaviortree_cpp.dir/build.make:174: CMakeFiles/behaviortree_cpp.dir/src/control_node.cpp.o] Interrupt
[5.063s] gmake[2]: *** [CMakeFiles/behaviortree_cpp.dir/build.make:104: CMakeFiles/behaviortree_cpp.dir/src/behavior_tree.cpp.o] Interrupt
[5.063s] gmake[2]: *** [CMakeFiles/behaviortree_cpp.dir/build.make:230: CMakeFiles/behaviortree_cpp.dir/src/json_export.cpp.o] Interrupt
[5.063s] gmake[2]: *** [CMakeFiles/behaviortree_cpp.dir/build.make:216: CMakeFiles/behaviortree_cpp.dir/src/script_parser.cpp.o] Interrupt
[5.063s] gmake[2]: *** [CMakeFiles/behaviortree_cpp.dir/build.make:202: CMakeFiles/behaviortree_cpp.dir/src/tree_node.cpp.o] Interrupt
[5.063s] gmake[2]: *** [CMakeFiles/behaviortree_cpp.dir/build.make:244: CMakeFiles/behaviortree_cpp.dir/src/xml_parsing.cpp.o] Interrupt
[5.063s] gmake[2]: *** [CMakeFiles/behaviortree_cpp.dir/build.make:286: CMakeFiles/behaviortree_cpp.dir/src/decorators/delay_node.cpp.o] Interrupt
[5.063s] gmake[2]: *** [CMakeFiles/behaviortree_cpp.dir/build.make:272: CMakeFiles/behaviortree_cpp.dir/src/actions/sleep_node.cpp.o] Interrupt
[5.063s] gmake[2]: *** [CMakeFiles/behaviortree_cpp.dir/build.make:132: CMakeFiles/behaviortree_cpp.dir/src/bt_factory.cpp.o] Interrupt
[5.063s] gmake[2]: *** [CMakeFiles/behaviortree_cpp.dir/build.make:90: CMakeFiles/behaviortree_cpp.dir/src/basic_types.cpp.o] Interrupt
[5.063s] gmake[2]: *** [CMakeFiles/behaviortree_cpp.dir/build.make:146: CMakeFiles/behaviortree_cpp.dir/src/decorator_node.cpp.o] Interrupt
[5.063s] gmake[2]: *** [gtest/CMakeFiles/gtest.dir/build.make:76: gtest/CMakeFiles/gtest.dir/src/gtest-all.cc.o] Interrupt
[5.063s] gmake[2]: *** [CMakeFiles/behaviortree_cpp.dir/build.make:118: CMakeFiles/behaviortree_cpp.dir/src/blackboard.cpp.o] Interrupt
[5.063s] gmake[2]: *** [CMakeFiles/behaviortree_cpp.dir/build.make:76: CMakeFiles/behaviortree_cpp.dir/src/action_node.cpp.o] Interrupt
[5.063s] gmake[2]: *** [CMakeFiles/behaviortree_cpp.dir/build.make:258: CMakeFiles/behaviortree_cpp.dir/src/actions/test_node.cpp.o] Interrupt
[5.063s] gmake[1]: *** [CMakeFiles/Makefile2:493: gtest/CMakeFiles/gtest.dir/all] Interrupt
[5.063s] gmake[1]: *** [CMakeFiles/Makefile2:307: CMakeFiles/behaviortree_cpp.dir/all] Interrupt
[5.064s] gmake: *** [Makefile:146: all] Interrupt
