[0.088s] Invoking command in '/home/sentry_ws/src/build/behavior_ext_plugins': CMAKE_PREFIX_PATH=${CMAKE_PREFIX_PATH}:/home/sentry_ws/install/control_panel:/opt/ros/humble /usr/bin/cmake /home/sentry_ws/src/nav2_plugins/behavior_ext_plugins -DCMAKE_INSTALL_PREFIX=/home/sentry_ws/src/install/behavior_ext_plugins
[0.907s] -- The C compiler identification is GNU 11.4.0
[0.907s] -- The CXX compiler identification is GNU 11.4.0
[0.908s] -- Detecting C compiler ABI info
[0.908s] -- Detecting C compiler ABI info - done
[0.908s] -- Check for working C compiler: /usr/bin/cc - skipped
[0.908s] -- Detecting C compile features
[0.908s] -- Detecting C compile features - done
[0.908s] -- Detecting CXX compiler ABI info
[1.203s] -- Detecting CXX compiler ABI info - done
[1.211s] -- Check for working CXX compiler: /usr/bin/c++ - skipped
[1.211s] -- Detecting CXX compile features
[1.212s] -- Detecting CXX compile features - done
[1.258s] -- Found ament_cmake: 1.3.6 (/opt/ros/humble/share/ament_cmake/cmake)
[2.157s] -- Found Python3: /usr/bin/python3.10 (found version "3.10.12") found components: Interpreter 
[2.805s] -- Found rclcpp: 16.0.5 (/opt/ros/humble/share/rclcpp/cmake)
[3.277s] -- Found rosidl_generator_c: 3.1.5 (/opt/ros/humble/share/rosidl_generator_c/cmake)
[3.382s] -- Found rosidl_adapter: 3.1.5 (/opt/ros/humble/share/rosidl_adapter/cmake)
[3.507s] -- Found rosidl_generator_cpp: 3.1.5 (/opt/ros/humble/share/rosidl_generator_cpp/cmake)
[3.654s] -- Using all available rosidl_typesupport_c: rosidl_typesupport_fastrtps_c;rosidl_typesupport_introspection_c
[3.745s] -- Using all available rosidl_typesupport_cpp: rosidl_typesupport_fastrtps_cpp;rosidl_typesupport_introspection_cpp
[4.220s] -- Found rmw_implementation_cmake: 6.1.1 (/opt/ros/humble/share/rmw_implementation_cmake/cmake)
[4.286s] -- Found rmw_fastrtps_cpp: 6.2.3 (/opt/ros/humble/share/rmw_fastrtps_cpp/cmake)
[5.009s] -- Found OpenSSL: /usr/lib/x86_64-linux-gnu/libcrypto.so (found version "3.0.2")  
[5.142s] -- Found FastRTPS: /opt/ros/humble/include  
[5.428s] -- Using RMW implementation 'rmw_fastrtps_cpp' as default
[5.509s] -- Looking for pthread.h
[6.011s] -- Looking for pthread.h - found
[6.012s] -- Performing Test CMAKE_HAVE_LIBC_PTHREAD
[6.494s] -- Performing Test CMAKE_HAVE_LIBC_PTHREAD - Success
[6.496s] -- Found Threads: TRUE  
[6.929s] -- Found rclcpp_action: 16.0.5 (/opt/ros/humble/share/rclcpp_action/cmake)
[7.101s] -- Found rclcpp_lifecycle: 16.0.5 (/opt/ros/humble/share/rclcpp_lifecycle/cmake)
[7.286s] -- Found visualization_msgs: 4.2.3 (/opt/ros/humble/share/visualization_msgs/cmake)
[8.133s] -- Found nav2_util: 1.1.13 (/opt/ros/humble/share/nav2_util/cmake)
[9.375s] -- Found eigen3_cmake_module: 0.1.1 (/opt/ros/humble/share/eigen3_cmake_module/cmake)
[9.377s] -- Found Eigen3: TRUE (found version "3.4.0") 
[9.378s] -- Ensuring Eigen3 include directory is part of orocos-kdl CMake target
[9.730s] -- Found nav2_costmap_2d: 1.1.13 (/opt/ros/humble/share/nav2_costmap_2d/cmake)
[11.450s] -- Found nav2_core: 1.1.13 (/opt/ros/humble/share/nav2_core/cmake)
[13.114s] -- Found nav2_behaviors: 1.1.13 (/opt/ros/humble/share/nav2_behaviors/cmake)
[19.587s] -- Found rosidl_default_generators: 1.2.0 (/opt/ros/humble/share/rosidl_default_generators/cmake)
[19.874s] -- Found CURL: /usr/lib/x86_64-linux-gnu/libcurl.so (found version "7.81.0")  
[38.277s] -- Found ament_lint_auto: 0.12.7 (/opt/ros/humble/share/ament_lint_auto/cmake)
[38.631s] -- Added test 'copyright' to check source files copyright and LICENSE
[38.633s] -- Added test 'cppcheck' to perform static code analysis on C / C++ code
[38.634s] -- Configured cppcheck include dirs: /home/sentry_ws/src/nav2_plugins/behavior_ext_plugins/include
[38.634s] -- Configured cppcheck exclude dirs and/or files: 
[38.636s] -- Added test 'cpplint' to check C / C++ code against the Google style
[38.636s] -- Configured cpplint exclude dirs and/or files: 
[38.638s] -- Added test 'lint_cmake' to check CMake code style
[38.641s] -- Added test 'uncrustify' to check C / C++ code style
[38.641s] -- Configured uncrustify additional arguments: 
[38.642s] -- Added test 'xmllint' to check XML markup files
[38.648s] -- Configuring done
[40.075s] -- Generating done
[40.158s] -- Build files have been written to: /home/sentry_ws/src/build/behavior_ext_plugins
[40.219s] Invoked command in '/home/sentry_ws/src/build/behavior_ext_plugins' returned '0': CMAKE_PREFIX_PATH=${CMAKE_PREFIX_PATH}:/home/sentry_ws/install/control_panel:/opt/ros/humble /usr/bin/cmake /home/sentry_ws/src/nav2_plugins/behavior_ext_plugins -DCMAKE_INSTALL_PREFIX=/home/sentry_ws/src/install/behavior_ext_plugins
[40.220s] Invoking command in '/home/sentry_ws/src/build/behavior_ext_plugins': CMAKE_PREFIX_PATH=${CMAKE_PREFIX_PATH}:/home/sentry_ws/install/control_panel:/opt/ros/humble /usr/bin/cmake --build /home/sentry_ws/src/build/behavior_ext_plugins -- -j16 -l16
[40.282s] [ 50%] [32mBuilding CXX object CMakeFiles/behavior_ext_plugins_lib.dir/plugins/back_up_twz_free_action.cpp.o[0m
[49.514s] [100%] [32m[1mLinking CXX shared library libbehavior_ext_plugins_lib.so[0m
[50.367s] [100%] Built target behavior_ext_plugins_lib
[50.425s] Invoked command in '/home/sentry_ws/src/build/behavior_ext_plugins' returned '0': CMAKE_PREFIX_PATH=${CMAKE_PREFIX_PATH}:/home/sentry_ws/install/control_panel:/opt/ros/humble /usr/bin/cmake --build /home/sentry_ws/src/build/behavior_ext_plugins -- -j16 -l16
[50.528s] Invoking command in '/home/sentry_ws/src/build/behavior_ext_plugins': CMAKE_PREFIX_PATH=${CMAKE_PREFIX_PATH}:/home/sentry_ws/install/control_panel:/opt/ros/humble /usr/bin/cmake --install /home/sentry_ws/src/build/behavior_ext_plugins
[50.591s] -- Install configuration: ""
[50.591s] -- Installing: /home/sentry_ws/src/install/behavior_ext_plugins/share/behavior_ext_plugins/behavior_ext_plugins.xml
[50.626s] -- Installing: /home/sentry_ws/src/install/behavior_ext_plugins/lib/libbehavior_ext_plugins_lib.so
[50.632s] -- Set runtime path of "/home/sentry_ws/src/install/behavior_ext_plugins/lib/libbehavior_ext_plugins_lib.so" to ""
[50.632s] -- Installing: /home/sentry_ws/src/install/behavior_ext_plugins/include/
[50.632s] -- Installing: /home/sentry_ws/src/install/behavior_ext_plugins/include//behavior_ext_plugins
[50.632s] -- Installing: /home/sentry_ws/src/install/behavior_ext_plugins/include//behavior_ext_plugins/back_up_twz_free_action.hpp
[50.632s] -- Up-to-date: /home/sentry_ws/src/install/behavior_ext_plugins/share/behavior_ext_plugins/behavior_ext_plugins.xml
[50.632s] -- Installing: /home/sentry_ws/src/install/behavior_ext_plugins/share/behavior_ext_plugins/environment/library_path.sh
[50.633s] -- Installing: /home/sentry_ws/src/install/behavior_ext_plugins/share/behavior_ext_plugins/environment/library_path.dsv
[50.634s] -- Installing: /home/sentry_ws/src/install/behavior_ext_plugins/share/ament_index/resource_index/package_run_dependencies/behavior_ext_plugins
[50.673s] -- Installing: /home/sentry_ws/src/install/behavior_ext_plugins/share/ament_index/resource_index/parent_prefix_path/behavior_ext_plugins
[50.694s] -- Installing: /home/sentry_ws/src/install/behavior_ext_plugins/share/behavior_ext_plugins/environment/ament_prefix_path.sh
[50.695s] -- Installing: /home/sentry_ws/src/install/behavior_ext_plugins/share/behavior_ext_plugins/environment/ament_prefix_path.dsv
[50.695s] -- Installing: /home/sentry_ws/src/install/behavior_ext_plugins/share/behavior_ext_plugins/environment/path.sh
[50.696s] -- Installing: /home/sentry_ws/src/install/behavior_ext_plugins/share/behavior_ext_plugins/environment/path.dsv
[50.699s] -- Installing: /home/sentry_ws/src/install/behavior_ext_plugins/share/behavior_ext_plugins/local_setup.bash
[50.701s] -- Installing: /home/sentry_ws/src/install/behavior_ext_plugins/share/behavior_ext_plugins/local_setup.sh
[50.702s] -- Installing: /home/sentry_ws/src/install/behavior_ext_plugins/share/behavior_ext_plugins/local_setup.zsh
[50.704s] -- Installing: /home/sentry_ws/src/install/behavior_ext_plugins/share/behavior_ext_plugins/local_setup.dsv
[50.704s] -- Installing: /home/sentry_ws/src/install/behavior_ext_plugins/share/behavior_ext_plugins/package.dsv
[50.747s] -- Installing: /home/sentry_ws/src/install/behavior_ext_plugins/share/ament_index/resource_index/packages/behavior_ext_plugins
[50.748s] -- Installing: /home/sentry_ws/src/install/behavior_ext_plugins/share/ament_index/resource_index/nav2_core__pluginlib__plugin/behavior_ext_plugins
[50.810s] -- Installing: /home/sentry_ws/src/install/behavior_ext_plugins/share/behavior_ext_plugins/cmake/ament_cmake_export_dependencies-extras.cmake
[50.810s] -- Installing: /home/sentry_ws/src/install/behavior_ext_plugins/share/behavior_ext_plugins/cmake/ament_cmake_export_include_directories-extras.cmake
[50.813s] -- Installing: /home/sentry_ws/src/install/behavior_ext_plugins/share/behavior_ext_plugins/cmake/ament_cmake_export_libraries-extras.cmake
[50.818s] -- Installing: /home/sentry_ws/src/install/behavior_ext_plugins/share/behavior_ext_plugins/cmake/behavior_ext_pluginsConfig.cmake
[50.880s] -- Installing: /home/sentry_ws/src/install/behavior_ext_plugins/share/behavior_ext_plugins/cmake/behavior_ext_pluginsConfig-version.cmake
[50.893s] -- Installing: /home/sentry_ws/src/install/behavior_ext_plugins/share/behavior_ext_plugins/package.xml
[50.921s] Invoked command in '/home/sentry_ws/src/build/behavior_ext_plugins' returned '0': CMAKE_PREFIX_PATH=${CMAKE_PREFIX_PATH}:/home/sentry_ws/install/control_panel:/opt/ros/humble /usr/bin/cmake --install /home/sentry_ws/src/build/behavior_ext_plugins
