[35m[1mConsolidate compiler generated dependencies of target lexy_file[0m
[35m[1mConsolidate compiler generated dependencies of target gtest_main[0m
[  1%] [32mBuilding CXX object gtest/CMakeFiles/gtest.dir/src/gtest-all.cc.o[0m
[  4%] Built target gtest_main
[  5%] Built target lexy_file
[35m[1mConsolidate compiler generated dependencies of target behaviortree_cpp[0m
[  5%] [32mBuilding CXX object CMakeFiles/behaviortree_cpp.dir/src/action_node.cpp.o[0m
[  5%] [32mBuilding CXX object CMakeFiles/behaviortree_cpp.dir/src/bt_factory.cpp.o[0m
[  8%] [32mBuilding CXX object CMakeFiles/behaviortree_cpp.dir/src/decorator_node.cpp.o[0m
[  8%] [32mBuilding CXX object CMakeFiles/behaviortree_cpp.dir/src/script_parser.cpp.o[0m
[  8%] [32mBuilding CXX object CMakeFiles/behaviortree_cpp.dir/src/blackboard.cpp.o[0m
[  9%] [32mBuilding CXX object CMakeFiles/behaviortree_cpp.dir/src/basic_types.cpp.o[0m
[ 10%] [32mBuilding CXX object CMakeFiles/behaviortree_cpp.dir/src/condition_node.cpp.o[0m
[ 10%] [32mBuilding CXX object CMakeFiles/behaviortree_cpp.dir/src/tree_node.cpp.o[0m
[ 11%] [32mBuilding CXX object CMakeFiles/behaviortree_cpp.dir/src/behavior_tree.cpp.o[0m
[ 12%] [32mBuilding CXX object CMakeFiles/behaviortree_cpp.dir/src/control_node.cpp.o[0m
[ 14%] [32mBuilding CXX object CMakeFiles/behaviortree_cpp.dir/src/json_export.cpp.o[0m
[ 14%] [32mBuilding CXX object CMakeFiles/behaviortree_cpp.dir/src/xml_parsing.cpp.o[0m
[ 14%] [32mBuilding CXX object CMakeFiles/behaviortree_cpp.dir/src/actions/test_node.cpp.o[0m
[ 15%] [32mBuilding CXX object CMakeFiles/behaviortree_cpp.dir/src/actions/sleep_node.cpp.o[0m
[ 16%] [32mBuilding CXX object CMakeFiles/behaviortree_cpp.dir/src/decorators/delay_node.cpp.o[0m
[ 17%] [32mBuilding CXX object CMakeFiles/behaviortree_cpp.dir/src/decorators/inverter_node.cpp.o[0m
[ 18%] [32mBuilding CXX object CMakeFiles/behaviortree_cpp.dir/src/decorators/repeat_node.cpp.o[0m
gmake[2]: *** [CMakeFiles/behaviortree_cpp.dir/build.make:300: CMakeFiles/behaviortree_cpp.dir/src/decorators/inverter_node.cpp.o] Interrupt
gmake[2]: *** [CMakeFiles/behaviortree_cpp.dir/build.make:160: CMakeFiles/behaviortree_cpp.dir/src/condition_node.cpp.o] Interrupt
gmake[2]: *** [CMakeFiles/behaviortree_cpp.dir/build.make:286: CMakeFiles/behaviortree_cpp.dir/src/decorators/delay_node.cpp.o] Interrupt
gmake[2]: *** [CMakeFiles/behaviortree_cpp.dir/build.make:146: CMakeFiles/behaviortree_cpp.dir/src/decorator_node.cpp.o] Interrupt
gmake[2]: *** [CMakeFiles/behaviortree_cpp.dir/build.make:104: CMakeFiles/behaviortree_cpp.dir/src/behavior_tree.cpp.o] Interrupt
gmake[2]: *** [CMakeFiles/behaviortree_cpp.dir/build.make:76: CMakeFiles/behaviortree_cpp.dir/src/action_node.cpp.o] Interrupt
gmake[2]: *** [CMakeFiles/behaviortree_cpp.dir/build.make:132: CMakeFiles/behaviortree_cpp.dir/src/bt_factory.cpp.o] Interrupt
gmake[2]: *** [CMakeFiles/behaviortree_cpp.dir/build.make:118: CMakeFiles/behaviortree_cpp.dir/src/blackboard.cpp.o] Interrupt
gmake[2]: *** [CMakeFiles/behaviortree_cpp.dir/build.make:202: CMakeFiles/behaviortree_cpp.dir/src/tree_node.cpp.o] Interrupt
gmake[2]: *** [gtest/CMakeFiles/gtest.dir/build.make:76: gtest/CMakeFiles/gtest.dir/src/gtest-all.cc.o] Interrupt
gmake[2]: *** [CMakeFiles/behaviortree_cpp.dir/build.make:216: CMakeFiles/behaviortree_cpp.dir/src/script_parser.cpp.o] Interrupt
gmake[2]: *** [CMakeFiles/behaviortree_cpp.dir/build.make:230: CMakeFiles/behaviortree_cpp.dir/src/json_export.cpp.o] Interrupt
gmake[2]: *** [CMakeFiles/behaviortree_cpp.dir/build.make:314: CMakeFiles/behaviortree_cpp.dir/src/decorators/repeat_node.cpp.o] Interrupt
gmake[2]: *** [CMakeFiles/behaviortree_cpp.dir/build.make:174: CMakeFiles/behaviortree_cpp.dir/src/control_node.cpp.o] Interrupt
gmake[2]: *** [CMakeFiles/behaviortree_cpp.dir/build.make:244: CMakeFiles/behaviortree_cpp.dir/src/xml_parsing.cpp.o] Interrupt
gmake[2]: *** [CMakeFiles/behaviortree_cpp.dir/build.make:272: CMakeFiles/behaviortree_cpp.dir/src/actions/sleep_node.cpp.o] Interrupt
gmake[1]: *** [CMakeFiles/Makefile2:493: gtest/CMakeFiles/gtest.dir/all] Interrupt
gmake[1]: *** [CMakeFiles/Makefile2:307: CMakeFiles/behaviortree_cpp.dir/all] Interrupt
gmake: *** [Makefile:146: all] Interrupt
