[0.093s] Invoking command in '/home/sentry_ws/src/build/behavior_ext_plugins': CMAKE_PREFIX_PATH=${CMAKE_PREFIX_PATH}:/home/sentry_ws/install/control_panel:/opt/ros/humble /usr/bin/cmake /home/sentry_ws/src/nav2_plugins/behavior_ext_plugins -DCMAKE_INSTALL_PREFIX=/home/sentry_ws/src/install/behavior_ext_plugins
[0.799s] -- The C compiler identification is GNU 11.4.0
[0.799s] -- The CXX compiler identification is GNU 11.4.0
[0.799s] -- Detecting C compiler ABI info
[0.800s] -- Detecting C compiler ABI info - done
[0.800s] -- Check for working C compiler: /usr/bin/cc - skipped
[0.800s] -- Detecting C compile features
[0.800s] -- Detecting C compile features - done
[0.800s] -- Detecting CXX compiler ABI info
[1.190s] -- Detecting CXX compiler ABI info - done
[1.193s] -- Check for working CXX compiler: /usr/bin/c++ - skipped
[1.194s] -- Detecting CXX compile features
[1.195s] -- Detecting CXX compile features - done
[1.221s] -- Found ament_cmake: 1.3.6 (/opt/ros/humble/share/ament_cmake/cmake)
[2.030s] -- Found Python3: /usr/bin/python3.10 (found version "3.10.12") found components: Interpreter 
[2.488s] -- Found rclcpp: 16.0.5 (/opt/ros/humble/share/rclcpp/cmake)
[2.725s] -- Found rosidl_generator_c: 3.1.5 (/opt/ros/humble/share/rosidl_generator_c/cmake)
[2.759s] -- Found rosidl_adapter: 3.1.5 (/opt/ros/humble/share/rosidl_adapter/cmake)
[2.813s] -- Found rosidl_generator_cpp: 3.1.5 (/opt/ros/humble/share/rosidl_generator_cpp/cmake)
[2.888s] -- Using all available rosidl_typesupport_c: rosidl_typesupport_fastrtps_c;rosidl_typesupport_introspection_c
[2.982s] -- Using all available rosidl_typesupport_cpp: rosidl_typesupport_fastrtps_cpp;rosidl_typesupport_introspection_cpp
