[0.025s] Invoking command in '/home/sentry_ws/src/build/sentry_waypoint_loader_cpp': CMAKE_PREFIX_PATH=${CMAKE_PREFIX_PATH}:/home/sentry_ws/install/control_panel:/opt/ros/humble /usr/bin/cmake --build /home/sentry_ws/src/build/sentry_waypoint_loader_cpp -- -j16 -l16
[0.089s] [35m[1mConsolidate compiler generated dependencies of target sentry_waypoint_task_plugin[0m
[0.118s] [ 25%] [32mBuilding CXX object CMakeFiles/sentry_waypoint_task_plugin.dir/plugins/sentry_waypoint_task.cpp.o[0m
[8.156s] [ 50%] [32m[1mLinking CXX shared library libsentry_waypoint_task_plugin.so[0m
[8.704s] [ 50%] Built target sentry_waypoint_task_plugin
[8.751s] [ 75%] [32m[1mLinking CXX executable waypoint_loader[0m
[9.640s] [100%] Built target waypoint_loader
[9.659s] Invoked command in '/home/sentry_ws/src/build/sentry_waypoint_loader_cpp' returned '0': CMAKE_PREFIX_PATH=${CMAKE_PREFIX_PATH}:/home/sentry_ws/install/control_panel:/opt/ros/humble /usr/bin/cmake --build /home/sentry_ws/src/build/sentry_waypoint_loader_cpp -- -j16 -l16
[9.741s] Invoking command in '/home/sentry_ws/src/build/sentry_waypoint_loader_cpp': CMAKE_PREFIX_PATH=${CMAKE_PREFIX_PATH}:/home/sentry_ws/install/control_panel:/opt/ros/humble /usr/bin/cmake --install /home/sentry_ws/src/build/sentry_waypoint_loader_cpp
[9.748s] -- Install configuration: "Debug"
[9.749s] -- Installing: /home/sentry_ws/src/install/sentry_waypoint_loader_cpp/lib/libsentry_waypoint_task_plugin.so
[9.772s] -- Set runtime path of "/home/sentry_ws/src/install/sentry_waypoint_loader_cpp/lib/libsentry_waypoint_task_plugin.so" to ""
[9.772s] -- Installing: /home/sentry_ws/src/install/sentry_waypoint_loader_cpp/lib/sentry_waypoint_loader_cpp/waypoint_loader
[9.799s] -- Set runtime path of "/home/sentry_ws/src/install/sentry_waypoint_loader_cpp/lib/sentry_waypoint_loader_cpp/waypoint_loader" to ""
[9.800s] -- Up-to-date: /home/sentry_ws/src/install/sentry_waypoint_loader_cpp/share/nav2_core/plugins/sentry_waypoint_task_plugin.xml
[9.800s] -- Up-to-date: /home/sentry_ws/src/install/sentry_waypoint_loader_cpp/share/sentry_waypoint_loader_cpp/./plugin_description/sentry_waypoint_task_plugin.xml
[9.800s] -- Up-to-date: /home/sentry_ws/src/install/sentry_waypoint_loader_cpp/share/ament_index/resource_index/package_run_dependencies/sentry_waypoint_loader_cpp
[9.800s] -- Up-to-date: /home/sentry_ws/src/install/sentry_waypoint_loader_cpp/share/ament_index/resource_index/parent_prefix_path/sentry_waypoint_loader_cpp
[9.800s] -- Up-to-date: /home/sentry_ws/src/install/sentry_waypoint_loader_cpp/share/sentry_waypoint_loader_cpp/environment/ament_prefix_path.sh
[9.800s] -- Up-to-date: /home/sentry_ws/src/install/sentry_waypoint_loader_cpp/share/sentry_waypoint_loader_cpp/environment/ament_prefix_path.dsv
[9.800s] -- Up-to-date: /home/sentry_ws/src/install/sentry_waypoint_loader_cpp/share/sentry_waypoint_loader_cpp/environment/path.sh
[9.800s] -- Up-to-date: /home/sentry_ws/src/install/sentry_waypoint_loader_cpp/share/sentry_waypoint_loader_cpp/environment/path.dsv
[9.801s] -- Up-to-date: /home/sentry_ws/src/install/sentry_waypoint_loader_cpp/share/sentry_waypoint_loader_cpp/local_setup.bash
[9.801s] -- Up-to-date: /home/sentry_ws/src/install/sentry_waypoint_loader_cpp/share/sentry_waypoint_loader_cpp/local_setup.sh
[9.801s] -- Up-to-date: /home/sentry_ws/src/install/sentry_waypoint_loader_cpp/share/sentry_waypoint_loader_cpp/local_setup.zsh
[9.801s] -- Up-to-date: /home/sentry_ws/src/install/sentry_waypoint_loader_cpp/share/sentry_waypoint_loader_cpp/local_setup.dsv
[9.801s] -- Installing: /home/sentry_ws/src/install/sentry_waypoint_loader_cpp/share/sentry_waypoint_loader_cpp/package.dsv
[9.801s] -- Up-to-date: /home/sentry_ws/src/install/sentry_waypoint_loader_cpp/share/ament_index/resource_index/packages/sentry_waypoint_loader_cpp
[9.801s] -- Up-to-date: /home/sentry_ws/src/install/sentry_waypoint_loader_cpp/share/ament_index/resource_index/nav2_core__pluginlib__plugin/sentry_waypoint_loader_cpp
[9.801s] -- Up-to-date: /home/sentry_ws/src/install/sentry_waypoint_loader_cpp/share/sentry_waypoint_loader_cpp/cmake/sentry_waypoint_loader_cppConfig.cmake
[9.801s] -- Up-to-date: /home/sentry_ws/src/install/sentry_waypoint_loader_cpp/share/sentry_waypoint_loader_cpp/cmake/sentry_waypoint_loader_cppConfig-version.cmake
[9.802s] -- Up-to-date: /home/sentry_ws/src/install/sentry_waypoint_loader_cpp/share/sentry_waypoint_loader_cpp/package.xml
[9.803s] Invoked command in '/home/sentry_ws/src/build/sentry_waypoint_loader_cpp' returned '0': CMAKE_PREFIX_PATH=${CMAKE_PREFIX_PATH}:/home/sentry_ws/install/control_panel:/opt/ros/humble /usr/bin/cmake --install /home/sentry_ws/src/build/sentry_waypoint_loader_cpp
