[2.037s] Invoking command in '/home/sentry_ws/src/control_panel': PYTHONPATH=/home/sentry_ws/src/build/control_panel/prefix_override:/home/sentry_ws/src/install/control_panel/lib/python3.10/site-packages:${PYTHONPATH} /usr/bin/python3 setup.py egg_info --egg-base ../build/control_panel build --build-base /home/sentry_ws/src/build/control_panel/build install --record /home/sentry_ws/src/build/control_panel/install.log --single-version-externally-managed
[3.274s] running egg_info
[3.275s] writing ../build/control_panel/control_panel.egg-info/PKG-INFO
[3.275s] writing dependency_links to ../build/control_panel/control_panel.egg-info/dependency_links.txt
[3.275s] writing entry points to ../build/control_panel/control_panel.egg-info/entry_points.txt
[3.275s] writing requirements to ../build/control_panel/control_panel.egg-info/requires.txt
[3.275s] writing top-level names to ../build/control_panel/control_panel.egg-info/top_level.txt
[3.275s] reading manifest file '../build/control_panel/control_panel.egg-info/SOURCES.txt'
[3.275s] writing manifest file '../build/control_panel/control_panel.egg-info/SOURCES.txt'
[3.275s] running build
[3.275s] running build_py
[3.275s] running install
[3.275s] running install_lib
[3.275s] running install_data
[3.275s] running install_egg_info
[3.275s] removing '/home/sentry_ws/src/install/control_panel/lib/python3.10/site-packages/control_panel-2.3.0-py3.10.egg-info' (and everything under it)
[3.275s] Copying ../build/control_panel/control_panel.egg-info to /home/sentry_ws/src/install/control_panel/lib/python3.10/site-packages/control_panel-2.3.0-py3.10.egg-info
[3.276s] running install_scripts
[3.276s] Installing control_panel script to /home/sentry_ws/src/install/control_panel/lib/control_panel
[3.276s] writing list of installed files to '/home/sentry_ws/src/build/control_panel/install.log'
[3.276s] /usr/lib/python3/dist-packages/setuptools/command/install.py:34: SetuptoolsDeprecationWarning: setup.py install is deprecated. Use build and pip and other standards-based tools.
[3.276s]   warnings.warn(
[3.535s] Invoked command in '/home/sentry_ws/src/control_panel' returned '0': PYTHONPATH=/home/sentry_ws/src/build/control_panel/prefix_override:/home/sentry_ws/src/install/control_panel/lib/python3.10/site-packages:${PYTHONPATH} /usr/bin/python3 setup.py egg_info --egg-base ../build/control_panel build --build-base /home/sentry_ws/src/build/control_panel/build install --record /home/sentry_ws/src/build/control_panel/install.log --single-version-externally-managed
