-- Install configuration: ""
-- Up-to-date: /home/sentry_ws/src/install/sentry_bringup/share/sentry_bringup/launch
-- Up-to-date: /home/sentry_ws/src/install/sentry_bringup/share/sentry_bringup/launch/bringup_all_in_one.launch.py
-- Up-to-date: /home/sentry_ws/src/install/sentry_bringup/share/sentry_bringup/launch/relocalization.launch.py
-- Up-to-date: /home/sentry_ws/src/install/sentry_bringup/share/sentry_bringup/launch/octomap_server_intensity.launch.py
-- Up-to-date: /home/sentry_ws/src/install/sentry_bringup/share/sentry_bringup/launch/navigation.launch.py
-- Up-to-date: /home/sentry_ws/src/install/sentry_bringup/share/sentry_bringup/launch/__pycache__
-- Up-to-date: /home/sentry_ws/src/install/sentry_bringup/share/sentry_bringup/launch/__pycache__/carto.launch.cpython-310.pyc
-- Up-to-date: /home/sentry_ws/src/install/sentry_bringup/share/sentry_bringup/launch/__pycache__/rmul_bringup.cpython-310.pyc
-- Up-to-date: /home/sentry_ws/src/install/sentry_bringup/share/sentry_bringup/launch/__pycache__/map_server.launch.cpython-310.pyc
-- Up-to-date: /home/sentry_ws/src/install/sentry_bringup/share/sentry_bringup/launch/__pycache__/octomap_server_intensity.launch.cpython-310.pyc
-- Up-to-date: /home/sentry_ws/src/install/sentry_bringup/share/sentry_bringup/launch/__pycache__/bringup_all_in_one.cpython-310.pyc
-- Up-to-date: /home/sentry_ws/src/install/sentry_bringup/share/sentry_bringup/launch/__pycache__/view_map.cpython-310.pyc
-- Up-to-date: /home/sentry_ws/src/install/sentry_bringup/share/sentry_bringup/launch/__pycache__/mapping.cpython-310.pyc
-- Up-to-date: /home/sentry_ws/src/install/sentry_bringup/share/sentry_bringup/launch/__pycache__/static_trans.cpython-310.pyc
-- Up-to-date: /home/sentry_ws/src/install/sentry_bringup/share/sentry_bringup/launch/__pycache__/mapping.launch.cpython-310.pyc
-- Up-to-date: /home/sentry_ws/src/install/sentry_bringup/share/sentry_bringup/launch/mapping.launch.py
-- Up-to-date: /home/sentry_ws/src/install/sentry_bringup/share/sentry_bringup/launch/simulation_bringup.launch.py
-- Up-to-date: /home/sentry_ws/src/install/sentry_bringup/share/sentry_bringup/maps
-- Up-to-date: /home/sentry_ws/src/install/sentry_bringup/share/sentry_bringup/maps/oringin
-- Up-to-date: /home/sentry_ws/src/install/sentry_bringup/share/sentry_bringup/maps/oringin/test_map.pgm
-- Up-to-date: /home/sentry_ws/src/install/sentry_bringup/share/sentry_bringup/maps/oringin/test_map.yaml
-- Up-to-date: /home/sentry_ws/src/install/sentry_bringup/share/sentry_bringup/maps/oringin/test.pcd
-- Installing: /home/sentry_ws/src/install/sentry_bringup/share/sentry_bringup/maps/all_raw_points.pcd
-- Installing: /home/sentry_ws/src/install/sentry_bringup/share/sentry_bringup/maps/test
-- Installing: /home/sentry_ws/src/install/sentry_bringup/share/sentry_bringup/maps/test/test_map.png
-- Installing: /home/sentry_ws/src/install/sentry_bringup/share/sentry_bringup/maps/test/test_map.yaml
-- Installing: /home/sentry_ws/src/install/sentry_bringup/share/sentry_bringup/maps/test/test.pcd
-- Installing: /home/sentry_ws/src/install/sentry_bringup/share/sentry_bringup/maps/test_map.pgm
-- Installing: /home/sentry_ws/src/install/sentry_bringup/share/sentry_bringup/maps/Result.pcd
-- Installing: /home/sentry_ws/src/install/sentry_bringup/share/sentry_bringup/maps/test_map.png
-- Installing: /home/sentry_ws/src/install/sentry_bringup/share/sentry_bringup/maps/test_map.yaml
-- Installing: /home/sentry_ws/src/install/sentry_bringup/share/sentry_bringup/maps/test.pcd
-- Installing: /home/sentry_ws/src/install/sentry_bringup/share/sentry_bringup/maps/13_Result.pcd
-- Installing: /home/sentry_ws/src/install/sentry_bringup/share/sentry_bringup/maps/13_Depth.pcd
-- Installing: /home/sentry_ws/src/install/sentry_bringup/share/sentry_bringup/params
-- Installing: /home/sentry_ws/src/install/sentry_bringup/share/sentry_bringup/params/fast_lio_relocalization_param.yaml
-- Installing: /home/sentry_ws/src/install/sentry_bringup/share/sentry_bringup/params/nav2_params.yaml
-- Installing: /home/sentry_ws/src/install/sentry_bringup/share/sentry_bringup/params/segmentation_params.yaml
-- Installing: /home/sentry_ws/src/install/sentry_bringup/share/sentry_bringup/params/fast_lio_mapping_param.yaml
-- Installing: /home/sentry_ws/src/install/sentry_bringup/share/sentry_bringup/behavior_tree
-- Installing: /home/sentry_ws/src/install/sentry_bringup/share/sentry_bringup/behavior_tree/navigate_to_pose_w_replanning_and_recovery.xml
-- Installing: /home/sentry_ws/src/install/sentry_bringup/share/sentry_bringup/behavior_tree/navigate_through_pose_w_replanning_and_recovery.xml
-- Installing: /home/sentry_ws/src/install/sentry_bringup/share/sentry_bringup/rviz
-- Installing: /home/sentry_ws/src/install/sentry_bringup/share/sentry_bringup/rviz/compare.rviz
-- Installing: /home/sentry_ws/src/install/sentry_bringup/share/sentry_bringup/rviz/nav2_default_view.rviz
-- Installing: /home/sentry_ws/src/install/sentry_bringup/share/sentry_bringup/rviz/loam_livox.rviz
-- Installing: /home/sentry_ws/src/install/sentry_bringup/share/ament_index/resource_index/package_run_dependencies/sentry_bringup
-- Installing: /home/sentry_ws/src/install/sentry_bringup/share/ament_index/resource_index/parent_prefix_path/sentry_bringup
-- Installing: /home/sentry_ws/src/install/sentry_bringup/share/sentry_bringup/environment/ament_prefix_path.sh
-- Installing: /home/sentry_ws/src/install/sentry_bringup/share/sentry_bringup/environment/ament_prefix_path.dsv
-- Installing: /home/sentry_ws/src/install/sentry_bringup/share/sentry_bringup/environment/path.sh
-- Installing: /home/sentry_ws/src/install/sentry_bringup/share/sentry_bringup/environment/path.dsv
-- Installing: /home/sentry_ws/src/install/sentry_bringup/share/sentry_bringup/local_setup.bash
-- Installing: /home/sentry_ws/src/install/sentry_bringup/share/sentry_bringup/local_setup.sh
-- Installing: /home/sentry_ws/src/install/sentry_bringup/share/sentry_bringup/local_setup.zsh
-- Installing: /home/sentry_ws/src/install/sentry_bringup/share/sentry_bringup/local_setup.dsv
-- Installing: /home/sentry_ws/src/install/sentry_bringup/share/sentry_bringup/package.dsv
-- Installing: /home/sentry_ws/src/install/sentry_bringup/share/ament_index/resource_index/packages/sentry_bringup
-- Installing: /home/sentry_ws/src/install/sentry_bringup/share/sentry_bringup/cmake/sentry_bringupConfig.cmake
-- Installing: /home/sentry_ws/src/install/sentry_bringup/share/sentry_bringup/cmake/sentry_bringupConfig-version.cmake
-- Installing: /home/sentry_ws/src/install/sentry_bringup/share/sentry_bringup/package.xml
