[0.593s] Invoking command in '/home/sentry_ws/src/build/sentry_bringup': CMAKE_PREFIX_PATH=${CMAKE_PREFIX_PATH}:/home/sentry_ws/install/control_panel:/opt/ros/humble /usr/bin/cmake --build /home/sentry_ws/src/build/sentry_bringup -- -j16 -l16
[1.140s] Invoked command in '/home/sentry_ws/src/build/sentry_bringup' returned '0': CMAKE_PREFIX_PATH=${CMAKE_PREFIX_PATH}:/home/sentry_ws/install/control_panel:/opt/ros/humble /usr/bin/cmake --build /home/sentry_ws/src/build/sentry_bringup -- -j16 -l16
[1.512s] Invoking command in '/home/sentry_ws/src/build/sentry_bringup': CMAKE_PREFIX_PATH=${CMAKE_PREFIX_PATH}:/home/sentry_ws/install/control_panel:/opt/ros/humble /usr/bin/cmake --install /home/sentry_ws/src/build/sentry_bringup
[14.164s] -- Install configuration: ""
[14.165s] -- Up-to-date: /home/sentry_ws/src/install/sentry_bringup/share/sentry_bringup/launch
[14.165s] -- Up-to-date: /home/sentry_ws/src/install/sentry_bringup/share/sentry_bringup/launch/bringup_all_in_one.launch.py
[14.165s] -- Up-to-date: /home/sentry_ws/src/install/sentry_bringup/share/sentry_bringup/launch/relocalization.launch.py
[14.165s] -- Up-to-date: /home/sentry_ws/src/install/sentry_bringup/share/sentry_bringup/launch/octomap_server_intensity.launch.py
[14.165s] -- Up-to-date: /home/sentry_ws/src/install/sentry_bringup/share/sentry_bringup/launch/navigation.launch.py
[14.165s] -- Up-to-date: /home/sentry_ws/src/install/sentry_bringup/share/sentry_bringup/launch/__pycache__
[14.165s] -- Up-to-date: /home/sentry_ws/src/install/sentry_bringup/share/sentry_bringup/launch/__pycache__/carto.launch.cpython-310.pyc
[14.165s] -- Up-to-date: /home/sentry_ws/src/install/sentry_bringup/share/sentry_bringup/launch/__pycache__/rmul_bringup.cpython-310.pyc
[14.165s] -- Up-to-date: /home/sentry_ws/src/install/sentry_bringup/share/sentry_bringup/launch/__pycache__/map_server.launch.cpython-310.pyc
[14.165s] -- Up-to-date: /home/sentry_ws/src/install/sentry_bringup/share/sentry_bringup/launch/__pycache__/octomap_server_intensity.launch.cpython-310.pyc
[14.166s] -- Up-to-date: /home/sentry_ws/src/install/sentry_bringup/share/sentry_bringup/launch/__pycache__/bringup_all_in_one.cpython-310.pyc
[14.166s] -- Up-to-date: /home/sentry_ws/src/install/sentry_bringup/share/sentry_bringup/launch/__pycache__/view_map.cpython-310.pyc
[14.166s] -- Up-to-date: /home/sentry_ws/src/install/sentry_bringup/share/sentry_bringup/launch/__pycache__/mapping.cpython-310.pyc
[14.166s] -- Up-to-date: /home/sentry_ws/src/install/sentry_bringup/share/sentry_bringup/launch/__pycache__/static_trans.cpython-310.pyc
[14.166s] -- Up-to-date: /home/sentry_ws/src/install/sentry_bringup/share/sentry_bringup/launch/__pycache__/mapping.launch.cpython-310.pyc
[14.166s] -- Up-to-date: /home/sentry_ws/src/install/sentry_bringup/share/sentry_bringup/launch/mapping.launch.py
[14.166s] -- Up-to-date: /home/sentry_ws/src/install/sentry_bringup/share/sentry_bringup/launch/simulation_bringup.launch.py
[14.166s] -- Up-to-date: /home/sentry_ws/src/install/sentry_bringup/share/sentry_bringup/maps
[14.166s] -- Up-to-date: /home/sentry_ws/src/install/sentry_bringup/share/sentry_bringup/maps/oringin
[14.166s] -- Up-to-date: /home/sentry_ws/src/install/sentry_bringup/share/sentry_bringup/maps/oringin/test_map.pgm
[14.166s] -- Up-to-date: /home/sentry_ws/src/install/sentry_bringup/share/sentry_bringup/maps/oringin/test_map.yaml
[14.166s] -- Up-to-date: /home/sentry_ws/src/install/sentry_bringup/share/sentry_bringup/maps/oringin/test.pcd
[14.166s] -- Installing: /home/sentry_ws/src/install/sentry_bringup/share/sentry_bringup/maps/all_raw_points.pcd
[14.166s] -- Installing: /home/sentry_ws/src/install/sentry_bringup/share/sentry_bringup/maps/test
[14.167s] -- Installing: /home/sentry_ws/src/install/sentry_bringup/share/sentry_bringup/maps/test/test_map.png
[14.167s] -- Installing: /home/sentry_ws/src/install/sentry_bringup/share/sentry_bringup/maps/test/test_map.yaml
[14.167s] -- Installing: /home/sentry_ws/src/install/sentry_bringup/share/sentry_bringup/maps/test/test.pcd
[14.167s] -- Installing: /home/sentry_ws/src/install/sentry_bringup/share/sentry_bringup/maps/test_map.pgm
[14.167s] -- Installing: /home/sentry_ws/src/install/sentry_bringup/share/sentry_bringup/maps/Result.pcd
[14.167s] -- Installing: /home/sentry_ws/src/install/sentry_bringup/share/sentry_bringup/maps/test_map.png
[14.167s] -- Installing: /home/sentry_ws/src/install/sentry_bringup/share/sentry_bringup/maps/test_map.yaml
[14.167s] -- Installing: /home/sentry_ws/src/install/sentry_bringup/share/sentry_bringup/maps/test.pcd
[14.167s] -- Installing: /home/sentry_ws/src/install/sentry_bringup/share/sentry_bringup/maps/13_Result.pcd
[14.167s] -- Installing: /home/sentry_ws/src/install/sentry_bringup/share/sentry_bringup/maps/13_Depth.pcd
[14.168s] -- Installing: /home/sentry_ws/src/install/sentry_bringup/share/sentry_bringup/params
[14.168s] -- Installing: /home/sentry_ws/src/install/sentry_bringup/share/sentry_bringup/params/fast_lio_relocalization_param.yaml
[14.168s] -- Installing: /home/sentry_ws/src/install/sentry_bringup/share/sentry_bringup/params/nav2_params.yaml
[14.180s] -- Installing: /home/sentry_ws/src/install/sentry_bringup/share/sentry_bringup/params/segmentation_params.yaml
[14.180s] -- Installing: /home/sentry_ws/src/install/sentry_bringup/share/sentry_bringup/params/fast_lio_mapping_param.yaml
[14.180s] -- Installing: /home/sentry_ws/src/install/sentry_bringup/share/sentry_bringup/behavior_tree
[14.180s] -- Installing: /home/sentry_ws/src/install/sentry_bringup/share/sentry_bringup/behavior_tree/navigate_to_pose_w_replanning_and_recovery.xml
[14.181s] -- Installing: /home/sentry_ws/src/install/sentry_bringup/share/sentry_bringup/behavior_tree/navigate_through_pose_w_replanning_and_recovery.xml
[14.181s] -- Installing: /home/sentry_ws/src/install/sentry_bringup/share/sentry_bringup/rviz
[14.181s] -- Installing: /home/sentry_ws/src/install/sentry_bringup/share/sentry_bringup/rviz/compare.rviz
[14.181s] -- Installing: /home/sentry_ws/src/install/sentry_bringup/share/sentry_bringup/rviz/nav2_default_view.rviz
[14.181s] -- Installing: /home/sentry_ws/src/install/sentry_bringup/share/sentry_bringup/rviz/loam_livox.rviz
[14.181s] -- Installing: /home/sentry_ws/src/install/sentry_bringup/share/ament_index/resource_index/package_run_dependencies/sentry_bringup
[14.181s] -- Installing: /home/sentry_ws/src/install/sentry_bringup/share/ament_index/resource_index/parent_prefix_path/sentry_bringup
[14.181s] -- Installing: /home/sentry_ws/src/install/sentry_bringup/share/sentry_bringup/environment/ament_prefix_path.sh
[14.181s] -- Installing: /home/sentry_ws/src/install/sentry_bringup/share/sentry_bringup/environment/ament_prefix_path.dsv
[14.181s] -- Installing: /home/sentry_ws/src/install/sentry_bringup/share/sentry_bringup/environment/path.sh
[14.182s] -- Installing: /home/sentry_ws/src/install/sentry_bringup/share/sentry_bringup/environment/path.dsv
[14.182s] -- Installing: /home/sentry_ws/src/install/sentry_bringup/share/sentry_bringup/local_setup.bash
[14.182s] -- Installing: /home/sentry_ws/src/install/sentry_bringup/share/sentry_bringup/local_setup.sh
[14.182s] -- Installing: /home/sentry_ws/src/install/sentry_bringup/share/sentry_bringup/local_setup.zsh
[14.182s] -- Installing: /home/sentry_ws/src/install/sentry_bringup/share/sentry_bringup/local_setup.dsv
[14.182s] -- Installing: /home/sentry_ws/src/install/sentry_bringup/share/sentry_bringup/package.dsv
[14.182s] -- Installing: /home/sentry_ws/src/install/sentry_bringup/share/ament_index/resource_index/packages/sentry_bringup
[14.182s] -- Installing: /home/sentry_ws/src/install/sentry_bringup/share/sentry_bringup/cmake/sentry_bringupConfig.cmake
[14.182s] -- Installing: /home/sentry_ws/src/install/sentry_bringup/share/sentry_bringup/cmake/sentry_bringupConfig-version.cmake
[14.182s] -- Installing: /home/sentry_ws/src/install/sentry_bringup/share/sentry_bringup/package.xml
[14.239s] Invoked command in '/home/sentry_ws/src/build/sentry_bringup' returned '0': CMAKE_PREFIX_PATH=${CMAKE_PREFIX_PATH}:/home/sentry_ws/install/control_panel:/opt/ros/humble /usr/bin/cmake --install /home/sentry_ws/src/build/sentry_bringup
