[0.284s] Invoking command in '/home/sentry_ws/src/build/terrain_analysis_ext': CMAKE_PREFIX_PATH=${CMAKE_PREFIX_PATH}:/home/sentry_ws/install/control_panel:/opt/ros/humble /usr/bin/cmake /home/sentry_ws/src/autonomous_exploration_development_environment/src/terrain_analysis_ext -DCMAKE_INSTALL_PREFIX=/home/sentry_ws/src/install/terrain_analysis_ext
[1.724s] -- The C compiler identification is GNU 11.4.0
[1.726s] -- The CXX compiler identification is GNU 11.4.0
[1.726s] -- Detecting C compiler ABI info
[1.726s] -- Detecting C compiler ABI info - done
[1.726s] -- Check for working C compiler: /usr/bin/cc - skipped
[1.726s] -- Detecting C compile features
[1.726s] -- Detecting C compile features - done
[1.726s] -- Detecting CXX compiler ABI info
[1.726s] -- Detecting CXX compiler ABI info - done
[1.726s] -- Check for working CXX compiler: /usr/bin/c++ - skipped
[1.726s] -- Detecting CXX compile features
[1.726s] -- Detecting CXX compile features - done
[1.726s] -- Found ament_cmake: 1.3.6 (/opt/ros/humble/share/ament_cmake/cmake)
[1.726s] -- Found Python3: /usr/bin/python3.10 (found version "3.10.12") found components: Interpreter 
[1.727s] -- Found rclcpp: 16.0.5 (/opt/ros/humble/share/rclcpp/cmake)
[1.727s] -- Found rosidl_generator_c: 3.1.5 (/opt/ros/humble/share/rosidl_generator_c/cmake)
[1.727s] -- Found rosidl_adapter: 3.1.5 (/opt/ros/humble/share/rosidl_adapter/cmake)
[1.727s] -- Found rosidl_generator_cpp: 3.1.5 (/opt/ros/humble/share/rosidl_generator_cpp/cmake)
[1.727s] -- Using all available rosidl_typesupport_c: rosidl_typesupport_fastrtps_c;rosidl_typesupport_introspection_c
[1.727s] -- Using all available rosidl_typesupport_cpp: rosidl_typesupport_fastrtps_cpp;rosidl_typesupport_introspection_cpp
[1.727s] -- Found rmw_implementation_cmake: 6.1.1 (/opt/ros/humble/share/rmw_implementation_cmake/cmake)
[1.727s] -- Found rmw_fastrtps_cpp: 6.2.3 (/opt/ros/humble/share/rmw_fastrtps_cpp/cmake)
[1.727s] -- Found OpenSSL: /usr/lib/x86_64-linux-gnu/libcrypto.so (found version "3.0.2")  
[1.727s] -- Found FastRTPS: /opt/ros/humble/include  
[1.763s] -- Using RMW implementation 'rmw_fastrtps_cpp' as default
[1.789s] -- Looking for pthread.h
[1.975s] -- Looking for pthread.h - found
[1.975s] -- Performing Test CMAKE_HAVE_LIBC_PTHREAD
[2.130s] -- Performing Test CMAKE_HAVE_LIBC_PTHREAD - Success
[2.131s] -- Found Threads: TRUE  
[2.293s] -- Found nav_msgs: 4.2.3 (/opt/ros/humble/share/nav_msgs/cmake)
[2.407s] -- Found sensor_msgs: 4.2.3 (/opt/ros/humble/share/sensor_msgs/cmake)
[2.477s] -- Found tf2_ros: 0.25.3 (/opt/ros/humble/share/tf2_ros/cmake)
[2.792s] -- Found tf2_geometry_msgs: 0.25.3 (/opt/ros/humble/share/tf2_geometry_msgs/cmake)
[2.824s] -- Found eigen3_cmake_module: 0.1.1 (/opt/ros/humble/share/eigen3_cmake_module/cmake)
[2.825s] -- Found Eigen3: TRUE (found version "3.4.0") 
[2.825s] -- Ensuring Eigen3 include directory is part of orocos-kdl CMake target
[2.837s] -- Found pcl_conversions: 2.4.0 (/opt/ros/humble/share/pcl_conversions/cmake)
[3.363s] -- Found pcl_ros: 2.4.0 (/opt/ros/humble/share/pcl_ros/cmake)
[4.048s] -- Checking for module 'eigen3'
[4.190s] --   Found eigen3, version 3.4.0
[4.388s] -- Found Eigen: /usr/include/eigen3 (Required is at least version "3.1") 
[4.388s] -- Eigen found (include: /usr/include/eigen3, version: 3.4.0)
[4.816s] -- Checking for module 'flann'
