[0.295s] Invoking command in '/home/sentry_ws/src/build/sentry_bringup': CMAKE_PREFIX_PATH=${CMAKE_PREFIX_PATH}:/home/sentry_ws/install/control_panel:/opt/ros/humble /usr/bin/cmake /home/sentry_ws/src/sentry_bringup -DCMAKE_INSTALL_PREFIX=/home/sentry_ws/src/install/sentry_bringup
[0.390s] -- The C compiler identification is GNU 11.4.0
[0.493s] -- The CXX compiler identification is GNU 11.4.0
[0.502s] -- Detecting C compiler ABI info
[0.608s] -- Detecting C compiler ABI info - done
[0.614s] -- Check for working C compiler: /usr/bin/cc - skipped
[0.614s] -- Detecting C compile features
[0.614s] -- Detecting C compile features - done
[0.618s] -- Detecting CXX compiler ABI info
[0.742s] -- Detecting CXX compiler ABI info - done
[0.751s] -- Check for working CXX compiler: /usr/bin/c++ - skipped
[0.752s] -- Detecting CXX compile features
[0.752s] -- Detecting CXX compile features - done
[0.762s] -- Found ament_cmake: 1.3.6 (/opt/ros/humble/share/ament_cmake/cmake)
[0.989s] -- Found Python3: /usr/bin/python3.10 (found version "3.10.12") found components: Interpreter 
[1.246s] -- Found nav2_bringup: 1.1.13 (/opt/ros/humble/share/nav2_bringup/cmake)
[1.343s] -- Found ament_lint_auto: 0.12.7 (/opt/ros/humble/share/ament_lint_auto/cmake)
[1.719s] -- Added test 'flake8' to check Python code syntax and style conventions
[1.722s] -- Added test 'lint_cmake' to check CMake code style
[1.724s] -- Added test 'pep257' to check Python code against some of the docstring style conventions in PEP 257
[1.728s] -- Added test 'xmllint' to check XML markup files
[1.731s] -- Configuring done
[1.735s] -- Generating done
[1.738s] -- Build files have been written to: /home/sentry_ws/src/build/sentry_bringup
[1.743s] Invoked command in '/home/sentry_ws/src/build/sentry_bringup' returned '0': CMAKE_PREFIX_PATH=${CMAKE_PREFIX_PATH}:/home/sentry_ws/install/control_panel:/opt/ros/humble /usr/bin/cmake /home/sentry_ws/src/sentry_bringup -DCMAKE_INSTALL_PREFIX=/home/sentry_ws/src/install/sentry_bringup
[1.747s] Invoking command in '/home/sentry_ws/src/build/sentry_bringup': CMAKE_PREFIX_PATH=${CMAKE_PREFIX_PATH}:/home/sentry_ws/install/control_panel:/opt/ros/humble /usr/bin/cmake --build /home/sentry_ws/src/build/sentry_bringup -- -j16 -l16
[4.744s] Invoked command in '/home/sentry_ws/src/build/sentry_bringup' returned '0': CMAKE_PREFIX_PATH=${CMAKE_PREFIX_PATH}:/home/sentry_ws/install/control_panel:/opt/ros/humble /usr/bin/cmake --build /home/sentry_ws/src/build/sentry_bringup -- -j16 -l16
