[0.516s] Invoking command in '/home/sentry_ws/src/build/costmap_intensity': CMAKE_PREFIX_PATH=${CMAKE_PREFIX_PATH}:/home/sentry_ws/install/control_panel:/opt/ros/humble /usr/bin/cmake --build /home/sentry_ws/src/build/costmap_intensity -- -j16 -l16
[0.922s] [ 33%] [32mBuilding CXX object CMakeFiles/costmap_intensity_core.dir/plugins/voxel_layer.cpp.o[0m
[0.922s] [ 66%] [32mBuilding CXX object CMakeFiles/costmap_intensity_core.dir/plugins/obstacle_layer.cpp.o[0m
[33.057s] [100%] [32m[1mLinking CXX shared library libcostmap_intensity_core.so[0m
[35.521s] [100%] Built target costmap_intensity_core
[35.539s] Invoked command in '/home/sentry_ws/src/build/costmap_intensity' returned '0': CMAKE_PREFIX_PATH=${CMAKE_PREFIX_PATH}:/home/sentry_ws/install/control_panel:/opt/ros/humble /usr/bin/cmake --build /home/sentry_ws/src/build/costmap_intensity -- -j16 -l16
[35.593s] Invoking command in '/home/sentry_ws/src/build/costmap_intensity': CMAKE_PREFIX_PATH=${CMAKE_PREFIX_PATH}:/home/sentry_ws/install/control_panel:/opt/ros/humble /usr/bin/cmake --install /home/sentry_ws/src/build/costmap_intensity
[35.606s] -- Install configuration: ""
[35.610s] -- Installing: /home/sentry_ws/src/install/costmap_intensity/lib/libcostmap_intensity_core.so
[35.629s] -- Set runtime path of "/home/sentry_ws/src/install/costmap_intensity/lib/libcostmap_intensity_core.so" to ""
[35.629s] -- Installing: /home/sentry_ws/src/install/costmap_intensity/share/costmap_intensity/costmap_intensity.xml
[35.629s] -- Installing: /home/sentry_ws/src/install/costmap_intensity/share/ament_index/resource_index/package_run_dependencies/costmap_intensity
[35.629s] -- Installing: /home/sentry_ws/src/install/costmap_intensity/share/ament_index/resource_index/parent_prefix_path/costmap_intensity
[35.630s] -- Installing: /home/sentry_ws/src/install/costmap_intensity/share/costmap_intensity/environment/ament_prefix_path.sh
[35.630s] -- Installing: /home/sentry_ws/src/install/costmap_intensity/share/costmap_intensity/environment/ament_prefix_path.dsv
[35.630s] -- Installing: /home/sentry_ws/src/install/costmap_intensity/share/costmap_intensity/environment/path.sh
[35.630s] -- Installing: /home/sentry_ws/src/install/costmap_intensity/share/costmap_intensity/environment/path.dsv
[35.631s] -- Installing: /home/sentry_ws/src/install/costmap_intensity/share/costmap_intensity/local_setup.bash
[35.631s] -- Installing: /home/sentry_ws/src/install/costmap_intensity/share/costmap_intensity/local_setup.sh
[35.631s] -- Installing: /home/sentry_ws/src/install/costmap_intensity/share/costmap_intensity/local_setup.zsh
[35.631s] -- Installing: /home/sentry_ws/src/install/costmap_intensity/share/costmap_intensity/local_setup.dsv
[35.631s] -- Installing: /home/sentry_ws/src/install/costmap_intensity/share/costmap_intensity/package.dsv
[35.632s] -- Installing: /home/sentry_ws/src/install/costmap_intensity/share/ament_index/resource_index/packages/costmap_intensity
[35.632s] -- Installing: /home/sentry_ws/src/install/costmap_intensity/share/ament_index/resource_index/nav2_costmap_2d__pluginlib__plugin/costmap_intensity
[35.633s] -- Installing: /home/sentry_ws/src/install/costmap_intensity/share/costmap_intensity/cmake/costmap_intensityConfig.cmake
[35.634s] -- Installing: /home/sentry_ws/src/install/costmap_intensity/share/costmap_intensity/cmake/costmap_intensityConfig-version.cmake
[35.635s] -- Installing: /home/sentry_ws/src/install/costmap_intensity/share/costmap_intensity/package.xml
[35.647s] Invoked command in '/home/sentry_ws/src/build/costmap_intensity' returned '0': CMAKE_PREFIX_PATH=${CMAKE_PREFIX_PATH}:/home/sentry_ws/install/control_panel:/opt/ros/humble /usr/bin/cmake --install /home/sentry_ws/src/build/costmap_intensity
