[0.018s] Invoking command in '/home/sentry_ws/src/build/sentry_waypoint_loader_cpp': CMAKE_PREFIX_PATH=${CMAKE_PREFIX_PATH}:/home/sentry_ws/install/control_panel:/opt/ros/humble /usr/bin/cmake --build /home/sentry_ws/src/build/sentry_waypoint_loader_cpp -- -j16 -l16
[0.086s] [35m[1mConsolidate compiler generated dependencies of target sentry_waypoint_task_plugin[0m
[0.121s] [ 50%] Built target sentry_waypoint_task_plugin
[0.169s] [100%] Built target waypoint_loader
[0.186s] Invoked command in '/home/sentry_ws/src/build/sentry_waypoint_loader_cpp' returned '0': CMAKE_PREFIX_PATH=${CMAKE_PREFIX_PATH}:/home/sentry_ws/install/control_panel:/opt/ros/humble /usr/bin/cmake --build /home/sentry_ws/src/build/sentry_waypoint_loader_cpp -- -j16 -l16
[0.270s] Invoking command in '/home/sentry_ws/src/build/sentry_waypoint_loader_cpp': CMAKE_PREFIX_PATH=${CMAKE_PREFIX_PATH}:/home/sentry_ws/install/control_panel:/opt/ros/humble /usr/bin/cmake --install /home/sentry_ws/src/build/sentry_waypoint_loader_cpp
[0.283s] -- Install configuration: "Debug"
[0.283s] -- Up-to-date: /home/sentry_ws/src/install/sentry_waypoint_loader_cpp/lib/libsentry_waypoint_task_plugin.so
[0.284s] -- Up-to-date: /home/sentry_ws/src/install/sentry_waypoint_loader_cpp/lib/sentry_waypoint_loader_cpp/waypoint_loader
[0.284s] -- Up-to-date: /home/sentry_ws/src/install/sentry_waypoint_loader_cpp/share/nav2_core/plugins/sentry_waypoint_task_plugin.xml
[0.284s] -- Up-to-date: /home/sentry_ws/src/install/sentry_waypoint_loader_cpp/share/sentry_waypoint_loader_cpp/./plugin_description/sentry_waypoint_task_plugin.xml
[0.284s] -- Up-to-date: /home/sentry_ws/src/install/sentry_waypoint_loader_cpp/share/ament_index/resource_index/package_run_dependencies/sentry_waypoint_loader_cpp
[0.284s] -- Up-to-date: /home/sentry_ws/src/install/sentry_waypoint_loader_cpp/share/ament_index/resource_index/parent_prefix_path/sentry_waypoint_loader_cpp
[0.284s] -- Up-to-date: /home/sentry_ws/src/install/sentry_waypoint_loader_cpp/share/sentry_waypoint_loader_cpp/environment/ament_prefix_path.sh
[0.284s] -- Up-to-date: /home/sentry_ws/src/install/sentry_waypoint_loader_cpp/share/sentry_waypoint_loader_cpp/environment/ament_prefix_path.dsv
[0.285s] -- Up-to-date: /home/sentry_ws/src/install/sentry_waypoint_loader_cpp/share/sentry_waypoint_loader_cpp/environment/path.sh
[0.285s] -- Up-to-date: /home/sentry_ws/src/install/sentry_waypoint_loader_cpp/share/sentry_waypoint_loader_cpp/environment/path.dsv
[0.285s] -- Up-to-date: /home/sentry_ws/src/install/sentry_waypoint_loader_cpp/share/sentry_waypoint_loader_cpp/local_setup.bash
[0.285s] -- Up-to-date: /home/sentry_ws/src/install/sentry_waypoint_loader_cpp/share/sentry_waypoint_loader_cpp/local_setup.sh
[0.285s] -- Up-to-date: /home/sentry_ws/src/install/sentry_waypoint_loader_cpp/share/sentry_waypoint_loader_cpp/local_setup.zsh
[0.285s] -- Up-to-date: /home/sentry_ws/src/install/sentry_waypoint_loader_cpp/share/sentry_waypoint_loader_cpp/local_setup.dsv
[0.285s] -- Installing: /home/sentry_ws/src/install/sentry_waypoint_loader_cpp/share/sentry_waypoint_loader_cpp/package.dsv
[0.285s] -- Up-to-date: /home/sentry_ws/src/install/sentry_waypoint_loader_cpp/share/ament_index/resource_index/packages/sentry_waypoint_loader_cpp
[0.285s] -- Up-to-date: /home/sentry_ws/src/install/sentry_waypoint_loader_cpp/share/ament_index/resource_index/nav2_core__pluginlib__plugin/sentry_waypoint_loader_cpp
[0.285s] -- Up-to-date: /home/sentry_ws/src/install/sentry_waypoint_loader_cpp/share/sentry_waypoint_loader_cpp/cmake/sentry_waypoint_loader_cppConfig.cmake
[0.285s] -- Up-to-date: /home/sentry_ws/src/install/sentry_waypoint_loader_cpp/share/sentry_waypoint_loader_cpp/cmake/sentry_waypoint_loader_cppConfig-version.cmake
[0.285s] -- Up-to-date: /home/sentry_ws/src/install/sentry_waypoint_loader_cpp/share/sentry_waypoint_loader_cpp/package.xml
[0.287s] Invoked command in '/home/sentry_ws/src/build/sentry_waypoint_loader_cpp' returned '0': CMAKE_PREFIX_PATH=${CMAKE_PREFIX_PATH}:/home/sentry_ws/install/control_panel:/opt/ros/humble /usr/bin/cmake --install /home/sentry_ws/src/build/sentry_waypoint_loader_cpp
