[0.091s] Invoking command in '/home/sentry_ws/src/build/auto_aim_interfaces': CMAKE_PREFIX_PATH=${CMAKE_PREFIX_PATH}:/home/sentry_ws/install/control_panel:/opt/ros/humble /usr/bin/cmake /home/sentry_ws/src/auto_aim_interfaces -DCMAKE_INSTALL_PREFIX=/home/sentry_ws/src/install/auto_aim_interfaces
[0.355s] -- The C compiler identification is GNU 11.4.0
[0.355s] -- The CXX compiler identification is GNU 11.4.0
[0.356s] -- Detecting C compiler ABI info
[0.454s] -- Detecting C compiler ABI info - done
[0.464s] -- Check for working C compiler: /usr/bin/cc - skipped
[0.464s] -- Detecting C compile features
[0.464s] -- Detecting C compile features - done
[0.467s] -- Detecting CXX compiler ABI info
[0.607s] -- Detecting CXX compiler ABI info - done
[0.618s] -- Check for working CXX compiler: /usr/bin/c++ - skipped
[0.618s] -- Detecting CXX compile features
[0.619s] -- Detecting CXX compile features - done
[0.633s] -- Found ament_cmake: 1.3.6 (/opt/ros/humble/share/ament_cmake/cmake)
[0.871s] -- Found Python3: /usr/bin/python3.10 (found version "3.10.12") found components: Interpreter 
[1.153s] -- Found rosidl_default_generators: 1.2.0 (/opt/ros/humble/share/rosidl_default_generators/cmake)
[1.207s] -- Using all available rosidl_typesupport_c: rosidl_typesupport_fastrtps_c;rosidl_typesupport_introspection_c
[1.228s] -- Found rosidl_adapter: 3.1.5 (/opt/ros/humble/share/rosidl_adapter/cmake)
[1.313s] -- Using all available rosidl_typesupport_cpp: rosidl_typesupport_fastrtps_cpp;rosidl_typesupport_introspection_cpp
[1.501s] -- Found geometry_msgs: 4.2.3 (/opt/ros/humble/share/geometry_msgs/cmake)
[2.326s] -- Found ament_cmake_ros: 0.10.0 (/opt/ros/humble/share/ament_cmake_ros/cmake)
[3.069s] -- Using all available rosidl_typesupport_c: rosidl_typesupport_fastrtps_c;rosidl_typesupport_introspection_c
[3.599s] -- Using all available rosidl_typesupport_cpp: rosidl_typesupport_fastrtps_cpp;rosidl_typesupport_introspection_cpp
[3.713s] -- Found PythonInterp: /usr/bin/python3 (found suitable version "3.10.12", minimum required is "3.6") 
[3.828s] -- Found python_cmake_module: 0.10.0 (/opt/ros/humble/share/python_cmake_module/cmake)
[4.110s] -- Found PythonLibs: /usr/lib/x86_64-linux-gnu/libpython3.10.so (found suitable version "3.10.12", minimum required is "3.5") 
[4.110s] -- Using PYTHON_EXECUTABLE: /usr/bin/python3
[4.110s] -- Using PYTHON_INCLUDE_DIRS: /usr/include/python3.10
[4.111s] -- Using PYTHON_LIBRARIES: /usr/lib/x86_64-linux-gnu/libpython3.10.so
[4.204s] -- Found PythonExtra: .so  
[4.538s] -- Configuring done
[4.700s] -- Generating done
[4.707s] -- Build files have been written to: /home/sentry_ws/src/build/auto_aim_interfaces
[4.823s] Invoked command in '/home/sentry_ws/src/build/auto_aim_interfaces' returned '0': CMAKE_PREFIX_PATH=${CMAKE_PREFIX_PATH}:/home/sentry_ws/install/control_panel:/opt/ros/humble /usr/bin/cmake /home/sentry_ws/src/auto_aim_interfaces -DCMAKE_INSTALL_PREFIX=/home/sentry_ws/src/install/auto_aim_interfaces
[4.824s] Invoking command in '/home/sentry_ws/src/build/auto_aim_interfaces': CMAKE_PREFIX_PATH=${CMAKE_PREFIX_PATH}:/home/sentry_ws/install/control_panel:/opt/ros/humble /usr/bin/cmake --build /home/sentry_ws/src/build/auto_aim_interfaces -- -j16 -l16
[5.072s] gmake[2]: *** [CMakeFiles/auto_aim_interfaces__cpp.dir/build.make:186: rosidl_generator_cpp/auto_aim_interfaces/msg/armor.hpp] Interrupt
[5.072s] gmake[2]: *** [CMakeFiles/auto_aim_interfaces__rosidl_generator_c.dir/build.make:155: rosidl_generator_c/auto_aim_interfaces/msg/armor.h] Interrupt
[5.073s] [  1%] [34m[1mGenerating C code for ROS interfaces[0m
[5.093s] gmake[1]: *** [CMakeFiles/Makefile2:212: CMakeFiles/auto_aim_interfaces__rosidl_generator_c.dir/all] Interrupt
[5.093s] gmake[1]: *** [CMakeFiles/Makefile2:317: CMakeFiles/auto_aim_interfaces__cpp.dir/all] Interrupt
[5.093s] gmake[1]: *** [CMakeFiles/Makefile2:421: CMakeFiles/ament_cmake_python_copy_auto_aim_interfaces.dir/all] Interrupt
[5.093s] gmake: *** [Makefile:146: all] Interrupt
