[2.685s] Invoking command in '/home/sentry_ws/src/control_panel': PYTHONPATH=/home/sentry_ws/src/build/control_panel/prefix_override:/home/sentry_ws/src/install/control_panel/lib/python3.10/site-packages:${PYTHONPATH} /usr/bin/python3 setup.py egg_info --egg-base ../build/control_panel build --build-base /home/sentry_ws/src/build/control_panel/build install --record /home/sentry_ws/src/build/control_panel/install.log --single-version-externally-managed
[14.208s] running egg_info
[14.208s] writing ../build/control_panel/control_panel.egg-info/PKG-INFO
[14.208s] writing dependency_links to ../build/control_panel/control_panel.egg-info/dependency_links.txt
[14.208s] writing entry points to ../build/control_panel/control_panel.egg-info/entry_points.txt
[14.209s] writing requirements to ../build/control_panel/control_panel.egg-info/requires.txt
[14.209s] writing top-level names to ../build/control_panel/control_panel.egg-info/top_level.txt
[14.209s] reading manifest file '../build/control_panel/control_panel.egg-info/SOURCES.txt'
[14.209s] writing manifest file '../build/control_panel/control_panel.egg-info/SOURCES.txt'
[14.209s] running build
[14.209s] running build_py
[14.209s] running install
[14.209s] running install_lib
[14.209s] running install_data
[14.209s] running install_egg_info
[14.209s] removing '/home/sentry_ws/src/install/control_panel/lib/python3.10/site-packages/control_panel-2.3.0-py3.10.egg-info' (and everything under it)
[14.210s] Copying ../build/control_panel/control_panel.egg-info to /home/sentry_ws/src/install/control_panel/lib/python3.10/site-packages/control_panel-2.3.0-py3.10.egg-info
[14.210s] running install_scripts
[14.210s] Installing control_panel script to /home/sentry_ws/src/install/control_panel/lib/control_panel
[14.210s] writing list of installed files to '/home/sentry_ws/src/build/control_panel/install.log'
[14.210s] /usr/lib/python3/dist-packages/setuptools/command/install.py:34: SetuptoolsDeprecationWarning: setup.py install is deprecated. Use build and pip and other standards-based tools.
[14.210s]   warnings.warn(
[14.341s] Invoked command in '/home/sentry_ws/src/control_panel' returned '0': PYTHONPATH=/home/sentry_ws/src/build/control_panel/prefix_override:/home/sentry_ws/src/install/control_panel/lib/python3.10/site-packages:${PYTHONPATH} /usr/bin/python3 setup.py egg_info --egg-base ../build/control_panel build --build-base /home/sentry_ws/src/build/control_panel/build install --record /home/sentry_ws/src/build/control_panel/install.log --single-version-externally-managed
