[0.287s] Invoking command in '/home/sentry_ws/src/build/velocity_smoother_ext': CMAKE_PREFIX_PATH=${CMAKE_PREFIX_PATH}:/home/sentry_ws/install/control_panel:/opt/ros/humble /usr/bin/cmake /home/sentry_ws/src/nav2_plugins/velocity_smoother_ext -DCMAKE_INSTALL_PREFIX=/home/sentry_ws/src/install/velocity_smoother_ext
[1.770s] -- The C compiler identification is GNU 11.4.0
[1.771s] -- The CXX compiler identification is GNU 11.4.0
[1.772s] -- Detecting C compiler ABI info
[1.772s] -- Detecting C compiler ABI info - done
[1.772s] -- Check for working C compiler: /usr/bin/cc - skipped
[1.772s] -- Detecting C compile features
[1.772s] -- Detecting C compile features - done
[1.772s] -- Detecting CXX compiler ABI info
[1.772s] -- Detecting CXX compiler ABI info - done
[1.772s] -- Check for working CXX compiler: /usr/bin/c++ - skipped
[1.772s] -- Detecting CXX compile features
[1.772s] -- Detecting CXX compile features - done
[1.772s] -- Found ament_cmake: 1.3.6 (/opt/ros/humble/share/ament_cmake/cmake)
[1.772s] -- Found Python3: /usr/bin/python3.10 (found version "3.10.12") found components: Interpreter 
[1.772s] -- Found nav2_common: 1.1.13 (/opt/ros/humble/share/nav2_common/cmake)
[1.773s] -- Found rclcpp: 16.0.5 (/opt/ros/humble/share/rclcpp/cmake)
[1.773s] -- Found rosidl_generator_c: 3.1.5 (/opt/ros/humble/share/rosidl_generator_c/cmake)
[1.773s] -- Found rosidl_adapter: 3.1.5 (/opt/ros/humble/share/rosidl_adapter/cmake)
[1.773s] -- Found rosidl_generator_cpp: 3.1.5 (/opt/ros/humble/share/rosidl_generator_cpp/cmake)
[1.773s] -- Using all available rosidl_typesupport_c: rosidl_typesupport_fastrtps_c;rosidl_typesupport_introspection_c
[1.773s] -- Using all available rosidl_typesupport_cpp: rosidl_typesupport_fastrtps_cpp;rosidl_typesupport_introspection_cpp
[1.773s] -- Found rmw_implementation_cmake: 6.1.1 (/opt/ros/humble/share/rmw_implementation_cmake/cmake)
[1.773s] -- Found rmw_fastrtps_cpp: 6.2.3 (/opt/ros/humble/share/rmw_fastrtps_cpp/cmake)
[1.851s] -- Found OpenSSL: /usr/lib/x86_64-linux-gnu/libcrypto.so (found version "3.0.2")  
[1.891s] -- Found FastRTPS: /opt/ros/humble/include  
[1.962s] -- Using RMW implementation 'rmw_fastrtps_cpp' as default
[1.983s] -- Looking for pthread.h
[2.077s] -- Looking for pthread.h - found
[2.077s] -- Performing Test CMAKE_HAVE_LIBC_PTHREAD
[2.198s] -- Performing Test CMAKE_HAVE_LIBC_PTHREAD - Success
[2.199s] -- Found Threads: TRUE  
[2.340s] -- Found rclcpp_components: 16.0.5 (/opt/ros/humble/share/rclcpp_components/cmake)
[2.410s] -- Found geometry_msgs: 4.2.3 (/opt/ros/humble/share/geometry_msgs/cmake)
[2.447s] -- Found nav2_util: 1.1.13 (/opt/ros/humble/share/nav2_util/cmake)
[2.961s] -- Found eigen3_cmake_module: 0.1.1 (/opt/ros/humble/share/eigen3_cmake_module/cmake)
[2.962s] -- Found Eigen3: TRUE (found version "3.4.0") 
[2.962s] -- Ensuring Eigen3 include directory is part of orocos-kdl CMake target
[3.149s] -- Setting build type to Release as none was specified.
[4.519s] -- Configuring done
[4.800s] -- Generating done
[4.833s] -- Build files have been written to: /home/sentry_ws/src/build/velocity_smoother_ext
[4.859s] Invoked command in '/home/sentry_ws/src/build/velocity_smoother_ext' returned '0': CMAKE_PREFIX_PATH=${CMAKE_PREFIX_PATH}:/home/sentry_ws/install/control_panel:/opt/ros/humble /usr/bin/cmake /home/sentry_ws/src/nav2_plugins/velocity_smoother_ext -DCMAKE_INSTALL_PREFIX=/home/sentry_ws/src/install/velocity_smoother_ext
[4.859s] Invoking command in '/home/sentry_ws/src/build/velocity_smoother_ext': CMAKE_PREFIX_PATH=${CMAKE_PREFIX_PATH}:/home/sentry_ws/install/control_panel:/opt/ros/humble /usr/bin/cmake --build /home/sentry_ws/src/build/velocity_smoother_ext -- -j16 -l16
[5.019s] gmake[1]: *** [CMakeFiles/Makefile2:138: CMakeFiles/velocity_smoother_ext_core.dir/all] Interrupt
[5.019s] gmake: *** [Makefile:146: all] Interrupt
