-- Found ament_cmake: 1.3.6 (/opt/ros/humble/share/ament_cmake/cmake)
-- Found rclcpp: 16.0.5 (/opt/ros/humble/share/rclcpp/cmake)
-- Found rosidl_generator_c: 3.1.5 (/opt/ros/humble/share/rosidl_generator_c/cmake)
-- Found rosidl_adapter: 3.1.5 (/opt/ros/humble/share/rosidl_adapter/cmake)
-- Found rosidl_generator_cpp: 3.1.5 (/opt/ros/humble/share/rosidl_generator_cpp/cmake)
-- Using all available rosidl_typesupport_c: rosidl_typesupport_fastrtps_c;rosidl_typesupport_introspection_c
-- Using all available rosidl_typesupport_cpp: rosidl_typesupport_fastrtps_cpp;rosidl_typesupport_introspection_cpp
-- Found rmw_implementation_cmake: 6.1.1 (/opt/ros/humble/share/rmw_implementation_cmake/cmake)
-- Found rmw_fastrtps_cpp: 6.2.3 (/opt/ros/humble/share/rmw_fastrtps_cpp/cmake)
-- Using RMW implementation 'rmw_fastrtps_cpp' as default
-- Found rclcpp_action: 16.0.5 (/opt/ros/humble/share/rclcpp_action/cmake)
-- Found rclcpp_lifecycle: 16.0.5 (/opt/ros/humble/share/rclcpp_lifecycle/cmake)
-- Found geometry_msgs: 4.2.3 (/opt/ros/humble/share/geometry_msgs/cmake)
-- Found nav2_msgs: 1.1.13 (/opt/ros/humble/share/nav2_msgs/cmake)
-- Found nav2_waypoint_follower: 1.1.13 (/opt/ros/humble/share/nav2_waypoint_follower/cmake)
-- Found eigen3_cmake_module: 0.1.1 (/opt/ros/humble/share/eigen3_cmake_module/cmake)
-- Ensuring Eigen3 include directory is part of orocos-kdl CMake target
-- Configuring done
-- Generating done
-- Build files have been written to: /home/sentry_ws/src/build/sentry_waypoint_loader_cpp
[35m[1mConsolidate compiler generated dependencies of target sentry_waypoint_task_plugin[0m
[ 25%] [32mBuilding CXX object CMakeFiles/sentry_waypoint_task_plugin.dir/plugins/sentry_waypoint_task.cpp.o[0m
[01m[K/home/sentry_ws/src/sentry_waypoint_loader_cpp/plugins/sentry_waypoint_task.cpp:17:9:[m[K [01;31m[Kerror: [m[K‘[01m[Knav2[m[K’ does not name a type
   17 |   const [01;31m[Knav2[m[K::LifecycleNode::WeakPtr & parent,
      |         [01;31m[K^~~~[m[K
[01m[K/home/sentry_ws/src/sentry_waypoint_loader_cpp/plugins/sentry_waypoint_task.cpp:17:28:[m[K [01;31m[Kerror: [m[Kexpected unqualified-id before ‘[01m[K::[m[K’ token
   17 |   const nav2::LifecycleNode[01;31m[K::[m[KWeakPtr & parent,
      |                            [01;31m[K^~[m[K
[01m[K/home/sentry_ws/src/sentry_waypoint_loader_cpp/plugins/sentry_waypoint_task.cpp:17:28:[m[K [01;31m[Kerror: [m[Kexpected ‘[01m[K)[m[K’ before ‘[01m[K::[m[K’ token
   17 |   const nav2::LifecycleNode[01;31m[K:[m[K[32m[K:[m[KWeakPtr & parent,
      |                            [01;31m[K^[m[K[32m[K~[m[K
      |                            [32m[K)[m[K
[01m[K/home/sentry_ws/src/sentry_waypoint_loader_cpp/plugins/sentry_waypoint_task.cpp:16:36:[m[K [01;36m[Knote: [m[Kto match this ‘[01m[K([m[K’
   16 | void SentryWaypointTask::initialize[01;36m[K([m[K
      |                                    [01;36m[K^[m[K
[01m[K/home/sentry_ws/src/sentry_waypoint_loader_cpp/plugins/sentry_waypoint_task.cpp:17:28:[m[K [01;31m[Kerror: [m[Kexpected initializer before ‘[01m[K::[m[K’ token
   17 |   const nav2::LifecycleNode[01;31m[K::[m[KWeakPtr & parent,
      |                            [01;31m[K^~[m[K
gmake[2]: *** [CMakeFiles/sentry_waypoint_task_plugin.dir/build.make:76: CMakeFiles/sentry_waypoint_task_plugin.dir/plugins/sentry_waypoint_task.cpp.o] Error 1
gmake[1]: *** [CMakeFiles/Makefile2:139: CMakeFiles/sentry_waypoint_task_plugin.dir/all] Error 2
gmake: *** [Makefile:146: all] Error 2
