[0.015s] Invoking command in '/home/sentry_ws/src/build/sentry_waypoint_loader_cpp': CMAKE_PREFIX_PATH=${CMAKE_PREFIX_PATH}:/home/sentry_ws/install/control_panel:/opt/ros/humble /usr/bin/cmake --build /home/sentry_ws/src/build/sentry_waypoint_loader_cpp -- -j16 -l16
[0.047s] -- Found ament_cmake: 1.3.6 (/opt/ros/humble/share/ament_cmake/cmake)
[0.193s] -- Found rclcpp: 16.0.5 (/opt/ros/humble/share/rclcpp/cmake)
[0.218s] -- Found rosidl_generator_c: 3.1.5 (/opt/ros/humble/share/rosidl_generator_c/cmake)
[0.220s] -- Found rosidl_adapter: 3.1.5 (/opt/ros/humble/share/rosidl_adapter/cmake)
[0.225s] -- Found rosidl_generator_cpp: 3.1.5 (/opt/ros/humble/share/rosidl_generator_cpp/cmake)
[0.233s] -- Using all available rosidl_typesupport_c: rosidl_typesupport_fastrtps_c;rosidl_typesupport_introspection_c
[0.245s] -- Using all available rosidl_typesupport_cpp: rosidl_typesupport_fastrtps_cpp;rosidl_typesupport_introspection_cpp
[0.285s] -- Found rmw_implementation_cmake: 6.1.1 (/opt/ros/humble/share/rmw_implementation_cmake/cmake)
[0.286s] -- Found rmw_fastrtps_cpp: 6.2.3 (/opt/ros/humble/share/rmw_fastrtps_cpp/cmake)
[0.437s] -- Using RMW implementation 'rmw_fastrtps_cpp' as default
[0.544s] -- Found rclcpp_action: 16.0.5 (/opt/ros/humble/share/rclcpp_action/cmake)
[0.605s] -- Found rclcpp_lifecycle: 16.0.5 (/opt/ros/humble/share/rclcpp_lifecycle/cmake)
[0.631s] -- Found geometry_msgs: 4.2.3 (/opt/ros/humble/share/geometry_msgs/cmake)
[0.660s] -- Found nav2_msgs: 1.1.13 (/opt/ros/humble/share/nav2_msgs/cmake)
[0.839s] -- Found nav2_waypoint_follower: 1.1.13 (/opt/ros/humble/share/nav2_waypoint_follower/cmake)
[1.035s] -- Found eigen3_cmake_module: 0.1.1 (/opt/ros/humble/share/eigen3_cmake_module/cmake)
[1.036s] -- Ensuring Eigen3 include directory is part of orocos-kdl CMake target
[4.302s] -- Configuring done
[4.396s] -- Generating done
[4.398s] -- Build files have been written to: /home/sentry_ws/src/build/sentry_waypoint_loader_cpp
[4.437s] [35m[1mConsolidate compiler generated dependencies of target sentry_waypoint_task_plugin[0m
[4.470s] [ 25%] [32mBuilding CXX object CMakeFiles/sentry_waypoint_task_plugin.dir/plugins/sentry_waypoint_task.cpp.o[0m
[6.419s] [01m[K/home/sentry_ws/src/sentry_waypoint_loader_cpp/plugins/sentry_waypoint_task.cpp:17:9:[m[K [01;31m[Kerror: [m[K‘[01m[Knav2[m[K’ does not name a type
[6.419s]    17 |   const [01;31m[Knav2[m[K::LifecycleNode::WeakPtr & parent,
[6.419s]       |         [01;31m[K^~~~[m[K
[6.419s] [01m[K/home/sentry_ws/src/sentry_waypoint_loader_cpp/plugins/sentry_waypoint_task.cpp:17:28:[m[K [01;31m[Kerror: [m[Kexpected unqualified-id before ‘[01m[K::[m[K’ token
[6.420s]    17 |   const nav2::LifecycleNode[01;31m[K::[m[KWeakPtr & parent,
[6.420s]       |                            [01;31m[K^~[m[K
[6.420s] [01m[K/home/sentry_ws/src/sentry_waypoint_loader_cpp/plugins/sentry_waypoint_task.cpp:17:28:[m[K [01;31m[Kerror: [m[Kexpected ‘[01m[K)[m[K’ before ‘[01m[K::[m[K’ token
[6.420s]    17 |   const nav2::LifecycleNode[01;31m[K:[m[K[32m[K:[m[KWeakPtr & parent,
[6.420s]       |                            [01;31m[K^[m[K[32m[K~[m[K
[6.420s]       |                            [32m[K)[m[K
[6.420s] [01m[K/home/sentry_ws/src/sentry_waypoint_loader_cpp/plugins/sentry_waypoint_task.cpp:16:36:[m[K [01;36m[Knote: [m[Kto match this ‘[01m[K([m[K’
[6.421s]    16 | void SentryWaypointTask::initialize[01;36m[K([m[K
[6.421s]       |                                    [01;36m[K^[m[K
[6.421s] [01m[K/home/sentry_ws/src/sentry_waypoint_loader_cpp/plugins/sentry_waypoint_task.cpp:17:28:[m[K [01;31m[Kerror: [m[Kexpected initializer before ‘[01m[K::[m[K’ token
[6.421s]    17 |   const nav2::LifecycleNode[01;31m[K::[m[KWeakPtr & parent,
[6.421s]       |                            [01;31m[K^~[m[K
[7.113s] gmake[2]: *** [CMakeFiles/sentry_waypoint_task_plugin.dir/build.make:76: CMakeFiles/sentry_waypoint_task_plugin.dir/plugins/sentry_waypoint_task.cpp.o] Error 1
[7.113s] gmake[1]: *** [CMakeFiles/Makefile2:139: CMakeFiles/sentry_waypoint_task_plugin.dir/all] Error 2
[7.114s] gmake: *** [Makefile:146: all] Error 2
[7.114s] Invoked command in '/home/sentry_ws/src/build/sentry_waypoint_loader_cpp' returned '2': CMAKE_PREFIX_PATH=${CMAKE_PREFIX_PATH}:/home/sentry_ws/install/control_panel:/opt/ros/humble /usr/bin/cmake --build /home/sentry_ws/src/build/sentry_waypoint_loader_cpp -- -j16 -l16
