[0.016s] Invoking command in '/home/sentry_ws/src/build/sentry_waypoint_loader_cpp': CMAKE_PREFIX_PATH=${CMAKE_PREFIX_PATH}:/home/sentry_ws/install/control_panel:/opt/ros/humble /usr/bin/cmake --build /home/sentry_ws/src/build/sentry_waypoint_loader_cpp -- -j16 -l16
[0.044s] -- Found ament_cmake: 1.3.6 (/opt/ros/humble/share/ament_cmake/cmake)
[0.175s] -- Found rclcpp: 16.0.5 (/opt/ros/humble/share/rclcpp/cmake)
[0.199s] -- Found rosidl_generator_c: 3.1.5 (/opt/ros/humble/share/rosidl_generator_c/cmake)
[0.200s] -- Found rosidl_adapter: 3.1.5 (/opt/ros/humble/share/rosidl_adapter/cmake)
[0.205s] -- Found rosidl_generator_cpp: 3.1.5 (/opt/ros/humble/share/rosidl_generator_cpp/cmake)
[0.214s] -- Using all available rosidl_typesupport_c: rosidl_typesupport_fastrtps_c;rosidl_typesupport_introspection_c
[0.226s] -- Using all available rosidl_typesupport_cpp: rosidl_typesupport_fastrtps_cpp;rosidl_typesupport_introspection_cpp
[0.268s] -- Found rmw_implementation_cmake: 6.1.1 (/opt/ros/humble/share/rmw_implementation_cmake/cmake)
[0.269s] -- Found rmw_fastrtps_cpp: 6.2.3 (/opt/ros/humble/share/rmw_fastrtps_cpp/cmake)
[0.427s] -- Using RMW implementation 'rmw_fastrtps_cpp' as default
[0.538s] -- Found rclcpp_action: 16.0.5 (/opt/ros/humble/share/rclcpp_action/cmake)
[0.614s] -- Found rclcpp_lifecycle: 16.0.5 (/opt/ros/humble/share/rclcpp_lifecycle/cmake)
[0.653s] -- Found geometry_msgs: 4.2.3 (/opt/ros/humble/share/geometry_msgs/cmake)
[0.682s] -- Found nav2_msgs: 1.1.13 (/opt/ros/humble/share/nav2_msgs/cmake)
[0.865s] -- Found nav2_waypoint_follower: 1.1.13 (/opt/ros/humble/share/nav2_waypoint_follower/cmake)
[1.152s] -- Found eigen3_cmake_module: 0.1.1 (/opt/ros/humble/share/eigen3_cmake_module/cmake)
[1.152s] -- Found Eigen3: TRUE (found version "3.4.0") 
[1.153s] -- Ensuring Eigen3 include directory is part of orocos-kdl CMake target
[4.471s] -- Configuring done
[4.566s] -- Generating done
[4.568s] -- Build files have been written to: /home/sentry_ws/src/build/sentry_waypoint_loader_cpp
[4.628s] [ 25%] [32mBuilding CXX object CMakeFiles/sentry_waypoint_task_plugin.dir/plugins/sentry_waypoint_task.cpp.o[0m
[13.252s] [ 50%] [32m[1mLinking CXX shared library libsentry_waypoint_task_plugin.so[0m
[13.849s] [ 50%] Built target sentry_waypoint_task_plugin
[13.891s] [ 75%] [32mBuilding CXX object CMakeFiles/waypoint_loader.dir/src/waypoint_loader.cpp.o[0m
[24.412s] [100%] [32m[1mLinking CXX executable waypoint_loader[0m
[27.183s] [100%] Built target waypoint_loader
[27.203s] Invoked command in '/home/sentry_ws/src/build/sentry_waypoint_loader_cpp' returned '0': CMAKE_PREFIX_PATH=${CMAKE_PREFIX_PATH}:/home/sentry_ws/install/control_panel:/opt/ros/humble /usr/bin/cmake --build /home/sentry_ws/src/build/sentry_waypoint_loader_cpp -- -j16 -l16
[27.281s] Invoking command in '/home/sentry_ws/src/build/sentry_waypoint_loader_cpp': CMAKE_PREFIX_PATH=${CMAKE_PREFIX_PATH}:/home/sentry_ws/install/control_panel:/opt/ros/humble /usr/bin/cmake --install /home/sentry_ws/src/build/sentry_waypoint_loader_cpp
[27.292s] -- Install configuration: "Debug"
[27.292s] -- Installing: /home/sentry_ws/src/install/sentry_waypoint_loader_cpp/lib/libsentry_waypoint_task_plugin.so
[27.313s] -- Set runtime path of "/home/sentry_ws/src/install/sentry_waypoint_loader_cpp/lib/libsentry_waypoint_task_plugin.so" to ""
[27.313s] -- Installing: /home/sentry_ws/src/install/sentry_waypoint_loader_cpp/lib/sentry_waypoint_loader_cpp/waypoint_loader
[27.338s] -- Set runtime path of "/home/sentry_ws/src/install/sentry_waypoint_loader_cpp/lib/sentry_waypoint_loader_cpp/waypoint_loader" to ""
[27.338s] -- Installing: /home/sentry_ws/src/install/sentry_waypoint_loader_cpp/share/nav2_core/plugins/sentry_waypoint_task_plugin.xml
[27.338s] -- Installing: /home/sentry_ws/src/install/sentry_waypoint_loader_cpp/share/sentry_waypoint_loader_cpp/./plugin_description/sentry_waypoint_task_plugin.xml
[27.338s] -- Installing: /home/sentry_ws/src/install/sentry_waypoint_loader_cpp/share/ament_index/resource_index/package_run_dependencies/sentry_waypoint_loader_cpp
[27.339s] -- Installing: /home/sentry_ws/src/install/sentry_waypoint_loader_cpp/share/ament_index/resource_index/parent_prefix_path/sentry_waypoint_loader_cpp
[27.339s] -- Up-to-date: /home/sentry_ws/src/install/sentry_waypoint_loader_cpp/share/sentry_waypoint_loader_cpp/environment/ament_prefix_path.sh
[27.339s] -- Installing: /home/sentry_ws/src/install/sentry_waypoint_loader_cpp/share/sentry_waypoint_loader_cpp/environment/ament_prefix_path.dsv
[27.339s] -- Up-to-date: /home/sentry_ws/src/install/sentry_waypoint_loader_cpp/share/sentry_waypoint_loader_cpp/environment/path.sh
[27.339s] -- Installing: /home/sentry_ws/src/install/sentry_waypoint_loader_cpp/share/sentry_waypoint_loader_cpp/environment/path.dsv
[27.339s] -- Up-to-date: /home/sentry_ws/src/install/sentry_waypoint_loader_cpp/share/sentry_waypoint_loader_cpp/local_setup.bash
[27.339s] -- Up-to-date: /home/sentry_ws/src/install/sentry_waypoint_loader_cpp/share/sentry_waypoint_loader_cpp/local_setup.sh
[27.339s] -- Up-to-date: /home/sentry_ws/src/install/sentry_waypoint_loader_cpp/share/sentry_waypoint_loader_cpp/local_setup.zsh
[27.339s] -- Installing: /home/sentry_ws/src/install/sentry_waypoint_loader_cpp/share/sentry_waypoint_loader_cpp/local_setup.dsv
[27.339s] -- Installing: /home/sentry_ws/src/install/sentry_waypoint_loader_cpp/share/sentry_waypoint_loader_cpp/package.dsv
[27.340s] -- Up-to-date: /home/sentry_ws/src/install/sentry_waypoint_loader_cpp/share/ament_index/resource_index/packages/sentry_waypoint_loader_cpp
[27.340s] -- Installing: /home/sentry_ws/src/install/sentry_waypoint_loader_cpp/share/ament_index/resource_index/nav2_core__pluginlib__plugin/sentry_waypoint_loader_cpp
[27.340s] -- Up-to-date: /home/sentry_ws/src/install/sentry_waypoint_loader_cpp/share/sentry_waypoint_loader_cpp/cmake/sentry_waypoint_loader_cppConfig.cmake
[27.340s] -- Up-to-date: /home/sentry_ws/src/install/sentry_waypoint_loader_cpp/share/sentry_waypoint_loader_cpp/cmake/sentry_waypoint_loader_cppConfig-version.cmake
[27.340s] -- Installing: /home/sentry_ws/src/install/sentry_waypoint_loader_cpp/share/sentry_waypoint_loader_cpp/package.xml
[27.342s] Invoked command in '/home/sentry_ws/src/build/sentry_waypoint_loader_cpp' returned '0': CMAKE_PREFIX_PATH=${CMAKE_PREFIX_PATH}:/home/sentry_ws/install/control_panel:/opt/ros/humble /usr/bin/cmake --install /home/sentry_ws/src/build/sentry_waypoint_loader_cpp
