[0.285s] Invoking command in '/home/sentry_ws/src/build/terrain_analysis': CMAKE_PREFIX_PATH=${CMAKE_PREFIX_PATH}:/home/sentry_ws/install/control_panel:/opt/ros/humble /usr/bin/cmake /home/sentry_ws/src/autonomous_exploration_development_environment/src/terrain_analysis -DCMAKE_INSTALL_PREFIX=/home/sentry_ws/src/install/terrain_analysis
[1.143s] -- The C compiler identification is GNU 11.4.0
[1.143s] -- The CXX compiler identification is GNU 11.4.0
[1.143s] -- Detecting C compiler ABI info
[1.143s] -- Detecting C compiler ABI info - done
[1.143s] -- Check for working C compiler: /usr/bin/cc - skipped
[1.144s] -- Detecting C compile features
[1.144s] -- Detecting C compile features - done
[1.144s] -- Detecting CXX compiler ABI info
[1.144s] -- Detecting CXX compiler ABI info - done
[1.144s] -- Check for working CXX compiler: /usr/bin/c++ - skipped
[1.144s] -- Detecting CXX compile features
[1.144s] -- Detecting CXX compile features - done
[1.144s] -- Found ament_cmake: 1.3.6 (/opt/ros/humble/share/ament_cmake/cmake)
[1.145s] -- Found Python3: /usr/bin/python3.10 (found version "3.10.12") found components: Interpreter 
[1.181s] -- Found rclcpp: 16.0.5 (/opt/ros/humble/share/rclcpp/cmake)
[1.260s] -- Found rosidl_generator_c: 3.1.5 (/opt/ros/humble/share/rosidl_generator_c/cmake)
[1.274s] -- Found rosidl_adapter: 3.1.5 (/opt/ros/humble/share/rosidl_adapter/cmake)
[1.293s] -- Found rosidl_generator_cpp: 3.1.5 (/opt/ros/humble/share/rosidl_generator_cpp/cmake)
[1.319s] -- Using all available rosidl_typesupport_c: rosidl_typesupport_fastrtps_c;rosidl_typesupport_introspection_c
[1.358s] -- Using all available rosidl_typesupport_cpp: rosidl_typesupport_fastrtps_cpp;rosidl_typesupport_introspection_cpp
[1.478s] -- Found rmw_implementation_cmake: 6.1.1 (/opt/ros/humble/share/rmw_implementation_cmake/cmake)
[1.485s] -- Found rmw_fastrtps_cpp: 6.2.3 (/opt/ros/humble/share/rmw_fastrtps_cpp/cmake)
[1.648s] -- Found OpenSSL: /usr/lib/x86_64-linux-gnu/libcrypto.so (found version "3.0.2")  
[1.690s] -- Found FastRTPS: /opt/ros/humble/include  
[1.770s] -- Using RMW implementation 'rmw_fastrtps_cpp' as default
[1.799s] -- Looking for pthread.h
[2.001s] -- Looking for pthread.h - found
[2.002s] -- Performing Test CMAKE_HAVE_LIBC_PTHREAD
[2.136s] -- Performing Test CMAKE_HAVE_LIBC_PTHREAD - Success
[2.138s] -- Found Threads: TRUE  
[2.329s] -- Found nav_msgs: 4.2.3 (/opt/ros/humble/share/nav_msgs/cmake)
[2.497s] -- Found sensor_msgs: 4.2.3 (/opt/ros/humble/share/sensor_msgs/cmake)
[2.608s] -- Found tf2_ros: 0.25.3 (/opt/ros/humble/share/tf2_ros/cmake)
[2.921s] -- Found tf2_geometry_msgs: 0.25.3 (/opt/ros/humble/share/tf2_geometry_msgs/cmake)
[2.954s] -- Found eigen3_cmake_module: 0.1.1 (/opt/ros/humble/share/eigen3_cmake_module/cmake)
[2.955s] -- Found Eigen3: TRUE (found version "3.4.0") 
[2.955s] -- Ensuring Eigen3 include directory is part of orocos-kdl CMake target
[2.967s] -- Found pcl_conversions: 2.4.0 (/opt/ros/humble/share/pcl_conversions/cmake)
[3.367s] -- Found pcl_ros: 2.4.0 (/opt/ros/humble/share/pcl_ros/cmake)
[4.054s] -- Checking for module 'eigen3'
[4.192s] --   Found eigen3, version 3.4.0
[4.459s] -- Found Eigen: /usr/include/eigen3 (Required is at least version "3.1") 
[4.459s] -- Eigen found (include: /usr/include/eigen3, version: 3.4.0)
[4.890s] -- Checking for module 'flann'
[5.006s] --   Found flann, version 1.9.1
