[0.470s] Invoking command in '/home/sentry_ws/src/build/rm_interfaces': CMAKE_PREFIX_PATH=${CMAKE_PREFIX_PATH}:/home/sentry_ws/install/control_panel:/opt/ros/humble /usr/bin/cmake --build /home/sentry_ws/src/build/rm_interfaces -- -j16 -l16
[0.833s] [  1%] [34m[1mGenerating C code for ROS interfaces[0m
[0.834s] [  2%] [34m[1mGenerating C++ code for ROS interfaces[0m
[0.871s] [  2%] Built target ament_cmake_python_copy_rm_interfaces
[1.905s] running egg_info
[1.906s] creating rm_interfaces.egg-info
[1.906s] writing rm_interfaces.egg-info/PKG-INFO
[1.906s] writing dependency_links to rm_interfaces.egg-info/dependency_links.txt
[1.907s] writing top-level names to rm_interfaces.egg-info/top_level.txt
[1.907s] writing manifest file 'rm_interfaces.egg-info/SOURCES.txt'
[1.912s] reading manifest file 'rm_interfaces.egg-info/SOURCES.txt'
[1.919s] writing manifest file 'rm_interfaces.egg-info/SOURCES.txt'
[2.092s] [  2%] Built target ament_cmake_python_build_rm_interfaces_egg
[3.247s] gmake[2]: *** Deleting file 'rosidl_generator_cpp/rm_interfaces/msg/detail/gimbal_cmd__traits.hpp'
[3.247s] gmake[2]: *** Deleting file 'rosidl_generator_cpp/rm_interfaces/msg/detail/gimbal_cmd__struct.hpp'
[3.247s] gmake[2]: *** [CMakeFiles/rm_interfaces__cpp.dir/build.make:240: rosidl_generator_cpp/rm_interfaces/msg/detail/gimbal_cmd__struct.hpp] Interrupt
[3.247s] gmake[2]: *** [CMakeFiles/rm_interfaces__cpp.dir/build.make:243: rosidl_generator_cpp/rm_interfaces/msg/detail/gimbal_cmd__traits.hpp] Interrupt
[3.247s] gmake[1]: *** [CMakeFiles/Makefile2:317: CMakeFiles/rm_interfaces__cpp.dir/all] Interrupt
[3.266s] gmake[2]: *** Deleting file 'rosidl_generator_c/rm_interfaces/msg/detail/gimbal_cmd__type_support.h'
[3.266s] gmake[2]: *** Deleting file 'rosidl_generator_c/rm_interfaces/msg/detail/gimbal_cmd__struct.h'
[3.266s] gmake[2]: *** Deleting file 'rosidl_generator_c/rm_interfaces/msg/detail/gimbal_cmd__functions.h'
[3.276s] gmake[2]: *** [CMakeFiles/rm_interfaces__rosidl_generator_c.dir/build.make:213: rosidl_generator_c/rm_interfaces/msg/detail/gimbal_cmd__functions.h] Interrupt
[3.276s] gmake[2]: *** [CMakeFiles/rm_interfaces__rosidl_generator_c.dir/build.make:216: rosidl_generator_c/rm_interfaces/msg/detail/gimbal_cmd__struct.h] Interrupt
[3.276s] gmake[2]: *** [CMakeFiles/rm_interfaces__rosidl_generator_c.dir/build.make:219: rosidl_generator_c/rm_interfaces/msg/detail/gimbal_cmd__type_support.h] Interrupt
[3.278s] gmake[1]: *** [CMakeFiles/Makefile2:212: CMakeFiles/rm_interfaces__rosidl_generator_c.dir/all] Interrupt
[3.280s] gmake: *** [Makefile:146: all] Interrupt
