-- Install configuration: ""
-- Installing: /home/sentry_ws/src/install/sentry_bringup/share/sentry_bringup/launch
-- Installing: /home/sentry_ws/src/install/sentry_bringup/share/sentry_bringup/launch/bringup_all_in_one.launch.py
-- Installing: /home/sentry_ws/src/install/sentry_bringup/share/sentry_bringup/launch/relocalization.launch.py
-- Installing: /home/sentry_ws/src/install/sentry_bringup/share/sentry_bringup/launch/octomap_server_intensity.launch.py
-- Installing: /home/sentry_ws/src/install/sentry_bringup/share/sentry_bringup/launch/navigation.launch.py
-- Installing: /home/sentry_ws/src/install/sentry_bringup/share/sentry_bringup/launch/__pycache__
-- Installing: /home/sentry_ws/src/install/sentry_bringup/share/sentry_bringup/launch/__pycache__/carto.launch.cpython-310.pyc
-- Installing: /home/sentry_ws/src/install/sentry_bringup/share/sentry_bringup/launch/__pycache__/rmul_bringup.cpython-310.pyc
-- Installing: /home/sentry_ws/src/install/sentry_bringup/share/sentry_bringup/launch/__pycache__/map_server.launch.cpython-310.pyc
-- Installing: /home/sentry_ws/src/install/sentry_bringup/share/sentry_bringup/launch/__pycache__/octomap_server_intensity.launch.cpython-310.pyc
-- Installing: /home/sentry_ws/src/install/sentry_bringup/share/sentry_bringup/launch/__pycache__/bringup_all_in_one.cpython-310.pyc
-- Installing: /home/sentry_ws/src/install/sentry_bringup/share/sentry_bringup/launch/__pycache__/view_map.cpython-310.pyc
-- Installing: /home/sentry_ws/src/install/sentry_bringup/share/sentry_bringup/launch/__pycache__/mapping.cpython-310.pyc
-- Installing: /home/sentry_ws/src/install/sentry_bringup/share/sentry_bringup/launch/__pycache__/static_trans.cpython-310.pyc
-- Installing: /home/sentry_ws/src/install/sentry_bringup/share/sentry_bringup/launch/__pycache__/mapping.launch.cpython-310.pyc
-- Installing: /home/sentry_ws/src/install/sentry_bringup/share/sentry_bringup/launch/mapping.launch.py
-- Installing: /home/sentry_ws/src/install/sentry_bringup/share/sentry_bringup/launch/simulation_bringup.launch.py
-- Installing: /home/sentry_ws/src/install/sentry_bringup/share/sentry_bringup/maps
-- Installing: /home/sentry_ws/src/install/sentry_bringup/share/sentry_bringup/maps/oringin
-- Installing: /home/sentry_ws/src/install/sentry_bringup/share/sentry_bringup/maps/oringin/test_map.pgm
-- Installing: /home/sentry_ws/src/install/sentry_bringup/share/sentry_bringup/maps/oringin/test_map.yaml
-- Installing: /home/sentry_ws/src/install/sentry_bringup/share/sentry_bringup/maps/oringin/test.pcd
-- Installing: /home/sentry_ws/src/install/sentry_bringup/share/sentry_bringup/maps/all_raw_points.pcd
