[0.300s] Invoking command in '/home/sentry_ws/src/build/sensor_scan_generation': CMAKE_PREFIX_PATH=${CMAKE_PREFIX_PATH}:/home/sentry_ws/install/control_panel:/opt/ros/humble /usr/bin/cmake /home/sentry_ws/src/autonomous_exploration_development_environment/src/sensor_scan_generation -DCMAKE_INSTALL_PREFIX=/home/sentry_ws/src/install/sensor_scan_generation
[0.379s] -- The C compiler identification is GNU 11.4.0
[0.449s] -- The CXX compiler identification is GNU 11.4.0
[0.459s] -- Detecting C compiler ABI info
[0.549s] -- Detecting C compiler ABI info - done
[0.560s] -- Check for working C compiler: /usr/bin/cc - skipped
[0.561s] -- Detecting C compile features
[0.561s] -- Detecting C compile features - done
[0.565s] -- Detecting CXX compiler ABI info
[0.712s] -- Detecting CXX compiler ABI info - done
[0.721s] -- Check for working CXX compiler: /usr/bin/c++ - skipped
[0.722s] -- Detecting CXX compile features
[0.723s] -- Detecting CXX compile features - done
[0.731s] -- Found ament_cmake: 1.3.6 (/opt/ros/humble/share/ament_cmake/cmake)
[0.966s] -- Found Python3: /usr/bin/python3.10 (found version "3.10.12") found components: Interpreter 
[1.126s] -- Found rclcpp: 16.0.5 (/opt/ros/humble/share/rclcpp/cmake)
[1.222s] -- Found rosidl_generator_c: 3.1.5 (/opt/ros/humble/share/rosidl_generator_c/cmake)
[1.233s] -- Found rosidl_adapter: 3.1.5 (/opt/ros/humble/share/rosidl_adapter/cmake)
[1.247s] -- Found rosidl_generator_cpp: 3.1.5 (/opt/ros/humble/share/rosidl_generator_cpp/cmake)
[1.267s] -- Using all available rosidl_typesupport_c: rosidl_typesupport_fastrtps_c;rosidl_typesupport_introspection_c
[1.293s] -- Using all available rosidl_typesupport_cpp: rosidl_typesupport_fastrtps_cpp;rosidl_typesupport_introspection_cpp
[1.382s] -- Found rmw_implementation_cmake: 6.1.1 (/opt/ros/humble/share/rmw_implementation_cmake/cmake)
[1.389s] -- Found rmw_fastrtps_cpp: 6.2.3 (/opt/ros/humble/share/rmw_fastrtps_cpp/cmake)
[1.521s] -- Found OpenSSL: /usr/lib/x86_64-linux-gnu/libcrypto.so (found version "3.0.2")  
[1.570s] -- Found FastRTPS: /opt/ros/humble/include  
[1.663s] -- Using RMW implementation 'rmw_fastrtps_cpp' as default
[1.686s] -- Looking for pthread.h
[1.787s] -- Looking for pthread.h - found
[1.788s] -- Performing Test CMAKE_HAVE_LIBC_PTHREAD
[1.897s] -- Performing Test CMAKE_HAVE_LIBC_PTHREAD - Success
[1.898s] -- Found Threads: TRUE  
[2.048s] -- Found nav_msgs: 4.2.3 (/opt/ros/humble/share/nav_msgs/cmake)
[2.153s] -- Found sensor_msgs: 4.2.3 (/opt/ros/humble/share/sensor_msgs/cmake)
[2.232s] -- Found tf2_ros: 0.25.3 (/opt/ros/humble/share/tf2_ros/cmake)
[2.556s] -- Found tf2_geometry_msgs: 0.25.3 (/opt/ros/humble/share/tf2_geometry_msgs/cmake)
[2.596s] -- Found eigen3_cmake_module: 0.1.1 (/opt/ros/humble/share/eigen3_cmake_module/cmake)
[2.597s] -- Found Eigen3: TRUE (found version "3.4.0") 
[2.597s] -- Ensuring Eigen3 include directory is part of orocos-kdl CMake target
[2.840s] -- Found pcl_conversions: 2.4.0 (/opt/ros/humble/share/pcl_conversions/cmake)
[3.388s] -- Found pcl_ros: 2.4.0 (/opt/ros/humble/share/pcl_ros/cmake)
[4.076s] -- Checking for module 'eigen3'
[4.243s] --   Found eigen3, version 3.4.0
[4.512s] -- Found Eigen: /usr/include/eigen3 (Required is at least version "3.1") 
[4.512s] -- Eigen found (include: /usr/include/eigen3, version: 3.4.0)
[4.895s] -- Checking for module 'flann'
