[0.095s] Invoking command in '/home/sentry_ws/src/build/livox_ros_driver2': CMAKE_PREFIX_PATH=${CMAKE_PREFIX_PATH}:/home/sentry_ws/install/control_panel:/opt/ros/humble /usr/bin/cmake /home/sentry_ws/src/livox_ros_driver2 -DCMAKE_INSTALL_PREFIX=/home/sentry_ws/src/install/livox_ros_driver2
[0.361s] -- The C compiler identification is GNU 11.4.0
[0.373s] -- The CXX compiler identification is GNU 11.4.0
[0.384s] -- Detecting C compiler ABI info
[0.517s] -- Detecting C compiler ABI info - done
[0.525s] -- Check for working C compiler: /usr/bin/cc - skipped
[0.525s] -- Detecting C compile features
[0.526s] -- Detecting C compile features - done
[0.529s] -- Detecting CXX compiler ABI info
[0.663s] -- Detecting CXX compiler ABI info - done
[0.673s] -- Check for working CXX compiler: /usr/bin/c++ - skipped
[0.673s] -- Detecting CXX compile features
[0.674s] -- Detecting CXX compile features - done
[0.675s] -- livox_ros_driver2 version: 1.0.0
[0.707s] -- Found ament_cmake_auto: 1.3.5 (/opt/ros/humble/share/ament_cmake_auto/cmake)
[0.964s] -- Found Python3: /usr/bin/python3.10 (found version "3.10.12") found components: Interpreter 
[1.385s] -- Using all available rosidl_typesupport_c: rosidl_typesupport_fastrtps_c;rosidl_typesupport_introspection_c
[1.401s] -- Found rosidl_adapter: 3.1.5 (/opt/ros/humble/share/rosidl_adapter/cmake)
[1.473s] -- Using all available rosidl_typesupport_cpp: rosidl_typesupport_fastrtps_cpp;rosidl_typesupport_introspection_cpp
[1.657s] -- Found rmw_implementation_cmake: 6.1.1 (/opt/ros/humble/share/rmw_implementation_cmake/cmake)
[1.665s] -- Found rmw_fastrtps_cpp: 6.2.3 (/opt/ros/humble/share/rmw_fastrtps_cpp/cmake)
[1.831s] -- Found OpenSSL: /usr/lib/x86_64-linux-gnu/libcrypto.so (found version "3.0.2")  
[1.880s] -- Found FastRTPS: /opt/ros/humble/include  
[1.958s] -- Using RMW implementation 'rmw_fastrtps_cpp' as default
[1.977s] -- Looking for pthread.h
[2.231s] -- Looking for pthread.h - found
[2.231s] -- Performing Test CMAKE_HAVE_LIBC_PTHREAD
[2.371s] -- Performing Test CMAKE_HAVE_LIBC_PTHREAD - Success
[2.373s] -- Found Threads: TRUE  
[3.906s] -- Found eigen3_cmake_module: 0.1.1 (/opt/ros/humble/share/eigen3_cmake_module/cmake)
[3.909s] -- Found Eigen3: TRUE (found version "3.4.0") 
[3.910s] -- Ensuring Eigen3 include directory is part of orocos-kdl CMake target
[4.533s] -- Checking for module 'eigen3'
[4.586s] --   Found eigen3, version 3.4.0
[4.781s] -- Found Eigen: /usr/include/eigen3 (Required is at least version "3.1") 
[4.781s] -- Eigen found (include: /usr/include/eigen3, version: 3.4.0)
[4.940s] -- Checking for module 'flann'
[5.074s] --   Found flann, version 1.9.1
