[0.304s] Invoking command in '/home/sentry_ws/src/build/rm_interfaces': CMAKE_PREFIX_PATH=${CMAKE_PREFIX_PATH}:/home/sentry_ws/install/control_panel:/opt/ros/humble /usr/bin/cmake /home/sentry_ws/src/rm_interfaces -DCMAKE_INSTALL_PREFIX=/home/sentry_ws/src/install/rm_interfaces
[0.417s] -- The C compiler identification is GNU 11.4.0
[0.536s] -- The CXX compiler identification is GNU 11.4.0
[0.550s] -- Detecting C compiler ABI info
[0.649s] -- Detecting C compiler ABI info - done
[0.658s] -- Check for working C compiler: /usr/bin/cc - skipped
[0.659s] -- Detecting C compile features
[0.659s] -- Detecting C compile features - done
[0.663s] -- Detecting CXX compiler ABI info
[0.786s] -- Detecting CXX compiler ABI info - done
[0.796s] -- Check for working CXX compiler: /usr/bin/c++ - skipped
[0.796s] -- Detecting CXX compile features
[0.796s] -- Detecting CXX compile features - done
[0.805s] -- Found ament_cmake: 1.3.6 (/opt/ros/humble/share/ament_cmake/cmake)
[1.024s] -- Found Python3: /usr/bin/python3.10 (found version "3.10.12") found components: Interpreter 
[1.196s] -- Found rosidl_default_generators: 1.2.0 (/opt/ros/humble/share/rosidl_default_generators/cmake)
[1.207s] -- Using all available rosidl_typesupport_c: rosidl_typesupport_fastrtps_c;rosidl_typesupport_introspection_c
[1.227s] -- Found rosidl_adapter: 3.1.5 (/opt/ros/humble/share/rosidl_adapter/cmake)
[1.297s] -- Using all available rosidl_typesupport_cpp: rosidl_typesupport_fastrtps_cpp;rosidl_typesupport_introspection_cpp
[1.467s] -- Found std_msgs: 4.2.3 (/opt/ros/humble/share/std_msgs/cmake)
[1.560s] -- Found geometry_msgs: 4.2.3 (/opt/ros/humble/share/geometry_msgs/cmake)
[1.633s] -- Found nav_msgs: 4.2.3 (/opt/ros/humble/share/nav_msgs/cmake)
[2.292s] -- Found ament_cmake_ros: 0.10.0 (/opt/ros/humble/share/ament_cmake_ros/cmake)
[3.050s] -- Using all available rosidl_typesupport_c: rosidl_typesupport_fastrtps_c;rosidl_typesupport_introspection_c
[3.565s] -- Using all available rosidl_typesupport_cpp: rosidl_typesupport_fastrtps_cpp;rosidl_typesupport_introspection_cpp
[3.715s] -- Found PythonInterp: /usr/bin/python3 (found suitable version "3.10.12", minimum required is "3.6") 
[3.795s] -- Found python_cmake_module: 0.10.0 (/opt/ros/humble/share/python_cmake_module/cmake)
[4.075s] -- Found PythonLibs: /usr/lib/x86_64-linux-gnu/libpython3.10.so (found suitable version "3.10.12", minimum required is "3.5") 
[4.075s] -- Using PYTHON_EXECUTABLE: /usr/bin/python3
[4.075s] -- Using PYTHON_INCLUDE_DIRS: /usr/include/python3.10
[4.075s] -- Using PYTHON_LIBRARIES: /usr/lib/x86_64-linux-gnu/libpython3.10.so
[4.159s] -- Found PythonExtra: .so  
[4.505s] -- Configuring done
[4.622s] -- Generating done
[4.629s] -- Build files have been written to: /home/sentry_ws/src/build/rm_interfaces
[4.662s] Invoked command in '/home/sentry_ws/src/build/rm_interfaces' returned '0': CMAKE_PREFIX_PATH=${CMAKE_PREFIX_PATH}:/home/sentry_ws/install/control_panel:/opt/ros/humble /usr/bin/cmake /home/sentry_ws/src/rm_interfaces -DCMAKE_INSTALL_PREFIX=/home/sentry_ws/src/install/rm_interfaces
[4.663s] Invoking command in '/home/sentry_ws/src/build/rm_interfaces': CMAKE_PREFIX_PATH=${CMAKE_PREFIX_PATH}:/home/sentry_ws/install/control_panel:/opt/ros/humble /usr/bin/cmake --build /home/sentry_ws/src/build/rm_interfaces -- -j16 -l16
[4.812s] [  1%] [34m[1mGenerating C code for ROS interfaces[0m
[4.880s] [  2%] [34m[1mGenerating C++ code for ROS interfaces[0m
[5.039s] Traceback (most recent call last):
[5.040s]   File "/opt/ros/humble/share/rosidl_generator_cpp/cmake/../../../lib/rosidl_generator_cpp/rosidl_generator_cpp", line 8, in <module>
[5.040s]     from rosidl_generator_cpp import generate_cpp
[5.040s]   File "/opt/ros/humble/local/lib/python3.10/dist-packages/rosidl_generator_cpp/__init__.py", line 17, in <module>
[5.040s] Traceback (most recent call last):
[5.040s]   File "/usr/lib/python3/dist-packages/lark/load_grammar.py", line 918, in _get_parser
[5.040s] [  2%] Built target ament_cmake_python_copy_rm_interfaces
[5.042s] gmake[2]: *** [CMakeFiles/ament_cmake_python_build_rm_interfaces_egg.dir/build.make:85: CMakeFiles/ament_cmake_python_build_rm_interfaces_egg.dir/depend] Interrupt
[5.042s] gmake[1]: *** [CMakeFiles/Makefile2:446: CMakeFiles/ament_cmake_python_build_rm_interfaces_egg.dir/all] Interrupt
[5.060s]     from rosidl_cmake import generate_files
[5.060s]   File "/opt/ros/humble/local/lib/python3.10/dist-packages/rosidl_cmake/__init__.py", line 24, in <module>
[5.061s]     from rosidl_parser.parser import parse_idl_file
[5.062s]   File "/opt/ros/humble/local/lib/python3.10/dist-packages/rosidl_parser/parser.py", line 20, in <module>
[5.062s]     from lark import Lark
[5.062s]   File "/usr/lib/python3/dist-packages/lark/__init__.py", line 7, in <module>
[5.062s]     return _get_parser.cache
[5.062s] AttributeError: 'function' object has no attribute 'cache'
[5.062s] 
[5.062s] During handling of the above exception, another exception occurred:
[5.062s] 
[5.062s] Traceback (most recent call last):
[5.062s]   File "/opt/ros/humble/share/rosidl_generator_c/cmake/../../../lib/rosidl_generator_c/rosidl_generator_c", line 38, in <module>
[5.062s]     sys.exit(main())
[5.062s]   File "/opt/ros/humble/share/rosidl_generator_c/cmake/../../../lib/rosidl_generator_c/rosidl_generator_c", line 34, in main
[5.062s]     generate_c(args.generator_arguments_file)
[5.062s]   File "/opt/ros/humble/local/lib/python3.10/dist-packages/rosidl_generator_c/__init__.py", line 37, in generate_c
[5.062s]     return generate_files(
[5.062s]   File "/opt/ros/humble/local/lib/python3.10/dist-packages/rosidl_cmake/__init__.py", line 74, in generate_files
[5.063s]     idl_file = parse_idl_file(locator)
[5.063s]   File "/opt/ros/humble/local/lib/python3.10/dist-packages/rosidl_parser/parser.py", line 64, in parse_idl_file
[5.063s]     content = parse_idl_string(string, png_file=png_file)
[5.063s]   File "/opt/ros/humble/local/lib/python3.10/dist-packages/rosidl_parser/parser.py", line 72, in parse_idl_string
[5.063s]     tree = get_ast_from_idl_string(idl_string)
[5.063s]   File "/opt/ros/humble/local/lib/python3.10/dist-packages/rosidl_parser/parser.py", line 88, in get_ast_from_idl_string
[5.063s]     _parser = Lark(grammar, start='specification', maybe_placeholders=False)
[5.063s]   File "/usr/lib/python3/dist-packages/lark/lark.py", line 333, in __init__
[5.066s]     from .lark import Lark
[5.066s]   File "/usr/lib/python3/dist-packages/lark/lark.py", line 3, in <module>
[5.068s]     import tempfile
[5.068s]   File "/usr/lib/python3.10/tempfile.py", line 184, in <module>
[5.068s]     self.grammar, used_files = load_grammar(grammar, self.source_path, self.options.import_paths, self.options.keep_all_tokens)
[5.068s]   File "/usr/lib/python3/dist-packages/lark/load_grammar.py", line 1408, in load_grammar
[5.068s]     builder.load_grammar(grammar, source)
[5.068s]   File "/usr/lib/python3/dist-packages/lark/load_grammar.py", line 1233, in load_grammar
[5.068s]     tree = _parse_grammar(grammar_text, grammar_name)
[5.068s]   File "/usr/lib/python3/dist-packages/lark/load_grammar.py", line 961, in _parse_grammar
[5.068s]     tree = _get_parser().parse(text + '\n', start)
[5.068s]   File "/usr/lib/python3/dist-packages/lark/load_grammar.py", line 933, in _get_parser
[5.068s]     _get_parser.cache = ParsingFrontend(lexer_conf, parser_conf, None)
[5.068s]   File "/usr/lib/python3/dist-packages/lark/parser_frontends.py", line 57, in __init__
[5.090s]     from random import Random as _Random
[5.091s]   File "/usr/lib/python3.10/random.py", line 58, in <module>
[5.091s]     self.parser = create_parser(lexer_conf, parser_conf, options)
[5.091s]   File "/usr/lib/python3/dist-packages/lark/parser_frontends.py", line 154, in create_lalr_parser
[5.091s]     return cls(parser_conf, debug=debug)
[5.091s]   File "/usr/lib/python3/dist-packages/lark/parsers/lalr_parser.py", line 19, in __init__
[5.097s]     import _random
[5.098s]     analysis.compute_lalr()
[5.098s]   File "<frozen importlib._bootstrap>", line 1027, in _find_and_load
[5.098s]   File "/usr/lib/python3/dist-packages/lark/parsers/lalr_analysis.py", line 304, in compute_lalr
[5.099s]     self.compute_lalr1_states()
[5.099s]   File "/usr/lib/python3/dist-packages/lark/parsers/lalr_analysis.py", line 269, in compute_lalr1_states
[5.099s]     actions[la] = (Reduce, list(rules)[0])
[5.099s] KeyboardInterrupt
[5.099s]   File "<frozen importlib._bootstrap>", line 1002, in _find_and_load_unlocked
[5.099s]   File "<frozen importlib._bootstrap>", line 945, in _find_spec
[5.099s]   File "<frozen importlib._bootstrap>", line 751, in find_spec
[5.099s]   File "<frozen importlib._bootstrap>", line 423, in spec_from_loader
[5.099s] KeyboardInterrupt
[5.110s] gmake[2]: *** [CMakeFiles/rm_interfaces__cpp.dir/build.make:186: rosidl_generator_cpp/rm_interfaces/msg/game_state.hpp] Interrupt
[5.110s] gmake[1]: *** [CMakeFiles/Makefile2:317: CMakeFiles/rm_interfaces__cpp.dir/all] Interrupt
[5.112s] gmake[2]: *** [CMakeFiles/rm_interfaces__rosidl_generator_c.dir/build.make:162: rosidl_generator_c/rm_interfaces/msg/game_state.h] Interrupt
[5.113s] gmake[1]: *** [CMakeFiles/Makefile2:212: CMakeFiles/rm_interfaces__rosidl_generator_c.dir/all] Interrupt
[5.113s] gmake: *** [Makefile:146: all] Interrupt
